******************************************************************************
                  TI ARM Linker PC v5.2.5                      
******************************************************************************
>> Linked Mon Nov 16 20:57:06 2015

OUTPUT FILE NAME:   <pwm_fydp.out>
ENTRY POINT SYMBOL: "_c_int00"  address: 20008541


MEMORY CONFIGURATION

         name            origin    length      used     unused   attr    fill
----------------------  --------  ---------  --------  --------  ----  --------
  SRAM_CODE             20004000   00013000  00004eee  0000e112  RW X
  SRAM_DATA             20017000   00019000  000011bc  00017e44  RW X


SEGMENT ALLOCATION MAP

run origin  load origin   length   init length attrs members
----------  ----------- ---------- ----------- ----- -------
20004000    20004000    00004ef8   00004ef8    r-x
  20004000    20004000    00000400   00000400    r-- .intvecs
  20004400    20004400    00004682   00004682    r-x .text
  20008a88    20008a88    000003f4   000003f4    r-- .const
  20008e80    20008e80    00000078   00000078    r-- .cinit
20017000    20017000    000009bc   00000000    rw-
  20017000    20017000    00000800   00000000    rw- .sysmem
  20017800    20017800    00000160   00000000    rw- .data
  20017960    20017960    0000005c   00000000    rw- .bss
2002f800    2002f800    00000800   00000000    rw-
  2002f800    2002f800    00000800   00000000    rw- .stack


SECTION ALLOCATION MAP

 output                                  attributes/
section   page    origin      length       input sections
--------  ----  ----------  ----------   ----------------
.intvecs   0    20004000    00000400     
                  20004000    00000400     startup_ccs.obj (.intvecs)

.init_array 
*          0    20004000    00000000     UNINITIALIZED

.text      0    20004400    00004682     
                  20004400    000010a6     rtsv7M4_T_le_eabi.lib : _printfi.obj (.text)
                  200054a6    00000002     --HOLE-- [fill = 0]
                  200054a8    00000906                           : _scanfi.obj (.text)
                  20005dae    00000002     --HOLE-- [fill = 0]
                  20005db0    000004cc     main.obj (.text)
                  2000627c    000003dc     rtsv7M4_T_le_eabi.lib : memory.obj (.text)
                  20006658    00000280     uart_if.obj (.text)
                  200068d8    00000238     rtsv7M4_T_le_eabi.lib : strtod.obj (.text)
                  20006b10    000001f4                           : ull_div_t2.obj (.text)
                  20006d04    000001e4                           : strtoll.obj (.text)
                  20006ee8    000001b6                           : fd_add_t2.obj (.text)
                  2000709e    00000002     --HOLE-- [fill = 0]
                  200070a0    0000016c                           : strtoull.obj (.text)
                  2000720c    00000136                           : fd_div_t2.obj (.text)
                  20007342    00000002     --HOLE-- [fill = 0]
                  20007344    00000134     driverlib.a : prcm.obj (.text:PRCMCC3200MCUInit)
                  20007478    00000134     rtsv7M4_T_le_eabi.lib : strtol.obj (.text)
                  200075ac    00000114                           : strtoul.obj (.text)
                  200076c0    00000110                           : xdscale.obj (.text)
                  200077d0    000000fc                           : fd_mul_t2.obj (.text)
                  200078cc    000000e0     sma.obj (.text)
                  200079ac    000000cc     rtsv7M4_T_le_eabi.lib : sscanf.obj (.text)
                  20007a78    000000be                           : xdnorm.obj (.text)
                  20007b36    00000002     --HOLE-- [fill = 0]
                  20007b38    000000a8     driverlib.a : interrupt.obj (.text:IntEnable)
                  20007be0    0000009c     rtsv7M4_T_le_eabi.lib : memcpy_t2.obj (.text)
                  20007c7c    00000094     driverlib.a : prcm.obj (.text:PRCMPeripheralClockGet)
                  20007d10    00000088                 : pin.obj (.text:PinConfigSet)
                  20007d98    00000088     rtsv7M4_T_le_eabi.lib : vsnprintf.obj (.text)
                  20007e20    00000086                           : fd_cmp_t2.obj (.text:__aeabi_cdcmple)
                  20007ea6    00000086                           : fd_cmp_t2.obj (.text:__aeabi_cdrcmple)
                  20007f2c    0000007a                           : memset_t2.obj (.text)
                  20007fa6    00000076     driverlib.a : uart.obj (.text:UARTConfigSetExpClk)
                  2000801c    0000006c     rtsv7M4_T_le_eabi.lib : autoinit.obj (.text)
                  20008088    0000006a                           : copy_decompress_rle.obj (.text)
                  200080f2    00000066                           : xdunscal.obj (.text)
                  20008158    00000058     driverlib.a : prcm.obj (.text:PRCMPeripheralReset)
                  200081b0    00000056     rtsv7M4_T_le_eabi.lib : ltoa.obj (.text)
                  20008206    00000002     --HOLE-- [fill = 0]
                  20008208    0000004c                           : atoi.obj (.text)
                  20008254    0000004c                           : cpy_tbl.obj (.text)
                  200082a0    00000048                           : fd_toi_t2.obj (.text)
                  200082e8    00000048                           : fd_tos_t2.obj (.text)
                  20008330    00000046                           : ldexp.obj (.text)
                  20008376    00000002     --HOLE-- [fill = 0]
                  20008378    00000044     driverlib.a : timer.obj (.text:TimerConfigure)
                  200083bc    00000044     pinmux.obj (.text)
                  20008400    00000044     rtsv7M4_T_le_eabi.lib : exit.obj (.text)
                  20008444    00000040     driverlib.a : pin.obj (.text:PinModeSet)
                  20008484    00000040     rtsv7M4_T_le_eabi.lib : signal.obj (.text)
                  200084c4    00000040                           : strtok.obj (.text)
                  20008504    0000003c     driverlib.a : prcm.obj (.text:PRCMPeripheralClkEnable)
                  20008540    0000003c     rtsv7M4_T_le_eabi.lib : boot.obj (.text)
                  2000857c    00000036     driverlib.a : timer.obj (.text:TimerControlLevel)
                  200085b2    00000002     --HOLE-- [fill = 0]
                  200085b4    00000034     rtsv7M4_T_le_eabi.lib : feraiseexcept.obj (.text)
                  200085e8    00000030     driverlib.a : uart.obj (.text:UARTDisable)
                  20008618    00000030     rtsv7M4_T_le_eabi.lib : xferaise.obj (.text)
                  20008648    0000002e                           : i_tofd_t2.obj (.text)
                  20008676    0000002e                           : raise.obj (.text)
                  200086a4    0000002c     driverlib.a : prcm.obj (.text:PRCMSysResetCauseGet)
                  200086d0    0000002a                 : timer.obj (.text:TimerLoadSet)
                  200086fa    0000002a                 : timer.obj (.text:TimerMatchSet)
                  20008724    0000002a                 : timer.obj (.text:TimerPrescaleSet)
                  2000874e    0000002a     rtsv7M4_T_le_eabi.lib : strspn.obj (.text)
                  20008778    0000002a                           : xdclass.obj (.text)
                  200087a2    00000002     --HOLE-- [fill = 0]
                  200087a4    00000028     driverlib.a : prcm.obj (.text:PRCMPeripheralClkDisable)
                  200087cc    00000024                 : uart.obj (.text:UARTEnable)
                  200087f0    00000024     rtsv7M4_T_le_eabi.lib : memmov.obj (.text)
                  20008814    00000024                           : strcspn.obj (.text)
                  20008838    00000022                           : frexp.obj (.text)
                  2000885a    0000001e     driverlib.a : timer.obj (.text:TimerDisable)
                  20008878    0000001e                 : timer.obj (.text:TimerEnable)
                  20008896    0000001e                 : uart.obj (.text:UARTCharPut)
                  200088b4    0000001c                 : uart.obj (.text:UARTCharGetNonBlocking)
                  200088d0    0000001c     rtsv7M4_T_le_eabi.lib : memccpy.obj (.text)
                  200088ec    0000001a     driverlib.a : pin.obj (.text:PinTypeTimer)
                  20008906    0000001a                 : pin.obj (.text:PinTypeUART)
                  20008920    00000018                 : uart.obj (.text:UARTCharsAvail)
                  20008938    00000018     rtsv7M4_T_le_eabi.lib : args_main.obj (.text)
                  20008950    00000018                           : ll_mul_t2.obj (.text)
                  20008968    00000018                           : strcmp.obj (.text)
                  20008980    00000018                           : strrchr.obj (.text)
                  20008998    00000016     driverlib.a : prcm.obj (.text:PRCMHIBRegRead)
                  200089ae    00000016                 : prcm.obj (.text:PRCMHIBRegWrite)
                  200089c4    00000016     rtsv7M4_T_le_eabi.lib : strchr.obj (.text)
                  200089da    00000014     driverlib.a : cpu.obj (.text:CPUcpsie)
                  200089ee    00000002     --HOLE-- [fill = 0]
                  200089f0    00000014                 : interrupt.obj (.text:IntVTableBaseSet)
                  20008a04    00000014     rtsv7M4_T_le_eabi.lib : _lock.obj (.text)
                  20008a18    00000014                           : strcpy.obj (.text)
                  20008a2c    00000014                           : strlen.obj (.text)
                  20008a40    0000000e                           : copy_decompress_none.obj (.text:decompress:none)
                  20008a4e    0000000e     startup_ccs.obj (.text)
                  20008a5c    0000000c     rtsv7M4_T_le_eabi.lib : copy_zero_init.obj (.text:decompress:ZI)
                  20008a68    0000000a     driverlib.a : interrupt.obj (.text:IntMasterEnable)
                  20008a72    00000006                 : utils.obj (.text:UtilsDelay)
                  20008a78    00000006     rtsv7M4_T_le_eabi.lib : copy_decompress_rle.obj (.text:decompress:rle24)
                  20008a7e    00000004                           : pre_init.obj (.text)

.const     0    20008a88    000003f4     
                  20008a88    00000101     rtsv7M4_T_le_eabi.lib : ctype.obj (.const:.string:_ctypes_)
                  20008b89    00000003     --HOLE-- [fill = 0]
                  20008b8c    00000100     driverlib.a : pin.obj (.const:g_ulPinToPadMap)
                  20008c8c    000000a8                 : prcm.obj (.const:PRCM_PeriphRegsList)
                  20008d34    00000004     --HOLE-- [fill = 0]
                  20008d38    00000098     rtsv7M4_T_le_eabi.lib : strtod.obj (.const)
                  20008dd0    00000080     driverlib.a : interrupt.obj (.const)
                  20008e50    0000001c     sma.obj (.const)
                  20008e6c    00000010     rtsv7M4_T_le_eabi.lib : _scanfi.obj (.const)

.cinit     0    20008e80    00000078     
                  20008e80    0000004e     (.cinit..data.load) [load image, compression = rle]
                  20008ece    00000002     --HOLE-- [fill = 0]
                  20008ed0    0000000c     (__TI_handler_table)
                  20008edc    00000004     --HOLE-- [fill = 0]
                  20008ee0    00000008     (.cinit..bss.load) [load image, compression = zero_init]
                  20008ee8    00000010     (__TI_cinit_table)

.sysmem    0    20017000    00000800     UNINITIALIZED
                  20017000    00000008     rtsv7M4_T_le_eabi.lib : memory.obj (.sysmem)
                  20017008    000007f8     --HOLE--

.data      0    20017800    00000160     UNINITIALIZED
                  20017800    000000b0     rtsv7M4_T_le_eabi.lib : signal.obj (.data:sigtable)
                  200178b0    00000080                           : xvalues.obj (.data)
                  20017930    0000000c                           : memory.obj (.data)
                  2001793c    00000008                           : _lock.obj (.data)
                  20017944    00000008                           : exit.obj (.data)
                  2001794c    00000008                           : feraiseexcept.obj (.data)
                  20017954    00000004                           : errno.obj (.data)
                  20017958    00000004                           : stkdepth_vars.obj (.data)
                  2001795c    00000004                           : strtok.obj (.data)

.TI.persistent 
*          0    20017800    00000000     UNINITIALIZED

.bss       0    20017960    0000005c     UNINITIALIZED
                  20017960    00000058     main.obj (.bss:Hand)
                  200179b8    00000004     (.common:__Errorlog)

.TI.noinit 
*          0    20017960    00000000     UNINITIALIZED

.stack     0    2002f800    00000800     UNINITIALIZED
                  2002f800    00000800     --HOLE--


LINKER GENERATED COPY TABLES

__TI_cinit_table @ 20008ee8 records: 2, size/record: 8, table size: 16
	.data: load addr=20008e80, load size=0000004e bytes, run addr=20017800, run size=00000160 bytes, compression=rle
	.bss: load addr=20008ee0, load size=00000008 bytes, run addr=20017960, run size=0000005c bytes, compression=zero_init


LINKER GENERATED HANDLER TABLE

__TI_handler_table @ 20008ed0 records: 3, size/record: 4, table size: 12
	index: 0, handler: __TI_decompress_rle24
	index: 1, handler: __TI_decompress_none
	index: 2, handler: __TI_zero_init


GLOBAL SYMBOLS: SORTED ALPHABETICALLY BY Name 

address   name                    
-------   ----                    
20008401  C$$EXIT                 
200089db  CPUcpsie                
20006699  ClearTerm               
200078cd  CreateSMA               
20005ee9  DeInitPWMModules        
200066a3  Error                   
2000794d  FingerToSMA             
200066db  GetCmd                  
20017960  Hand                    
20005e91  InitPWMModules          
20006659  InitTerm                
20007915  InitializeHand          
20007b39  IntEnable               
20008a69  IntMasterEnable         
200089f1  IntVTableBaseSet        
20006677  Message                 
20007345  PRCMCC3200MCUInit       
20008999  PRCMHIBRegRead          
200089af  PRCMHIBRegWrite         
200087a5  PRCMPeripheralClkDisable
20008505  PRCMPeripheralClkEnable 
20007c7d  PRCMPeripheralClockGet  
20008159  PRCMPeripheralReset     
200086a5  PRCMSysResetCauseGet    
20007d11  PinConfigSet            
20008445  PinModeSet              
200083bd  PinMuxConfig            
200088ed  PinTypeTimer            
20008907  PinTypeUART             
20005dcf  PwmDutySelection        
2000681b  Report                  
20008a4f  ResetISR                
UNDEFED   SHT$$INIT_ARRAY$$Base   
UNDEFED   SHT$$INIT_ARRAY$$Limit  
20005e47  SetupTimerPWMMode       
20008379  TimerConfigure          
2000857d  TimerControlLevel       
2000885b  TimerDisable            
20008879  TimerEnable             
200086d1  TimerLoadSet            
200086fb  TimerMatchSet           
20008725  TimerPrescaleSet        
20006783  TrimSpace               
200088b5  UARTCharGetNonBlocking  
20008897  UARTCharPut             
20008921  UARTCharsAvail          
20007fa7  UARTConfigSetExpClk     
200085e9  UARTDisable             
200087cd  UARTEnable              
20005db1  UpdateDutyCycle         
20008a73  UtilsDelay              
20008779  _Dclass                 
200178b0  _Denorm                 
20007a79  _Dnorm                  
200076c1  _Dscale                 
200080f3  _Dunscale               
200178c0  _Eps                    
20017954  _Errno                  
2001794c  _Fenv                   
20008619  _Feraise                
200178d0  _Hugeval                
200178e0  _Inf                    
200178f0  _Nan                    
20017910  _Rteps                  
20017900  _Snan                   
20017950  _Tls_setup__Fenv        
20017920  _Xbig                   
20017928  _Zero                   
20030000  __STACK_END             
00000800  __STACK_SIZE            
00000800  __SYSMEM_SIZE           
20008ee8  __TI_CINIT_Base         
20008ef8  __TI_CINIT_Limit        
20008ed0  __TI_Handler_Table_Base 
20008edc  __TI_Handler_Table_Limit
2000801d  __TI_auto_init          
20017944  __TI_cleanup_ptr        
20008a41  __TI_decompress_none    
20008a79  __TI_decompress_rle24   
20017948  __TI_dtors_ptr          
200051a1  __TI_printfi            
20005901  __TI_scanfi             
20008e80  __TI_static_base__      
20008a5d  __TI_zero_init          
20007e21  __aeabi_cdcmpeq         
20007e21  __aeabi_cdcmple         
20007ea7  __aeabi_cdrcmple        
200082e9  __aeabi_d2f             
200082a1  __aeabi_d2iz            
20006ef3  __aeabi_dadd            
2000720d  __aeabi_ddiv            
200077d1  __aeabi_dmul            
20006ee9  __aeabi_dsub            
20008649  __aeabi_i2d             
20008951  __aeabi_lmul            
20007f2d  __aeabi_memclr          
20007f2d  __aeabi_memclr4         
20007f2d  __aeabi_memclr8         
20007be1  __aeabi_memcpy          
20007be1  __aeabi_memcpy4         
20007be1  __aeabi_memcpy8         
20007f2f  __aeabi_memset          
20007f2f  __aeabi_memset4         
20007f2f  __aeabi_memset8         
20006b11  __aeabi_uldivmod        
ffffffff  __binit__               
ffffffff  __c_args__              
2002f800  __stack                 
20008939  _args_main              
20008541  _c_int00                
20008a88  _ctypes_                
2001793c  _lock                   
20008a13  _nop                    
20008a0b  _register_lock          
20008a05  _register_unlock        
20017000  _sys_memory             
20008a7f  _system_pre_init        
20017940  _unlock                 
20008405  abort                   
20008209  atoi                    
ffffffff  binit                   
20006625  calloc                  
20008255  copy_in                 
2000840d  exit                    
200085b5  feraiseexcept           
20006373  free                    
20008839  frexp                   
20004000  g_pfnVectors            
20008331  ldexp                   
200081b1  ltoa                    
20006045  main                    
20017958  main_func_sp            
2000630b  malloc                  
20006541  memalign                
200088d1  memccpy                 
20007be1  memcpy                  
200087f1  memmove                 
20007f35  memset                  
2000627d  minit                   
20005f39  processCommand          
20008677  raise                   
20006435  realloc                 
20008485  signal                  
200079bf  sscanf                  
200089c5  strchr                  
20008969  strcmp                  
20008a19  strcpy                  
20008815  strcspn                 
20008a2d  strlen                  
20008981  strrchr                 
2000874f  strspn                  
200068d9  strtod                  
200084c5  strtok                  
20007479  strtol                  
200068d9  strtold                 
20006d05  strtoll                 
200075ad  strtoul                 
200070a1  strtoull                
20007d99  vsnprintf               
200079ad  vsscanf                 


GLOBAL SYMBOLS: SORTED BY Symbol Address 

address   name                    
-------   ----                    
00000800  __STACK_SIZE            
00000800  __SYSMEM_SIZE           
20004000  g_pfnVectors            
200051a1  __TI_printfi            
20005901  __TI_scanfi             
20005db1  UpdateDutyCycle         
20005dcf  PwmDutySelection        
20005e47  SetupTimerPWMMode       
20005e91  InitPWMModules          
20005ee9  DeInitPWMModules        
20005f39  processCommand          
20006045  main                    
2000627d  minit                   
2000630b  malloc                  
20006373  free                    
20006435  realloc                 
20006541  memalign                
20006625  calloc                  
20006659  InitTerm                
20006677  Message                 
20006699  ClearTerm               
200066a3  Error                   
200066db  GetCmd                  
20006783  TrimSpace               
2000681b  Report                  
200068d9  strtod                  
200068d9  strtold                 
20006b11  __aeabi_uldivmod        
20006d05  strtoll                 
20006ee9  __aeabi_dsub            
20006ef3  __aeabi_dadd            
200070a1  strtoull                
2000720d  __aeabi_ddiv            
20007345  PRCMCC3200MCUInit       
20007479  strtol                  
200075ad  strtoul                 
200076c1  _Dscale                 
200077d1  __aeabi_dmul            
200078cd  CreateSMA               
20007915  InitializeHand          
2000794d  FingerToSMA             
200079ad  vsscanf                 
200079bf  sscanf                  
20007a79  _Dnorm                  
20007b39  IntEnable               
20007be1  __aeabi_memcpy          
20007be1  __aeabi_memcpy4         
20007be1  __aeabi_memcpy8         
20007be1  memcpy                  
20007c7d  PRCMPeripheralClockGet  
20007d11  PinConfigSet            
20007d99  vsnprintf               
20007e21  __aeabi_cdcmpeq         
20007e21  __aeabi_cdcmple         
20007ea7  __aeabi_cdrcmple        
20007f2d  __aeabi_memclr          
20007f2d  __aeabi_memclr4         
20007f2d  __aeabi_memclr8         
20007f2f  __aeabi_memset          
20007f2f  __aeabi_memset4         
20007f2f  __aeabi_memset8         
20007f35  memset                  
20007fa7  UARTConfigSetExpClk     
2000801d  __TI_auto_init          
200080f3  _Dunscale               
20008159  PRCMPeripheralReset     
200081b1  ltoa                    
20008209  atoi                    
20008255  copy_in                 
200082a1  __aeabi_d2iz            
200082e9  __aeabi_d2f             
20008331  ldexp                   
20008379  TimerConfigure          
200083bd  PinMuxConfig            
20008401  C$$EXIT                 
20008405  abort                   
2000840d  exit                    
20008445  PinModeSet              
20008485  signal                  
200084c5  strtok                  
20008505  PRCMPeripheralClkEnable 
20008541  _c_int00                
2000857d  TimerControlLevel       
200085b5  feraiseexcept           
200085e9  UARTDisable             
20008619  _Feraise                
20008649  __aeabi_i2d             
20008677  raise                   
200086a5  PRCMSysResetCauseGet    
200086d1  TimerLoadSet            
200086fb  TimerMatchSet           
20008725  TimerPrescaleSet        
2000874f  strspn                  
20008779  _Dclass                 
200087a5  PRCMPeripheralClkDisable
200087cd  UARTEnable              
200087f1  memmove                 
20008815  strcspn                 
20008839  frexp                   
2000885b  TimerDisable            
20008879  TimerEnable             
20008897  UARTCharPut             
200088b5  UARTCharGetNonBlocking  
200088d1  memccpy                 
200088ed  PinTypeTimer            
20008907  PinTypeUART             
20008921  UARTCharsAvail          
20008939  _args_main              
20008951  __aeabi_lmul            
20008969  strcmp                  
20008981  strrchr                 
20008999  PRCMHIBRegRead          
200089af  PRCMHIBRegWrite         
200089c5  strchr                  
200089db  CPUcpsie                
200089f1  IntVTableBaseSet        
20008a05  _register_unlock        
20008a0b  _register_lock          
20008a13  _nop                    
20008a19  strcpy                  
20008a2d  strlen                  
20008a41  __TI_decompress_none    
20008a4f  ResetISR                
20008a5d  __TI_zero_init          
20008a69  IntMasterEnable         
20008a73  UtilsDelay              
20008a79  __TI_decompress_rle24   
20008a7f  _system_pre_init        
20008a88  _ctypes_                
20008e80  __TI_static_base__      
20008ed0  __TI_Handler_Table_Base 
20008edc  __TI_Handler_Table_Limit
20008ee8  __TI_CINIT_Base         
20008ef8  __TI_CINIT_Limit        
20017000  _sys_memory             
200178b0  _Denorm                 
200178c0  _Eps                    
200178d0  _Hugeval                
200178e0  _Inf                    
200178f0  _Nan                    
20017900  _Snan                   
20017910  _Rteps                  
20017920  _Xbig                   
20017928  _Zero                   
2001793c  _lock                   
20017940  _unlock                 
20017944  __TI_cleanup_ptr        
20017948  __TI_dtors_ptr          
2001794c  _Fenv                   
20017950  _Tls_setup__Fenv        
20017954  _Errno                  
20017958  main_func_sp            
20017960  Hand                    
2002f800  __stack                 
20030000  __STACK_END             
ffffffff  __binit__               
ffffffff  __c_args__              
ffffffff  binit                   
UNDEFED   SHT$$INIT_ARRAY$$Base   
UNDEFED   SHT$$INIT_ARRAY$$Limit  

[160 symbols]
