<?xml version="1.0"?>
<link_info>
   <banner>TI ARM Linker PC v5.2.5</banner>
   <copyright>Copyright (c) 1996-2015 Texas Instruments Incorporated</copyright>
   <link_time>0x56496ce2</link_time>
   <link_errors>0x0</link_errors>
   <output_file>pwm.out</output_file>
   <entry_point>
      <name>_c_int00</name>
      <address>0x20008161</address>
   </entry_point>
   <input_file_list>
      <input_file id="fl-2">
         <path>.\</path>
         <kind>object</kind>
         <file>main.obj</file>
         <name>main.obj</name>
      </input_file>
      <input_file id="fl-3">
         <path>.\</path>
         <kind>object</kind>
         <file>pinmux.obj</file>
         <name>pinmux.obj</name>
      </input_file>
      <input_file id="fl-4">
         <path>.\</path>
         <kind>object</kind>
         <file>startup_ccs.obj</file>
         <name>startup_ccs.obj</name>
      </input_file>
      <input_file id="fl-5">
         <path>.\</path>
         <kind>object</kind>
         <file>uart_if.obj</file>
         <name>uart_if.obj</name>
      </input_file>
      <input_file id="fl-12c">
         <path>C:\ti\ccsv6\tools\compiler\ti-cgt-arm_5.2.5\lib\</path>
         <kind>archive</kind>
         <file>rtsv7M4_T_le_eabi.lib</file>
         <name>boot.obj</name>
      </input_file>
      <input_file id="fl-12d">
         <path>C:\ti\ccsv6\tools\compiler\ti-cgt-arm_5.2.5\lib\</path>
         <kind>archive</kind>
         <file>rtsv7M4_T_le_eabi.lib</file>
         <name>copy_decompress_none.obj</name>
      </input_file>
      <input_file id="fl-12e">
         <path>C:\ti\ccsv6\tools\compiler\ti-cgt-arm_5.2.5\lib\</path>
         <kind>archive</kind>
         <file>rtsv7M4_T_le_eabi.lib</file>
         <name>copy_decompress_rle.obj</name>
      </input_file>
      <input_file id="fl-12f">
         <path>C:\ti\ccsv6\tools\compiler\ti-cgt-arm_5.2.5\lib\</path>
         <kind>archive</kind>
         <file>rtsv7M4_T_le_eabi.lib</file>
         <name>copy_zero_init.obj</name>
      </input_file>
      <input_file id="fl-130">
         <path>C:\ti\ccsv6\tools\compiler\ti-cgt-arm_5.2.5\lib\</path>
         <kind>archive</kind>
         <file>rtsv7M4_T_le_eabi.lib</file>
         <name>exit.obj</name>
      </input_file>
      <input_file id="fl-131">
         <path>C:\ti\ccsv6\tools\compiler\ti-cgt-arm_5.2.5\lib\</path>
         <kind>archive</kind>
         <file>rtsv7M4_T_le_eabi.lib</file>
         <name>memcpy_t2.obj</name>
      </input_file>
      <input_file id="fl-132">
         <path>C:\ti\ccsv6\tools\compiler\ti-cgt-arm_5.2.5\lib\</path>
         <kind>archive</kind>
         <file>rtsv7M4_T_le_eabi.lib</file>
         <name>memmov.obj</name>
      </input_file>
      <input_file id="fl-133">
         <path>C:\ti\ccsv6\tools\compiler\ti-cgt-arm_5.2.5\lib\</path>
         <kind>archive</kind>
         <file>rtsv7M4_T_le_eabi.lib</file>
         <name>memory.obj</name>
      </input_file>
      <input_file id="fl-134">
         <path>C:\ti\ccsv6\tools\compiler\ti-cgt-arm_5.2.5\lib\</path>
         <kind>archive</kind>
         <file>rtsv7M4_T_le_eabi.lib</file>
         <name>memset_t2.obj</name>
      </input_file>
      <input_file id="fl-135">
         <path>C:\ti\ccsv6\tools\compiler\ti-cgt-arm_5.2.5\lib\</path>
         <kind>archive</kind>
         <file>rtsv7M4_T_le_eabi.lib</file>
         <name>pre_init.obj</name>
      </input_file>
      <input_file id="fl-136">
         <path>C:\ti\ccsv6\tools\compiler\ti-cgt-arm_5.2.5\lib\</path>
         <kind>archive</kind>
         <file>rtsv7M4_T_le_eabi.lib</file>
         <name>sscanf.obj</name>
      </input_file>
      <input_file id="fl-137">
         <path>C:\ti\ccsv6\tools\compiler\ti-cgt-arm_5.2.5\lib\</path>
         <kind>archive</kind>
         <file>rtsv7M4_T_le_eabi.lib</file>
         <name>stkdepth_vars.obj</name>
      </input_file>
      <input_file id="fl-138">
         <path>C:\ti\ccsv6\tools\compiler\ti-cgt-arm_5.2.5\lib\</path>
         <kind>archive</kind>
         <file>rtsv7M4_T_le_eabi.lib</file>
         <name>strlen.obj</name>
      </input_file>
      <input_file id="fl-139">
         <path>C:\ti\ccsv6\tools\compiler\ti-cgt-arm_5.2.5\lib\</path>
         <kind>archive</kind>
         <file>rtsv7M4_T_le_eabi.lib</file>
         <name>vsnprintf.obj</name>
      </input_file>
      <input_file id="fl-13a">
         <path>C:\ti\ccsv6\tools\compiler\ti-cgt-arm_5.2.5\lib\</path>
         <kind>archive</kind>
         <file>rtsv7M4_T_le_eabi.lib</file>
         <name>_lock.obj</name>
      </input_file>
      <input_file id="fl-13b">
         <path>C:\ti\ccsv6\tools\compiler\ti-cgt-arm_5.2.5\lib\</path>
         <kind>archive</kind>
         <file>rtsv7M4_T_le_eabi.lib</file>
         <name>_printfi.obj</name>
      </input_file>
      <input_file id="fl-13c">
         <path>C:\ti\ccsv6\tools\compiler\ti-cgt-arm_5.2.5\lib\</path>
         <kind>archive</kind>
         <file>rtsv7M4_T_le_eabi.lib</file>
         <name>_scanfi.obj</name>
      </input_file>
      <input_file id="fl-13d">
         <path>C:\ti\ccsv6\tools\compiler\ti-cgt-arm_5.2.5\lib\</path>
         <kind>archive</kind>
         <file>rtsv7M4_T_le_eabi.lib</file>
         <name>args_main.obj</name>
      </input_file>
      <input_file id="fl-13e">
         <path>C:\ti\ccsv6\tools\compiler\ti-cgt-arm_5.2.5\lib\</path>
         <kind>archive</kind>
         <file>rtsv7M4_T_le_eabi.lib</file>
         <name>atoi.obj</name>
      </input_file>
      <input_file id="fl-13f">
         <path>C:\ti\ccsv6\tools\compiler\ti-cgt-arm_5.2.5\lib\</path>
         <kind>archive</kind>
         <file>rtsv7M4_T_le_eabi.lib</file>
         <name>autoinit.obj</name>
      </input_file>
      <input_file id="fl-140">
         <path>C:\ti\ccsv6\tools\compiler\ti-cgt-arm_5.2.5\lib\</path>
         <kind>archive</kind>
         <file>rtsv7M4_T_le_eabi.lib</file>
         <name>cpy_tbl.obj</name>
      </input_file>
      <input_file id="fl-141">
         <path>C:\ti\ccsv6\tools\compiler\ti-cgt-arm_5.2.5\lib\</path>
         <kind>archive</kind>
         <file>rtsv7M4_T_le_eabi.lib</file>
         <name>ctype.obj</name>
      </input_file>
      <input_file id="fl-142">
         <path>C:\ti\ccsv6\tools\compiler\ti-cgt-arm_5.2.5\lib\</path>
         <kind>archive</kind>
         <file>rtsv7M4_T_le_eabi.lib</file>
         <name>fd_add_t2.obj</name>
      </input_file>
      <input_file id="fl-143">
         <path>C:\ti\ccsv6\tools\compiler\ti-cgt-arm_5.2.5\lib\</path>
         <kind>archive</kind>
         <file>rtsv7M4_T_le_eabi.lib</file>
         <name>fd_cmp_t2.obj</name>
      </input_file>
      <input_file id="fl-144">
         <path>C:\ti\ccsv6\tools\compiler\ti-cgt-arm_5.2.5\lib\</path>
         <kind>archive</kind>
         <file>rtsv7M4_T_le_eabi.lib</file>
         <name>fd_div_t2.obj</name>
      </input_file>
      <input_file id="fl-145">
         <path>C:\ti\ccsv6\tools\compiler\ti-cgt-arm_5.2.5\lib\</path>
         <kind>archive</kind>
         <file>rtsv7M4_T_le_eabi.lib</file>
         <name>fd_mul_t2.obj</name>
      </input_file>
      <input_file id="fl-146">
         <path>C:\ti\ccsv6\tools\compiler\ti-cgt-arm_5.2.5\lib\</path>
         <kind>archive</kind>
         <file>rtsv7M4_T_le_eabi.lib</file>
         <name>fd_toi_t2.obj</name>
      </input_file>
      <input_file id="fl-147">
         <path>C:\ti\ccsv6\tools\compiler\ti-cgt-arm_5.2.5\lib\</path>
         <kind>archive</kind>
         <file>rtsv7M4_T_le_eabi.lib</file>
         <name>fd_tos_t2.obj</name>
      </input_file>
      <input_file id="fl-148">
         <path>C:\ti\ccsv6\tools\compiler\ti-cgt-arm_5.2.5\lib\</path>
         <kind>archive</kind>
         <file>rtsv7M4_T_le_eabi.lib</file>
         <name>frexp.obj</name>
      </input_file>
      <input_file id="fl-149">
         <path>C:\ti\ccsv6\tools\compiler\ti-cgt-arm_5.2.5\lib\</path>
         <kind>archive</kind>
         <file>rtsv7M4_T_le_eabi.lib</file>
         <name>i_tofd_t2.obj</name>
      </input_file>
      <input_file id="fl-14a">
         <path>C:\ti\ccsv6\tools\compiler\ti-cgt-arm_5.2.5\lib\</path>
         <kind>archive</kind>
         <file>rtsv7M4_T_le_eabi.lib</file>
         <name>ldexp.obj</name>
      </input_file>
      <input_file id="fl-14b">
         <path>C:\ti\ccsv6\tools\compiler\ti-cgt-arm_5.2.5\lib\</path>
         <kind>archive</kind>
         <file>rtsv7M4_T_le_eabi.lib</file>
         <name>ltoa.obj</name>
      </input_file>
      <input_file id="fl-14c">
         <path>C:\ti\ccsv6\tools\compiler\ti-cgt-arm_5.2.5\lib\</path>
         <kind>archive</kind>
         <file>rtsv7M4_T_le_eabi.lib</file>
         <name>memccpy.obj</name>
      </input_file>
      <input_file id="fl-14d">
         <path>C:\ti\ccsv6\tools\compiler\ti-cgt-arm_5.2.5\lib\</path>
         <kind>archive</kind>
         <file>rtsv7M4_T_le_eabi.lib</file>
         <name>strchr.obj</name>
      </input_file>
      <input_file id="fl-14e">
         <path>C:\ti\ccsv6\tools\compiler\ti-cgt-arm_5.2.5\lib\</path>
         <kind>archive</kind>
         <file>rtsv7M4_T_le_eabi.lib</file>
         <name>strcpy.obj</name>
      </input_file>
      <input_file id="fl-14f">
         <path>C:\ti\ccsv6\tools\compiler\ti-cgt-arm_5.2.5\lib\</path>
         <kind>archive</kind>
         <file>rtsv7M4_T_le_eabi.lib</file>
         <name>strrchr.obj</name>
      </input_file>
      <input_file id="fl-150">
         <path>C:\ti\ccsv6\tools\compiler\ti-cgt-arm_5.2.5\lib\</path>
         <kind>archive</kind>
         <file>rtsv7M4_T_le_eabi.lib</file>
         <name>strtod.obj</name>
      </input_file>
      <input_file id="fl-151">
         <path>C:\ti\ccsv6\tools\compiler\ti-cgt-arm_5.2.5\lib\</path>
         <kind>archive</kind>
         <file>rtsv7M4_T_le_eabi.lib</file>
         <name>strtol.obj</name>
      </input_file>
      <input_file id="fl-152">
         <path>C:\ti\ccsv6\tools\compiler\ti-cgt-arm_5.2.5\lib\</path>
         <kind>archive</kind>
         <file>rtsv7M4_T_le_eabi.lib</file>
         <name>strtoll.obj</name>
      </input_file>
      <input_file id="fl-153">
         <path>C:\ti\ccsv6\tools\compiler\ti-cgt-arm_5.2.5\lib\</path>
         <kind>archive</kind>
         <file>rtsv7M4_T_le_eabi.lib</file>
         <name>strtoul.obj</name>
      </input_file>
      <input_file id="fl-154">
         <path>C:\ti\ccsv6\tools\compiler\ti-cgt-arm_5.2.5\lib\</path>
         <kind>archive</kind>
         <file>rtsv7M4_T_le_eabi.lib</file>
         <name>strtoull.obj</name>
      </input_file>
      <input_file id="fl-155">
         <path>C:\ti\ccsv6\tools\compiler\ti-cgt-arm_5.2.5\lib\</path>
         <kind>archive</kind>
         <file>rtsv7M4_T_le_eabi.lib</file>
         <name>ull_div_t2.obj</name>
      </input_file>
      <input_file id="fl-156">
         <path>C:\ti\ccsv6\tools\compiler\ti-cgt-arm_5.2.5\lib\</path>
         <kind>archive</kind>
         <file>rtsv7M4_T_le_eabi.lib</file>
         <name>xdclass.obj</name>
      </input_file>
      <input_file id="fl-157">
         <path>C:\ti\ccsv6\tools\compiler\ti-cgt-arm_5.2.5\lib\</path>
         <kind>archive</kind>
         <file>rtsv7M4_T_le_eabi.lib</file>
         <name>xdscale.obj</name>
      </input_file>
      <input_file id="fl-158">
         <path>C:\ti\ccsv6\tools\compiler\ti-cgt-arm_5.2.5\lib\</path>
         <kind>archive</kind>
         <file>rtsv7M4_T_le_eabi.lib</file>
         <name>xdunscal.obj</name>
      </input_file>
      <input_file id="fl-159">
         <path>C:\ti\ccsv6\tools\compiler\ti-cgt-arm_5.2.5\lib\</path>
         <kind>archive</kind>
         <file>rtsv7M4_T_le_eabi.lib</file>
         <name>xferaise.obj</name>
      </input_file>
      <input_file id="fl-15a">
         <path>C:\ti\ccsv6\tools\compiler\ti-cgt-arm_5.2.5\lib\</path>
         <kind>archive</kind>
         <file>rtsv7M4_T_le_eabi.lib</file>
         <name>xvalues.obj</name>
      </input_file>
      <input_file id="fl-15b">
         <path>C:\ti\ccsv6\tools\compiler\ti-cgt-arm_5.2.5\lib\</path>
         <kind>archive</kind>
         <file>rtsv7M4_T_le_eabi.lib</file>
         <name>errno.obj</name>
      </input_file>
      <input_file id="fl-15c">
         <path>C:\ti\ccsv6\tools\compiler\ti-cgt-arm_5.2.5\lib\</path>
         <kind>archive</kind>
         <file>rtsv7M4_T_le_eabi.lib</file>
         <name>feraiseexcept.obj</name>
      </input_file>
      <input_file id="fl-15d">
         <path>C:\ti\ccsv6\tools\compiler\ti-cgt-arm_5.2.5\lib\</path>
         <kind>archive</kind>
         <file>rtsv7M4_T_le_eabi.lib</file>
         <name>ll_mul_t2.obj</name>
      </input_file>
      <input_file id="fl-15e">
         <path>C:\ti\ccsv6\tools\compiler\ti-cgt-arm_5.2.5\lib\</path>
         <kind>archive</kind>
         <file>rtsv7M4_T_le_eabi.lib</file>
         <name>raise.obj</name>
      </input_file>
      <input_file id="fl-15f">
         <path>C:\ti\ccsv6\tools\compiler\ti-cgt-arm_5.2.5\lib\</path>
         <kind>archive</kind>
         <file>rtsv7M4_T_le_eabi.lib</file>
         <name>signal.obj</name>
      </input_file>
      <input_file id="fl-160">
         <path>C:\ti\ccsv6\tools\compiler\ti-cgt-arm_5.2.5\lib\</path>
         <kind>archive</kind>
         <file>rtsv7M4_T_le_eabi.lib</file>
         <name>xdnorm.obj</name>
      </input_file>
      <input_file id="fl-161">
         <path>C:\ti\CC3200SDK_1.1.0\cc3200-sdk\driverlib\ccs\Release\</path>
         <kind>archive</kind>
         <file>driverlib.a</file>
         <name>interrupt.obj</name>
      </input_file>
      <input_file id="fl-162">
         <path>C:\ti\CC3200SDK_1.1.0\cc3200-sdk\driverlib\ccs\Release\</path>
         <kind>archive</kind>
         <file>driverlib.a</file>
         <name>pin.obj</name>
      </input_file>
      <input_file id="fl-163">
         <path>C:\ti\CC3200SDK_1.1.0\cc3200-sdk\driverlib\ccs\Release\</path>
         <kind>archive</kind>
         <file>driverlib.a</file>
         <name>prcm.obj</name>
      </input_file>
      <input_file id="fl-164">
         <path>C:\ti\CC3200SDK_1.1.0\cc3200-sdk\driverlib\ccs\Release\</path>
         <kind>archive</kind>
         <file>driverlib.a</file>
         <name>timer.obj</name>
      </input_file>
      <input_file id="fl-165">
         <path>C:\ti\CC3200SDK_1.1.0\cc3200-sdk\driverlib\ccs\Release\</path>
         <kind>archive</kind>
         <file>driverlib.a</file>
         <name>uart.obj</name>
      </input_file>
      <input_file id="fl-166">
         <path>C:\ti\CC3200SDK_1.1.0\cc3200-sdk\driverlib\ccs\Release\</path>
         <kind>archive</kind>
         <file>driverlib.a</file>
         <name>utils.obj</name>
      </input_file>
      <input_file id="fl-167">
         <path>C:\ti\CC3200SDK_1.1.0\cc3200-sdk\driverlib\ccs\Release\</path>
         <kind>archive</kind>
         <file>driverlib.a</file>
         <name>cpu.obj</name>
      </input_file>
      <input_file id="fl-168">
         <path>C:\ti\CC3200SDK_1.1.0\cc3200-sdk\driverlib\ccs\Release\</path>
         <kind>archive</kind>
         <file>driverlib.a</file>
         <name>flash.obj</name>
      </input_file>
   </input_file_list>
   <object_component_list>
      <object_component id="oc-f">
         <name>.intvecs</name>
         <load_address>0x20004000</load_address>
         <run_address>0x20004000</run_address>
         <size>0x400</size>
         <input_file_ref idref="fl-4"/>
      </object_component>
      <object_component id="oc-20a">
         <name>.text</name>
         <load_address>0x20004400</load_address>
         <run_address>0x20004400</run_address>
         <size>0x10a6</size>
         <input_file_ref idref="fl-13b"/>
      </object_component>
      <object_component id="oc-1d1">
         <name>.text</name>
         <load_address>0x200054a8</load_address>
         <run_address>0x200054a8</run_address>
         <size>0x906</size>
         <input_file_ref idref="fl-13c"/>
      </object_component>
      <object_component id="oc-1bd">
         <name>.text</name>
         <load_address>0x20005db0</load_address>
         <run_address>0x20005db0</run_address>
         <size>0x3dc</size>
         <input_file_ref idref="fl-133"/>
      </object_component>
      <object_component id="oc-120">
         <name>.text</name>
         <load_address>0x2000618c</load_address>
         <run_address>0x2000618c</run_address>
         <size>0x280</size>
         <input_file_ref idref="fl-5"/>
      </object_component>
      <object_component id="oc-23a">
         <name>.text</name>
         <load_address>0x2000640c</load_address>
         <run_address>0x2000640c</run_address>
         <size>0x238</size>
         <input_file_ref idref="fl-150"/>
      </object_component>
      <object_component id="oc-9f">
         <name>.text</name>
         <load_address>0x20006644</load_address>
         <run_address>0x20006644</run_address>
         <size>0x210</size>
         <input_file_ref idref="fl-2"/>
      </object_component>
      <object_component id="oc-281">
         <name>.text</name>
         <load_address>0x20006854</load_address>
         <run_address>0x20006854</run_address>
         <size>0x1f4</size>
         <input_file_ref idref="fl-155"/>
      </object_component>
      <object_component id="oc-24b">
         <name>.text</name>
         <load_address>0x20006a48</load_address>
         <run_address>0x20006a48</run_address>
         <size>0x1e4</size>
         <input_file_ref idref="fl-152"/>
      </object_component>
      <object_component id="oc-2aa">
         <name>.text</name>
         <load_address>0x20006c2c</load_address>
         <run_address>0x20006c2c</run_address>
         <size>0x1b6</size>
         <input_file_ref idref="fl-142"/>
      </object_component>
      <object_component id="oc-234">
         <name>.text</name>
         <load_address>0x20006de4</load_address>
         <run_address>0x20006de4</run_address>
         <size>0x16c</size>
         <input_file_ref idref="fl-154"/>
      </object_component>
      <object_component id="oc-290">
         <name>.text</name>
         <load_address>0x20006f50</load_address>
         <run_address>0x20006f50</run_address>
         <size>0x136</size>
         <input_file_ref idref="fl-144"/>
      </object_component>
      <object_component id="oc-114">
         <name>.text:PRCMCC3200MCUInit</name>
         <load_address>0x20007088</load_address>
         <run_address>0x20007088</run_address>
         <size>0x134</size>
         <input_file_ref idref="fl-163"/>
      </object_component>
      <object_component id="oc-245">
         <name>.text</name>
         <load_address>0x200071bc</load_address>
         <run_address>0x200071bc</run_address>
         <size>0x134</size>
         <input_file_ref idref="fl-151"/>
      </object_component>
      <object_component id="oc-22e">
         <name>.text</name>
         <load_address>0x200072f0</load_address>
         <run_address>0x200072f0</run_address>
         <size>0x114</size>
         <input_file_ref idref="fl-153"/>
      </object_component>
      <object_component id="oc-313">
         <name>.text</name>
         <load_address>0x20007404</load_address>
         <run_address>0x20007404</run_address>
         <size>0x110</size>
         <input_file_ref idref="fl-157"/>
      </object_component>
      <object_component id="oc-28b">
         <name>.text</name>
         <load_address>0x20007514</load_address>
         <run_address>0x20007514</run_address>
         <size>0xfc</size>
         <input_file_ref idref="fl-145"/>
      </object_component>
      <object_component id="oc-126">
         <name>.text</name>
         <load_address>0x20007610</load_address>
         <run_address>0x20007610</run_address>
         <size>0xcc</size>
         <input_file_ref idref="fl-136"/>
      </object_component>
      <object_component id="oc-347">
         <name>.text</name>
         <load_address>0x200076dc</load_address>
         <run_address>0x200076dc</run_address>
         <size>0xbe</size>
         <input_file_ref idref="fl-160"/>
      </object_component>
      <object_component id="oc-10e">
         <name>.text:IntEnable</name>
         <load_address>0x2000779c</load_address>
         <run_address>0x2000779c</run_address>
         <size>0xa8</size>
         <input_file_ref idref="fl-161"/>
      </object_component>
      <object_component id="oc-36">
         <name>.text</name>
         <load_address>0x20007844</load_address>
         <run_address>0x20007844</run_address>
         <size>0x9c</size>
         <input_file_ref idref="fl-131"/>
      </object_component>
      <object_component id="oc-18d">
         <name>.text:PRCMPeripheralClockGet</name>
         <load_address>0x200078e0</load_address>
         <run_address>0x200078e0</run_address>
         <size>0x94</size>
         <input_file_ref idref="fl-163"/>
      </object_component>
      <object_component id="oc-1f3">
         <name>.text:PinConfigSet</name>
         <load_address>0x20007974</load_address>
         <run_address>0x20007974</run_address>
         <size>0x88</size>
         <input_file_ref idref="fl-162"/>
      </object_component>
      <object_component id="oc-19f">
         <name>.text</name>
         <load_address>0x200079fc</load_address>
         <run_address>0x200079fc</run_address>
         <size>0x88</size>
         <input_file_ref idref="fl-139"/>
      </object_component>
      <object_component id="oc-286">
         <name>.text:__aeabi_cdcmple</name>
         <load_address>0x20007a84</load_address>
         <run_address>0x20007a84</run_address>
         <size>0x86</size>
         <input_file_ref idref="fl-143"/>
      </object_component>
      <object_component id="oc-295">
         <name>.text:__aeabi_cdrcmple</name>
         <load_address>0x20007b0a</load_address>
         <run_address>0x20007b0a</run_address>
         <size>0x86</size>
         <input_file_ref idref="fl-143"/>
      </object_component>
      <object_component id="oc-4f">
         <name>.text</name>
         <load_address>0x20007b90</load_address>
         <run_address>0x20007b90</run_address>
         <size>0x7a</size>
         <input_file_ref idref="fl-134"/>
      </object_component>
      <object_component id="oc-193">
         <name>.text:UARTConfigSetExpClk</name>
         <load_address>0x20007c0a</load_address>
         <run_address>0x20007c0a</run_address>
         <size>0x76</size>
         <input_file_ref idref="fl-165"/>
      </object_component>
      <object_component id="oc-61">
         <name>.text</name>
         <load_address>0x20007c80</load_address>
         <run_address>0x20007c80</run_address>
         <size>0x6c</size>
         <input_file_ref idref="fl-13f"/>
      </object_component>
      <object_component id="oc-42">
         <name>.text</name>
         <load_address>0x20007cec</load_address>
         <run_address>0x20007cec</run_address>
         <size>0x6a</size>
         <input_file_ref idref="fl-12e"/>
      </object_component>
      <object_component id="oc-30b">
         <name>.text</name>
         <load_address>0x20007d56</load_address>
         <run_address>0x20007d56</run_address>
         <size>0x66</size>
         <input_file_ref idref="fl-158"/>
      </object_component>
      <object_component id="oc-173">
         <name>.text:PRCMPeripheralReset</name>
         <load_address>0x20007dbc</load_address>
         <run_address>0x20007dbc</run_address>
         <size>0x58</size>
         <input_file_ref idref="fl-163"/>
      </object_component>
      <object_component id="oc-29f">
         <name>.text</name>
         <load_address>0x20007e14</load_address>
         <run_address>0x20007e14</run_address>
         <size>0x56</size>
         <input_file_ref idref="fl-14b"/>
      </object_component>
      <object_component id="oc-25e">
         <name>.text</name>
         <load_address>0x20007e6c</load_address>
         <run_address>0x20007e6c</run_address>
         <size>0x4c</size>
         <input_file_ref idref="fl-13e"/>
      </object_component>
      <object_component id="oc-97">
         <name>.text</name>
         <load_address>0x20007eb8</load_address>
         <run_address>0x20007eb8</run_address>
         <size>0x4c</size>
         <input_file_ref idref="fl-140"/>
      </object_component>
      <object_component id="oc-29a">
         <name>.text</name>
         <load_address>0x20007f04</load_address>
         <run_address>0x20007f04</run_address>
         <size>0x48</size>
         <input_file_ref idref="fl-146"/>
      </object_component>
      <object_component id="oc-240">
         <name>.text</name>
         <load_address>0x20007f4c</load_address>
         <run_address>0x20007f4c</run_address>
         <size>0x48</size>
         <input_file_ref idref="fl-147"/>
      </object_component>
      <object_component id="oc-2b5">
         <name>.text</name>
         <load_address>0x20007f94</load_address>
         <run_address>0x20007f94</run_address>
         <size>0x46</size>
         <input_file_ref idref="fl-14a"/>
      </object_component>
      <object_component id="oc-d2">
         <name>.text:TimerConfigure</name>
         <load_address>0x20007fdc</load_address>
         <run_address>0x20007fdc</run_address>
         <size>0x44</size>
         <input_file_ref idref="fl-164"/>
      </object_component>
      <object_component id="oc-6d">
         <name>.text</name>
         <load_address>0x20008020</load_address>
         <run_address>0x20008020</run_address>
         <size>0x44</size>
         <input_file_ref idref="fl-130"/>
      </object_component>
      <object_component id="oc-1ed">
         <name>.text:PinModeSet</name>
         <load_address>0x20008064</load_address>
         <run_address>0x20008064</run_address>
         <size>0x40</size>
         <input_file_ref idref="fl-162"/>
      </object_component>
      <object_component id="oc-11a">
         <name>.text</name>
         <load_address>0x200080a4</load_address>
         <run_address>0x200080a4</run_address>
         <size>0x40</size>
         <input_file_ref idref="fl-3"/>
      </object_component>
      <object_component id="oc-37c">
         <name>.text</name>
         <load_address>0x200080e4</load_address>
         <run_address>0x200080e4</run_address>
         <size>0x40</size>
         <input_file_ref idref="fl-15f"/>
      </object_component>
      <object_component id="oc-ea">
         <name>.text:PRCMPeripheralClkEnable</name>
         <load_address>0x20008124</load_address>
         <run_address>0x20008124</run_address>
         <size>0x3c</size>
         <input_file_ref idref="fl-163"/>
      </object_component>
      <object_component id="oc-24">
         <name>.text</name>
         <load_address>0x20008160</load_address>
         <run_address>0x20008160</run_address>
         <size>0x3c</size>
         <input_file_ref idref="fl-12c"/>
      </object_component>
      <object_component id="oc-de">
         <name>.text:TimerControlLevel</name>
         <load_address>0x2000819c</load_address>
         <run_address>0x2000819c</run_address>
         <size>0x36</size>
         <input_file_ref idref="fl-164"/>
      </object_component>
      <object_component id="oc-356">
         <name>.text</name>
         <load_address>0x200081d4</load_address>
         <run_address>0x200081d4</run_address>
         <size>0x34</size>
         <input_file_ref idref="fl-15c"/>
      </object_component>
      <object_component id="oc-1fc">
         <name>.text:UARTDisable</name>
         <load_address>0x20008208</load_address>
         <run_address>0x20008208</run_address>
         <size>0x30</size>
         <input_file_ref idref="fl-165"/>
      </object_component>
      <object_component id="oc-319">
         <name>.text</name>
         <load_address>0x20008238</load_address>
         <run_address>0x20008238</run_address>
         <size>0x30</size>
         <input_file_ref idref="fl-159"/>
      </object_component>
      <object_component id="oc-2a5">
         <name>.text</name>
         <load_address>0x20008268</load_address>
         <run_address>0x20008268</run_address>
         <size>0x2e</size>
         <input_file_ref idref="fl-149"/>
      </object_component>
      <object_component id="oc-370">
         <name>.text</name>
         <load_address>0x20008296</load_address>
         <run_address>0x20008296</run_address>
         <size>0x2e</size>
         <input_file_ref idref="fl-15e"/>
      </object_component>
      <object_component id="oc-179">
         <name>.text:PRCMSysResetCauseGet</name>
         <load_address>0x200082c4</load_address>
         <run_address>0x200082c4</run_address>
         <size>0x2c</size>
         <input_file_ref idref="fl-163"/>
      </object_component>
      <object_component id="oc-e4">
         <name>.text:TimerLoadSet</name>
         <load_address>0x200082f0</load_address>
         <run_address>0x200082f0</run_address>
         <size>0x2a</size>
         <input_file_ref idref="fl-164"/>
      </object_component>
      <object_component id="oc-cc">
         <name>.text:TimerMatchSet</name>
         <load_address>0x2000831a</load_address>
         <run_address>0x2000831a</run_address>
         <size>0x2a</size>
         <input_file_ref idref="fl-164"/>
      </object_component>
      <object_component id="oc-d8">
         <name>.text:TimerPrescaleSet</name>
         <load_address>0x20008344</load_address>
         <run_address>0x20008344</run_address>
         <size>0x2a</size>
         <input_file_ref idref="fl-164"/>
      </object_component>
      <object_component id="oc-2bb">
         <name>.text</name>
         <load_address>0x2000836e</load_address>
         <run_address>0x2000836e</run_address>
         <size>0x2a</size>
         <input_file_ref idref="fl-156"/>
      </object_component>
      <object_component id="oc-fc">
         <name>.text:PRCMPeripheralClkDisable</name>
         <load_address>0x20008398</load_address>
         <run_address>0x20008398</run_address>
         <size>0x28</size>
         <input_file_ref idref="fl-163"/>
      </object_component>
      <object_component id="oc-202">
         <name>.text:UARTEnable</name>
         <load_address>0x200083c0</load_address>
         <run_address>0x200083c0</run_address>
         <size>0x24</size>
         <input_file_ref idref="fl-165"/>
      </object_component>
      <object_component id="oc-1b7">
         <name>.text</name>
         <load_address>0x200083e4</load_address>
         <run_address>0x200083e4</run_address>
         <size>0x24</size>
         <input_file_ref idref="fl-132"/>
      </object_component>
      <object_component id="oc-2af">
         <name>.text</name>
         <load_address>0x20008408</load_address>
         <run_address>0x20008408</run_address>
         <size>0x22</size>
         <input_file_ref idref="fl-148"/>
      </object_component>
      <object_component id="oc-f6">
         <name>.text:TimerDisable</name>
         <load_address>0x2000842a</load_address>
         <run_address>0x2000842a</run_address>
         <size>0x1e</size>
         <input_file_ref idref="fl-164"/>
      </object_component>
      <object_component id="oc-f0">
         <name>.text:TimerEnable</name>
         <load_address>0x20008448</load_address>
         <run_address>0x20008448</run_address>
         <size>0x1e</size>
         <input_file_ref idref="fl-164"/>
      </object_component>
      <object_component id="oc-199">
         <name>.text:UARTCharPut</name>
         <load_address>0x20008466</load_address>
         <run_address>0x20008466</run_address>
         <size>0x1e</size>
         <input_file_ref idref="fl-165"/>
      </object_component>
      <object_component id="oc-1ab">
         <name>.text:UARTCharGetNonBlocking</name>
         <load_address>0x20008484</load_address>
         <run_address>0x20008484</run_address>
         <size>0x1c</size>
         <input_file_ref idref="fl-165"/>
      </object_component>
      <object_component id="oc-2c1">
         <name>.text</name>
         <load_address>0x200084a0</load_address>
         <run_address>0x200084a0</run_address>
         <size>0x1c</size>
         <input_file_ref idref="fl-14c"/>
      </object_component>
      <object_component id="oc-180">
         <name>.text:PinTypeTimer</name>
         <load_address>0x200084bc</load_address>
         <run_address>0x200084bc</run_address>
         <size>0x1a</size>
         <input_file_ref idref="fl-162"/>
      </object_component>
      <object_component id="oc-186">
         <name>.text:PinTypeUART</name>
         <load_address>0x200084d6</load_address>
         <run_address>0x200084d6</run_address>
         <size>0x1a</size>
         <input_file_ref idref="fl-162"/>
      </object_component>
      <object_component id="oc-1a5">
         <name>.text:UARTCharsAvail</name>
         <load_address>0x200084f0</load_address>
         <run_address>0x200084f0</run_address>
         <size>0x18</size>
         <input_file_ref idref="fl-165"/>
      </object_component>
      <object_component id="oc-67">
         <name>.text</name>
         <load_address>0x20008508</load_address>
         <run_address>0x20008508</run_address>
         <size>0x18</size>
         <input_file_ref idref="fl-13d"/>
      </object_component>
      <object_component id="oc-2e2">
         <name>.text</name>
         <load_address>0x20008520</load_address>
         <run_address>0x20008520</run_address>
         <size>0x18</size>
         <input_file_ref idref="fl-15d"/>
      </object_component>
      <object_component id="oc-252">
         <name>.text</name>
         <load_address>0x20008538</load_address>
         <run_address>0x20008538</run_address>
         <size>0x18</size>
         <input_file_ref idref="fl-14f"/>
      </object_component>
      <object_component id="oc-167">
         <name>.text:PRCMHIBRegRead</name>
         <load_address>0x20008550</load_address>
         <run_address>0x20008550</run_address>
         <size>0x16</size>
         <input_file_ref idref="fl-163"/>
      </object_component>
      <object_component id="oc-16d">
         <name>.text:PRCMHIBRegWrite</name>
         <load_address>0x20008566</load_address>
         <run_address>0x20008566</run_address>
         <size>0x16</size>
         <input_file_ref idref="fl-163"/>
      </object_component>
      <object_component id="oc-228">
         <name>.text</name>
         <load_address>0x2000857c</load_address>
         <run_address>0x2000857c</run_address>
         <size>0x16</size>
         <input_file_ref idref="fl-14d"/>
      </object_component>
      <object_component id="oc-15c">
         <name>.text:CPUcpsie</name>
         <load_address>0x20008592</load_address>
         <run_address>0x20008592</run_address>
         <size>0x14</size>
         <input_file_ref idref="fl-167"/>
      </object_component>
      <object_component id="oc-102">
         <name>.text:IntVTableBaseSet</name>
         <load_address>0x200085a8</load_address>
         <run_address>0x200085a8</run_address>
         <size>0x14</size>
         <input_file_ref idref="fl-161"/>
      </object_component>
      <object_component id="oc-135">
         <name>.text</name>
         <load_address>0x200085bc</load_address>
         <run_address>0x200085bc</run_address>
         <size>0x14</size>
         <input_file_ref idref="fl-13a"/>
      </object_component>
      <object_component id="oc-258">
         <name>.text</name>
         <load_address>0x200085d0</load_address>
         <run_address>0x200085d0</run_address>
         <size>0x14</size>
         <input_file_ref idref="fl-14e"/>
      </object_component>
      <object_component id="oc-1b1">
         <name>.text</name>
         <load_address>0x200085e4</load_address>
         <run_address>0x200085e4</run_address>
         <size>0x14</size>
         <input_file_ref idref="fl-138"/>
      </object_component>
      <object_component id="oc-12">
         <name>.text:decompress:none</name>
         <load_address>0x200085f8</load_address>
         <run_address>0x200085f8</run_address>
         <size>0xe</size>
         <input_file_ref idref="fl-12d"/>
      </object_component>
      <object_component id="oc-2d">
         <name>.text</name>
         <load_address>0x20008606</load_address>
         <run_address>0x20008606</run_address>
         <size>0xe</size>
         <input_file_ref idref="fl-4"/>
      </object_component>
      <object_component id="oc-1e">
         <name>.text:decompress:ZI</name>
         <load_address>0x20008614</load_address>
         <run_address>0x20008614</run_address>
         <size>0xc</size>
         <input_file_ref idref="fl-12f"/>
      </object_component>
      <object_component id="oc-108">
         <name>.text:IntMasterEnable</name>
         <load_address>0x20008620</load_address>
         <run_address>0x20008620</run_address>
         <size>0xa</size>
         <input_file_ref idref="fl-161"/>
      </object_component>
      <object_component id="oc-1e8">
         <name>.text:UtilsDelay</name>
         <load_address>0x2000862a</load_address>
         <run_address>0x2000862a</run_address>
         <size>0x6</size>
         <input_file_ref idref="fl-166"/>
      </object_component>
      <object_component id="oc-18">
         <name>.text:decompress:rle24</name>
         <load_address>0x20008630</load_address>
         <run_address>0x20008630</run_address>
         <size>0x6</size>
         <input_file_ref idref="fl-12e"/>
      </object_component>
      <object_component id="oc-5b">
         <name>.text</name>
         <load_address>0x20008636</load_address>
         <run_address>0x20008636</run_address>
         <size>0x4</size>
         <input_file_ref idref="fl-135"/>
      </object_component>
      <object_component id="oc-1d7">
         <name>.const:.string:_ctypes_</name>
         <load_address>0x20008640</load_address>
         <run_address>0x20008640</run_address>
         <size>0x101</size>
         <input_file_ref idref="fl-141"/>
      </object_component>
      <object_component id="oc-27a">
         <name>.const:g_ulPinToPadMap</name>
         <load_address>0x20008744</load_address>
         <run_address>0x20008744</run_address>
         <size>0x100</size>
         <input_file_ref idref="fl-162"/>
      </object_component>
      <object_component id="oc-154">
         <name>.const:PRCM_PeriphRegsList</name>
         <load_address>0x20008844</load_address>
         <run_address>0x20008844</run_address>
         <size>0xa8</size>
         <input_file_ref idref="fl-163"/>
      </object_component>
      <object_component id="oc-2e9">
         <name>.const</name>
         <load_address>0x200088f0</load_address>
         <run_address>0x200088f0</run_address>
         <size>0x98</size>
         <input_file_ref idref="fl-150"/>
      </object_component>
      <object_component id="oc-163">
         <name>.const</name>
         <load_address>0x20008988</load_address>
         <run_address>0x20008988</run_address>
         <size>0x80</size>
         <input_file_ref idref="fl-161"/>
      </object_component>
      <object_component id="oc-251">
         <name>.const</name>
         <load_address>0x20008a08</load_address>
         <run_address>0x20008a08</run_address>
         <size>0x10</size>
         <input_file_ref idref="fl-13c"/>
      </object_component>
      <object_component id="oc-3c2">
         <name>.cinit..data.load</name>
         <load_address>0x20008a18</load_address>
         <run_address>0x20008a18</run_address>
         <size>0x4e</size>
      </object_component>
      <object_component id="oc-3c0">
         <name>__TI_handler_table</name>
         <load_address>0x20008a68</load_address>
         <run_address>0x20008a68</run_address>
         <size>0xc</size>
      </object_component>
      <object_component id="oc-3c3">
         <name>.cinit..bss.load</name>
         <load_address>0x20008a78</load_address>
         <run_address>0x20008a78</run_address>
         <size>0x8</size>
      </object_component>
      <object_component id="oc-3c1">
         <name>__TI_cinit_table</name>
         <load_address>0x20008a80</load_address>
         <run_address>0x20008a80</run_address>
         <size>0x10</size>
      </object_component>
      <object_component id="oc-2a">
         <name>.sysmem</name>
         <uninitialized>true</uninitialized>
         <run_address>0x20017000</run_address>
         <size>0x8</size>
         <input_file_ref idref="fl-133"/>
      </object_component>
      <object_component id="oc-3c5">
         <name>.sysmem</name>
         <uninitialized>true</uninitialized>
         <run_address>0x20017000</run_address>
         <size>0x0</size>
      </object_component>
      <object_component id="oc-29">
         <name>.stack</name>
         <uninitialized>true</uninitialized>
         <run_address>0x2002f800</run_address>
         <size>0x0</size>
         <input_file_ref idref="fl-12c"/>
      </object_component>
      <object_component id="oc-3c4">
         <name>.stack</name>
         <uninitialized>true</uninitialized>
         <run_address>0x2002f800</run_address>
         <size>0x0</size>
      </object_component>
      <object_component id="oc-1c3">
         <name>.common:__Errorlog</name>
         <uninitialized>true</uninitialized>
         <run_address>0x2001795c</run_address>
         <size>0x4</size>
      </object_component>
      <object_component id="oc-aa">
         <name>.data</name>
         <load_address>0x20017944</load_address>
         <run_address>0x20017944</run_address>
         <size>0x8</size>
         <input_file_ref idref="fl-130"/>
      </object_component>
      <object_component id="oc-222">
         <name>.data</name>
         <load_address>0x20017930</load_address>
         <run_address>0x20017930</run_address>
         <size>0xc</size>
         <input_file_ref idref="fl-133"/>
      </object_component>
      <object_component id="oc-73">
         <name>.data</name>
         <load_address>0x20017958</load_address>
         <run_address>0x20017958</run_address>
         <size>0x4</size>
         <input_file_ref idref="fl-137"/>
      </object_component>
      <object_component id="oc-a7">
         <name>.data</name>
         <load_address>0x2001793c</load_address>
         <run_address>0x2001793c</run_address>
         <size>0x8</size>
         <input_file_ref idref="fl-13a"/>
      </object_component>
      <object_component id="oc-351">
         <name>.data</name>
         <load_address>0x200178b0</load_address>
         <run_address>0x200178b0</run_address>
         <size>0x80</size>
         <input_file_ref idref="fl-15a"/>
      </object_component>
      <object_component id="oc-2dd">
         <name>.data</name>
         <load_address>0x20017954</load_address>
         <run_address>0x20017954</run_address>
         <size>0x4</size>
         <input_file_ref idref="fl-15b"/>
      </object_component>
      <object_component id="oc-376">
         <name>.data</name>
         <load_address>0x2001794c</load_address>
         <run_address>0x2001794c</run_address>
         <size>0x8</size>
         <input_file_ref idref="fl-15c"/>
      </object_component>
      <object_component id="oc-38d">
         <name>.data:sigtable</name>
         <load_address>0x20017800</load_address>
         <run_address>0x20017800</run_address>
         <size>0xb0</size>
         <input_file_ref idref="fl-15f"/>
      </object_component>
      <object_component id="oc-12d">
         <name>.debug_info</name>
         <load_address>0x0</load_address>
         <run_address>0x0</run_address>
         <size>0x4ac</size>
         <input_file_ref idref="fl-2"/>
      </object_component>
      <object_component id="oc-a0">
         <name>.debug_info</name>
         <load_address>0x4ac</load_address>
         <run_address>0x4ac</run_address>
         <size>0x67d</size>
         <input_file_ref idref="fl-2"/>
      </object_component>
      <object_component id="oc-1cc">
         <name>.debug_info</name>
         <load_address>0xb29</load_address>
         <run_address>0xb29</run_address>
         <size>0x110</size>
         <input_file_ref idref="fl-2"/>
      </object_component>
      <object_component id="oc-273">
         <name>.debug_info</name>
         <load_address>0xc39</load_address>
         <run_address>0xc39</run_address>
         <size>0x62</size>
         <input_file_ref idref="fl-2"/>
      </object_component>
      <object_component id="oc-7e">
         <name>.debug_info</name>
         <load_address>0xc9b</load_address>
         <run_address>0xc9b</run_address>
         <size>0x84</size>
         <input_file_ref idref="fl-2"/>
      </object_component>
      <object_component id="oc-14e">
         <name>.debug_info</name>
         <load_address>0xd1f</load_address>
         <run_address>0xd1f</run_address>
         <size>0x2c</size>
         <input_file_ref idref="fl-2"/>
      </object_component>
      <object_component id="oc-1c7">
         <name>.debug_info</name>
         <load_address>0xd4b</load_address>
         <run_address>0xd4b</run_address>
         <size>0x4e</size>
         <input_file_ref idref="fl-2"/>
      </object_component>
      <object_component id="oc-11b">
         <name>.debug_info</name>
         <load_address>0xd99</load_address>
         <run_address>0xd99</run_address>
         <size>0x190</size>
         <input_file_ref idref="fl-3"/>
      </object_component>
      <object_component id="oc-35">
         <name>.debug_info</name>
         <load_address>0xf29</load_address>
         <run_address>0xf29</run_address>
         <size>0x116</size>
         <input_file_ref idref="fl-4"/>
      </object_component>
      <object_component id="oc-10">
         <name>.debug_info</name>
         <load_address>0x103f</load_address>
         <run_address>0x103f</run_address>
         <size>0xfb</size>
         <input_file_ref idref="fl-4"/>
      </object_component>
      <object_component id="oc-2e">
         <name>.debug_info</name>
         <load_address>0x113a</load_address>
         <run_address>0x113a</run_address>
         <size>0x41c</size>
         <input_file_ref idref="fl-4"/>
      </object_component>
      <object_component id="oc-1c4">
         <name>.debug_info</name>
         <load_address>0x1556</load_address>
         <run_address>0x1556</run_address>
         <size>0x396</size>
         <input_file_ref idref="fl-5"/>
      </object_component>
      <object_component id="oc-121">
         <name>.debug_info</name>
         <load_address>0x18ec</load_address>
         <run_address>0x18ec</run_address>
         <size>0x8cf</size>
         <input_file_ref idref="fl-5"/>
      </object_component>
      <object_component id="oc-27">
         <name>.debug_info</name>
         <load_address>0x21bb</load_address>
         <run_address>0x21bb</run_address>
         <size>0x11c</size>
         <input_file_ref idref="fl-12c"/>
      </object_component>
      <object_component id="oc-41">
         <name>.debug_info</name>
         <load_address>0x22d7</load_address>
         <run_address>0x22d7</run_address>
         <size>0x109</size>
         <input_file_ref idref="fl-12d"/>
      </object_component>
      <object_component id="oc-14">
         <name>.debug_info</name>
         <load_address>0x23e0</load_address>
         <run_address>0x23e0</run_address>
         <size>0x1a8</size>
         <input_file_ref idref="fl-12d"/>
      </object_component>
      <object_component id="oc-3c">
         <name>.debug_info</name>
         <load_address>0x2588</load_address>
         <run_address>0x2588</run_address>
         <size>0x46</size>
         <input_file_ref idref="fl-12d"/>
      </object_component>
      <object_component id="oc-84">
         <name>.debug_info</name>
         <load_address>0x25ce</load_address>
         <run_address>0x25ce</run_address>
         <size>0x2c</size>
         <input_file_ref idref="fl-12d"/>
      </object_component>
      <object_component id="oc-49">
         <name>.debug_info</name>
         <load_address>0x25fa</load_address>
         <run_address>0x25fa</run_address>
         <size>0xfd</size>
         <input_file_ref idref="fl-12e"/>
      </object_component>
      <object_component id="oc-44">
         <name>.debug_info</name>
         <load_address>0x26f7</load_address>
         <run_address>0x26f7</run_address>
         <size>0x210</size>
         <input_file_ref idref="fl-12e"/>
      </object_component>
      <object_component id="oc-1a">
         <name>.debug_info</name>
         <load_address>0x2907</load_address>
         <run_address>0x2907</run_address>
         <size>0x17a</size>
         <input_file_ref idref="fl-12e"/>
      </object_component>
      <object_component id="oc-4a">
         <name>.debug_info</name>
         <load_address>0x2a81</load_address>
         <run_address>0x2a81</run_address>
         <size>0x39</size>
         <input_file_ref idref="fl-12e"/>
      </object_component>
      <object_component id="oc-8e">
         <name>.debug_info</name>
         <load_address>0x2aba</load_address>
         <run_address>0x2aba</run_address>
         <size>0x2c</size>
         <input_file_ref idref="fl-12e"/>
      </object_component>
      <object_component id="oc-5a">
         <name>.debug_info</name>
         <load_address>0x2ae6</load_address>
         <run_address>0x2ae6</run_address>
         <size>0xf8</size>
         <input_file_ref idref="fl-12f"/>
      </object_component>
      <object_component id="oc-1f">
         <name>.debug_info</name>
         <load_address>0x2bde</load_address>
         <run_address>0x2bde</run_address>
         <size>0x173</size>
         <input_file_ref idref="fl-12f"/>
      </object_component>
      <object_component id="oc-55">
         <name>.debug_info</name>
         <load_address>0x2d51</load_address>
         <run_address>0x2d51</run_address>
         <size>0x46</size>
         <input_file_ref idref="fl-12f"/>
      </object_component>
      <object_component id="oc-ae">
         <name>.debug_info</name>
         <load_address>0x2d97</load_address>
         <run_address>0x2d97</run_address>
         <size>0x15a</size>
         <input_file_ref idref="fl-130"/>
      </object_component>
      <object_component id="oc-ab">
         <name>.debug_info</name>
         <load_address>0x2ef1</load_address>
         <run_address>0x2ef1</run_address>
         <size>0xff</size>
         <input_file_ref idref="fl-130"/>
      </object_component>
      <object_component id="oc-6e">
         <name>.debug_info</name>
         <load_address>0x2ff0</load_address>
         <run_address>0x2ff0</run_address>
         <size>0x1d6</size>
         <input_file_ref idref="fl-130"/>
      </object_component>
      <object_component id="oc-38">
         <name>.debug_info</name>
         <load_address>0x31c6</load_address>
         <run_address>0x31c6</run_address>
         <size>0xde</size>
         <input_file_ref idref="fl-131"/>
      </object_component>
      <object_component id="oc-221">
         <name>.debug_info</name>
         <load_address>0x32a4</load_address>
         <run_address>0x32a4</run_address>
         <size>0xf5</size>
         <input_file_ref idref="fl-132"/>
      </object_component>
      <object_component id="oc-1b8">
         <name>.debug_info</name>
         <load_address>0x3399</load_address>
         <run_address>0x3399</run_address>
         <size>0x174</size>
         <input_file_ref idref="fl-132"/>
      </object_component>
      <object_component id="oc-79">
         <name>.debug_info</name>
         <load_address>0x350d</load_address>
         <run_address>0x350d</run_address>
         <size>0x1eb</size>
         <input_file_ref idref="fl-133"/>
      </object_component>
      <object_component id="oc-2b">
         <name>.debug_info</name>
         <load_address>0x36f8</load_address>
         <run_address>0x36f8</run_address>
         <size>0xca</size>
         <input_file_ref idref="fl-133"/>
      </object_component>
      <object_component id="oc-223">
         <name>.debug_info</name>
         <load_address>0x37c2</load_address>
         <run_address>0x37c2</run_address>
         <size>0x115</size>
         <input_file_ref idref="fl-133"/>
      </object_component>
      <object_component id="oc-1be">
         <name>.debug_info</name>
         <load_address>0x38d7</load_address>
         <run_address>0x38d7</run_address>
         <size>0x854</size>
         <input_file_ref idref="fl-133"/>
      </object_component>
      <object_component id="oc-b4">
         <name>.debug_info</name>
         <load_address>0x412b</load_address>
         <run_address>0x412b</run_address>
         <size>0x2c</size>
         <input_file_ref idref="fl-133"/>
      </object_component>
      <object_component id="oc-b9">
         <name>.debug_info</name>
         <load_address>0x4157</load_address>
         <run_address>0x4157</run_address>
         <size>0x62</size>
         <input_file_ref idref="fl-133"/>
      </object_component>
      <object_component id="oc-51">
         <name>.debug_info</name>
         <load_address>0x41b9</load_address>
         <run_address>0x41b9</run_address>
         <size>0x10c</size>
         <input_file_ref idref="fl-134"/>
      </object_component>
      <object_component id="oc-5c">
         <name>.debug_info</name>
         <load_address>0x42c5</load_address>
         <run_address>0x42c5</run_address>
         <size>0x111</size>
         <input_file_ref idref="fl-135"/>
      </object_component>
      <object_component id="oc-1db">
         <name>.debug_info</name>
         <load_address>0x43d6</load_address>
         <run_address>0x43d6</run_address>
         <size>0x19e</size>
         <input_file_ref idref="fl-136"/>
      </object_component>
      <object_component id="oc-127">
         <name>.debug_info</name>
         <load_address>0x4574</load_address>
         <run_address>0x4574</run_address>
         <size>0x3d3</size>
         <input_file_ref idref="fl-136"/>
      </object_component>
      <object_component id="oc-74">
         <name>.debug_info</name>
         <load_address>0x4947</load_address>
         <run_address>0x4947</run_address>
         <size>0xd2</size>
         <input_file_ref idref="fl-137"/>
      </object_component>
      <object_component id="oc-21f">
         <name>.debug_info</name>
         <load_address>0x4a19</load_address>
         <run_address>0x4a19</run_address>
         <size>0xb3</size>
         <input_file_ref idref="fl-138"/>
      </object_component>
      <object_component id="oc-1b2">
         <name>.debug_info</name>
         <load_address>0x4acc</load_address>
         <run_address>0x4acc</run_address>
         <size>0x193</size>
         <input_file_ref idref="fl-138"/>
      </object_component>
      <object_component id="oc-211">
         <name>.debug_info</name>
         <load_address>0x4c5f</load_address>
         <run_address>0x4c5f</run_address>
         <size>0x191</size>
         <input_file_ref idref="fl-139"/>
      </object_component>
      <object_component id="oc-1a1">
         <name>.debug_info</name>
         <load_address>0x4df0</load_address>
         <run_address>0x4df0</run_address>
         <size>0x325</size>
         <input_file_ref idref="fl-139"/>
      </object_component>
      <object_component id="oc-212">
         <name>.debug_info</name>
         <load_address>0x5115</load_address>
         <run_address>0x5115</run_address>
         <size>0x2c</size>
         <input_file_ref idref="fl-139"/>
      </object_component>
      <object_component id="oc-217">
         <name>.debug_info</name>
         <load_address>0x5141</load_address>
         <run_address>0x5141</run_address>
         <size>0x69</size>
         <input_file_ref idref="fl-139"/>
      </object_component>
      <object_component id="oc-13d">
         <name>.debug_info</name>
         <load_address>0x51aa</load_address>
         <run_address>0x51aa</run_address>
         <size>0xed</size>
         <input_file_ref idref="fl-13a"/>
      </object_component>
      <object_component id="oc-a8">
         <name>.debug_info</name>
         <load_address>0x5297</load_address>
         <run_address>0x5297</run_address>
         <size>0xdc</size>
         <input_file_ref idref="fl-13a"/>
      </object_component>
      <object_component id="oc-136">
         <name>.debug_info</name>
         <load_address>0x5373</load_address>
         <run_address>0x5373</run_address>
         <size>0x1e8</size>
         <input_file_ref idref="fl-13a"/>
      </object_component>
      <object_component id="oc-2c8">
         <name>.debug_info</name>
         <load_address>0x555b</load_address>
         <run_address>0x555b</run_address>
         <size>0x320</size>
         <input_file_ref idref="fl-13b"/>
      </object_component>
      <object_component id="oc-20b">
         <name>.debug_info</name>
         <load_address>0x587b</load_address>
         <run_address>0x587b</run_address>
         <size>0x17d0</size>
         <input_file_ref idref="fl-13b"/>
      </object_component>
      <object_component id="oc-2c9">
         <name>.debug_info</name>
         <load_address>0x704b</load_address>
         <run_address>0x704b</run_address>
         <size>0x86</size>
         <input_file_ref idref="fl-13b"/>
      </object_component>
      <object_component id="oc-327">
         <name>.debug_info</name>
         <load_address>0x70d1</load_address>
         <run_address>0x70d1</run_address>
         <size>0x46</size>
         <input_file_ref idref="fl-13b"/>
      </object_component>
      <object_component id="oc-2ce">
         <name>.debug_info</name>
         <load_address>0x7117</load_address>
         <run_address>0x7117</run_address>
         <size>0x39</size>
         <input_file_ref idref="fl-13b"/>
      </object_component>
      <object_component id="oc-265">
         <name>.debug_info</name>
         <load_address>0x7150</load_address>
         <run_address>0x7150</run_address>
         <size>0x43f</size>
         <input_file_ref idref="fl-13c"/>
      </object_component>
      <object_component id="oc-1d2">
         <name>.debug_info</name>
         <load_address>0x758f</load_address>
         <run_address>0x758f</run_address>
         <size>0xbc6</size>
         <input_file_ref idref="fl-13c"/>
      </object_component>
      <object_component id="oc-267">
         <name>.debug_info</name>
         <load_address>0x8155</load_address>
         <run_address>0x8155</run_address>
         <size>0x9a</size>
         <input_file_ref idref="fl-13c"/>
      </object_component>
      <object_component id="oc-a6">
         <name>.debug_info</name>
         <load_address>0x81ef</load_address>
         <run_address>0x81ef</run_address>
         <size>0x12f</size>
         <input_file_ref idref="fl-13d"/>
      </object_component>
      <object_component id="oc-69">
         <name>.debug_info</name>
         <load_address>0x831e</load_address>
         <run_address>0x831e</run_address>
         <size>0x130</size>
         <input_file_ref idref="fl-13d"/>
      </object_component>
      <object_component id="oc-130">
         <name>.debug_info</name>
         <load_address>0x844e</load_address>
         <run_address>0x844e</run_address>
         <size>0x5e</size>
         <input_file_ref idref="fl-13d"/>
      </object_component>
      <object_component id="oc-2f9">
         <name>.debug_info</name>
         <load_address>0x84ac</load_address>
         <run_address>0x84ac</run_address>
         <size>0xdd</size>
         <input_file_ref idref="fl-13e"/>
      </object_component>
      <object_component id="oc-25f">
         <name>.debug_info</name>
         <load_address>0x8589</load_address>
         <run_address>0x8589</run_address>
         <size>0x13a</size>
         <input_file_ref idref="fl-13e"/>
      </object_component>
      <object_component id="oc-9e">
         <name>.debug_info</name>
         <load_address>0x86c3</load_address>
         <run_address>0x86c3</run_address>
         <size>0x286</size>
         <input_file_ref idref="fl-13f"/>
      </object_component>
      <object_component id="oc-62">
         <name>.debug_info</name>
         <load_address>0x8949</load_address>
         <run_address>0x8949</run_address>
         <size>0x140</size>
         <input_file_ref idref="fl-13f"/>
      </object_component>
      <object_component id="oc-c2">
         <name>.debug_info</name>
         <load_address>0x8a89</load_address>
         <run_address>0x8a89</run_address>
         <size>0x39</size>
         <input_file_ref idref="fl-13f"/>
      </object_component>
      <object_component id="oc-c7">
         <name>.debug_info</name>
         <load_address>0x8ac2</load_address>
         <run_address>0x8ac2</run_address>
         <size>0xcd</size>
         <input_file_ref idref="fl-13f"/>
      </object_component>
      <object_component id="oc-bf">
         <name>.debug_info</name>
         <load_address>0x8b8f</load_address>
         <run_address>0x8b8f</run_address>
         <size>0x1a9</size>
         <input_file_ref idref="fl-140"/>
      </object_component>
      <object_component id="oc-98">
         <name>.debug_info</name>
         <load_address>0x8d38</load_address>
         <run_address>0x8d38</run_address>
         <size>0x14c</size>
         <input_file_ref idref="fl-140"/>
      </object_component>
      <object_component id="oc-145">
         <name>.debug_info</name>
         <load_address>0x8e84</load_address>
         <run_address>0x8e84</run_address>
         <size>0x2c</size>
         <input_file_ref idref="fl-140"/>
      </object_component>
      <object_component id="oc-26e">
         <name>.debug_info</name>
         <load_address>0x8eb0</load_address>
         <run_address>0x8eb0</run_address>
         <size>0xb7</size>
         <input_file_ref idref="fl-141"/>
      </object_component>
      <object_component id="oc-1d8">
         <name>.debug_info</name>
         <load_address>0x8f67</load_address>
         <run_address>0x8f67</run_address>
         <size>0xc3</size>
         <input_file_ref idref="fl-141"/>
      </object_component>
      <object_component id="oc-2ac">
         <name>.debug_info</name>
         <load_address>0x902a</load_address>
         <run_address>0x902a</run_address>
         <size>0x111</size>
         <input_file_ref idref="fl-142"/>
      </object_component>
      <object_component id="oc-287">
         <name>.debug_info</name>
         <load_address>0x913b</load_address>
         <run_address>0x913b</run_address>
         <size>0xed</size>
         <input_file_ref idref="fl-143"/>
      </object_component>
      <object_component id="oc-296">
         <name>.debug_info</name>
         <load_address>0x9228</load_address>
         <run_address>0x9228</run_address>
         <size>0xef</size>
         <input_file_ref idref="fl-143"/>
      </object_component>
      <object_component id="oc-291">
         <name>.debug_info</name>
         <load_address>0x9317</load_address>
         <run_address>0x9317</run_address>
         <size>0xff</size>
         <input_file_ref idref="fl-144"/>
      </object_component>
      <object_component id="oc-28c">
         <name>.debug_info</name>
         <load_address>0x9416</load_address>
         <run_address>0x9416</run_address>
         <size>0xff</size>
         <input_file_ref idref="fl-145"/>
      </object_component>
      <object_component id="oc-29b">
         <name>.debug_info</name>
         <load_address>0x9515</load_address>
         <run_address>0x9515</run_address>
         <size>0xf3</size>
         <input_file_ref idref="fl-146"/>
      </object_component>
      <object_component id="oc-241">
         <name>.debug_info</name>
         <load_address>0x9608</load_address>
         <run_address>0x9608</run_address>
         <size>0xfa</size>
         <input_file_ref idref="fl-147"/>
      </object_component>
      <object_component id="oc-312">
         <name>.debug_info</name>
         <load_address>0x9702</load_address>
         <run_address>0x9702</run_address>
         <size>0xe6</size>
         <input_file_ref idref="fl-148"/>
      </object_component>
      <object_component id="oc-2b0">
         <name>.debug_info</name>
         <load_address>0x97e8</load_address>
         <run_address>0x97e8</run_address>
         <size>0x155</size>
         <input_file_ref idref="fl-148"/>
      </object_component>
      <object_component id="oc-2a7">
         <name>.debug_info</name>
         <load_address>0x993d</load_address>
         <run_address>0x993d</run_address>
         <size>0xf1</size>
         <input_file_ref idref="fl-149"/>
      </object_component>
      <object_component id="oc-320">
         <name>.debug_info</name>
         <load_address>0x9a2e</load_address>
         <run_address>0x9a2e</run_address>
         <size>0x12a</size>
         <input_file_ref idref="fl-14a"/>
      </object_component>
      <object_component id="oc-2b6">
         <name>.debug_info</name>
         <load_address>0x9b58</load_address>
         <run_address>0x9b58</run_address>
         <size>0x14c</size>
         <input_file_ref idref="fl-14a"/>
      </object_component>
      <object_component id="oc-308">
         <name>.debug_info</name>
         <load_address>0x9ca4</load_address>
         <run_address>0x9ca4</run_address>
         <size>0x115</size>
         <input_file_ref idref="fl-14b"/>
      </object_component>
      <object_component id="oc-2a0">
         <name>.debug_info</name>
         <load_address>0x9db9</load_address>
         <run_address>0x9db9</run_address>
         <size>0x18b</size>
         <input_file_ref idref="fl-14b"/>
      </object_component>
      <object_component id="oc-324">
         <name>.debug_info</name>
         <load_address>0x9f44</load_address>
         <run_address>0x9f44</run_address>
         <size>0xba</size>
         <input_file_ref idref="fl-14c"/>
      </object_component>
      <object_component id="oc-2c2">
         <name>.debug_info</name>
         <load_address>0x9ffe</load_address>
         <run_address>0x9ffe</run_address>
         <size>0x174</size>
         <input_file_ref idref="fl-14c"/>
      </object_component>
      <object_component id="oc-2dc">
         <name>.debug_info</name>
         <load_address>0xa172</load_address>
         <run_address>0xa172</run_address>
         <size>0xbe</size>
         <input_file_ref idref="fl-14d"/>
      </object_component>
      <object_component id="oc-229">
         <name>.debug_info</name>
         <load_address>0xa230</load_address>
         <run_address>0xa230</run_address>
         <size>0x1ad</size>
         <input_file_ref idref="fl-14d"/>
      </object_component>
      <object_component id="oc-2f7">
         <name>.debug_info</name>
         <load_address>0xa3dd</load_address>
         <run_address>0xa3dd</run_address>
         <size>0xb9</size>
         <input_file_ref idref="fl-14e"/>
      </object_component>
      <object_component id="oc-259">
         <name>.debug_info</name>
         <load_address>0xa496</load_address>
         <run_address>0xa496</run_address>
         <size>0x19a</size>
         <input_file_ref idref="fl-14e"/>
      </object_component>
      <object_component id="oc-2f5">
         <name>.debug_info</name>
         <load_address>0xa630</load_address>
         <run_address>0xa630</run_address>
         <size>0xba</size>
         <input_file_ref idref="fl-14f"/>
      </object_component>
      <object_component id="oc-253">
         <name>.debug_info</name>
         <load_address>0xa6ea</load_address>
         <run_address>0xa6ea</run_address>
         <size>0x1b1</size>
         <input_file_ref idref="fl-14f"/>
      </object_component>
      <object_component id="oc-2ed">
         <name>.debug_info</name>
         <load_address>0xa89b</load_address>
         <run_address>0xa89b</run_address>
         <size>0x1bb</size>
         <input_file_ref idref="fl-150"/>
      </object_component>
      <object_component id="oc-2ea">
         <name>.debug_info</name>
         <load_address>0xaa56</load_address>
         <run_address>0xaa56</run_address>
         <size>0xe1</size>
         <input_file_ref idref="fl-150"/>
      </object_component>
      <object_component id="oc-23b">
         <name>.debug_info</name>
         <load_address>0xab37</load_address>
         <run_address>0xab37</run_address>
         <size>0x2c9</size>
         <input_file_ref idref="fl-150"/>
      </object_component>
      <object_component id="oc-2f1">
         <name>.debug_info</name>
         <load_address>0xae00</load_address>
         <run_address>0xae00</run_address>
         <size>0x10d</size>
         <input_file_ref idref="fl-151"/>
      </object_component>
      <object_component id="oc-246">
         <name>.debug_info</name>
         <load_address>0xaf0d</load_address>
         <run_address>0xaf0d</run_address>
         <size>0x230</size>
         <input_file_ref idref="fl-151"/>
      </object_component>
      <object_component id="oc-2f3">
         <name>.debug_info</name>
         <load_address>0xb13d</load_address>
         <run_address>0xb13d</run_address>
         <size>0x10e</size>
         <input_file_ref idref="fl-152"/>
      </object_component>
      <object_component id="oc-24c">
         <name>.debug_info</name>
         <load_address>0xb24b</load_address>
         <run_address>0xb24b</run_address>
         <size>0x274</size>
         <input_file_ref idref="fl-152"/>
      </object_component>
      <object_component id="oc-2e1">
         <name>.debug_info</name>
         <load_address>0xb4bf</load_address>
         <run_address>0xb4bf</run_address>
         <size>0x10e</size>
         <input_file_ref idref="fl-153"/>
      </object_component>
      <object_component id="oc-22f">
         <name>.debug_info</name>
         <load_address>0xb5cd</load_address>
         <run_address>0xb5cd</run_address>
         <size>0x1d6</size>
         <input_file_ref idref="fl-153"/>
      </object_component>
      <object_component id="oc-2e8">
         <name>.debug_info</name>
         <load_address>0xb7a3</load_address>
         <run_address>0xb7a3</run_address>
         <size>0x10f</size>
         <input_file_ref idref="fl-154"/>
      </object_component>
      <object_component id="oc-235">
         <name>.debug_info</name>
         <load_address>0xb8b2</load_address>
         <run_address>0xb8b2</run_address>
         <size>0x1fe</size>
         <input_file_ref idref="fl-154"/>
      </object_component>
      <object_component id="oc-283">
         <name>.debug_info</name>
         <load_address>0xbab0</load_address>
         <run_address>0xbab0</run_address>
         <size>0x14a</size>
         <input_file_ref idref="fl-155"/>
      </object_component>
      <object_component id="oc-322">
         <name>.debug_info</name>
         <load_address>0xbbfa</load_address>
         <run_address>0xbbfa</run_address>
         <size>0xdb</size>
         <input_file_ref idref="fl-156"/>
      </object_component>
      <object_component id="oc-2bc">
         <name>.debug_info</name>
         <load_address>0xbcd5</load_address>
         <run_address>0xbcd5</run_address>
         <size>0x11c</size>
         <input_file_ref idref="fl-156"/>
      </object_component>
      <object_component id="oc-355">
         <name>.debug_info</name>
         <load_address>0xbdf1</load_address>
         <run_address>0xbdf1</run_address>
         <size>0xf9</size>
         <input_file_ref idref="fl-157"/>
      </object_component>
      <object_component id="oc-314">
         <name>.debug_info</name>
         <load_address>0xbeea</load_address>
         <run_address>0xbeea</run_address>
         <size>0x17a</size>
         <input_file_ref idref="fl-157"/>
      </object_component>
      <object_component id="oc-369">
         <name>.debug_info</name>
         <load_address>0xc064</load_address>
         <run_address>0xc064</run_address>
         <size>0x86</size>
         <input_file_ref idref="fl-157"/>
      </object_component>
      <object_component id="oc-34e">
         <name>.debug_info</name>
         <load_address>0xc0ea</load_address>
         <run_address>0xc0ea</run_address>
         <size>0xe3</size>
         <input_file_ref idref="fl-158"/>
      </object_component>
      <object_component id="oc-30c">
         <name>.debug_info</name>
         <load_address>0xc1cd</load_address>
         <run_address>0xc1cd</run_address>
         <size>0x15b</size>
         <input_file_ref idref="fl-158"/>
      </object_component>
      <object_component id="oc-31a">
         <name>.debug_info</name>
         <load_address>0xc328</load_address>
         <run_address>0xc328</run_address>
         <size>0x13b</size>
         <input_file_ref idref="fl-159"/>
      </object_component>
      <object_component id="oc-352">
         <name>.debug_info</name>
         <load_address>0xc463</load_address>
         <run_address>0xc463</run_address>
         <size>0x19d</size>
         <input_file_ref idref="fl-15a"/>
      </object_component>
      <object_component id="oc-2de">
         <name>.debug_info</name>
         <load_address>0xc600</load_address>
         <run_address>0xc600</run_address>
         <size>0xbe</size>
         <input_file_ref idref="fl-15b"/>
      </object_component>
      <object_component id="oc-38b">
         <name>.debug_info</name>
         <load_address>0xc6be</load_address>
         <run_address>0xc6be</run_address>
         <size>0x126</size>
         <input_file_ref idref="fl-15c"/>
      </object_component>
      <object_component id="oc-377">
         <name>.debug_info</name>
         <load_address>0xc7e4</load_address>
         <run_address>0xc7e4</run_address>
         <size>0xf6</size>
         <input_file_ref idref="fl-15c"/>
      </object_component>
      <object_component id="oc-357">
         <name>.debug_info</name>
         <load_address>0xc8da</load_address>
         <run_address>0xc8da</run_address>
         <size>0x157</size>
         <input_file_ref idref="fl-15c"/>
      </object_component>
      <object_component id="oc-386">
         <name>.debug_info</name>
         <load_address>0xca31</load_address>
         <run_address>0xca31</run_address>
         <size>0x6f</size>
         <input_file_ref idref="fl-15c"/>
      </object_component>
      <object_component id="oc-2e4">
         <name>.debug_info</name>
         <load_address>0xcaa0</load_address>
         <run_address>0xcaa0</run_address>
         <size>0xe7</size>
         <input_file_ref idref="fl-15d"/>
      </object_component>
      <object_component id="oc-383">
         <name>.debug_info</name>
         <load_address>0xcb87</load_address>
         <run_address>0xcb87</run_address>
         <size>0xe5</size>
         <input_file_ref idref="fl-15e"/>
      </object_component>
      <object_component id="oc-371">
         <name>.debug_info</name>
         <load_address>0xcc6c</load_address>
         <run_address>0xcc6c</run_address>
         <size>0x13c</size>
         <input_file_ref idref="fl-15e"/>
      </object_component>
      <object_component id="oc-394">
         <name>.debug_info</name>
         <load_address>0xcda8</load_address>
         <run_address>0xcda8</run_address>
         <size>0x2c</size>
         <input_file_ref idref="fl-15e"/>
      </object_component>
      <object_component id="oc-391">
         <name>.debug_info</name>
         <load_address>0xcdd4</load_address>
         <run_address>0xcdd4</run_address>
         <size>0x105</size>
         <input_file_ref idref="fl-15f"/>
      </object_component>
      <object_component id="oc-38e">
         <name>.debug_info</name>
         <load_address>0xced9</load_address>
         <run_address>0xced9</run_address>
         <size>0xc3</size>
         <input_file_ref idref="fl-15f"/>
      </object_component>
      <object_component id="oc-37d">
         <name>.debug_info</name>
         <load_address>0xcf9c</load_address>
         <run_address>0xcf9c</run_address>
         <size>0x152</size>
         <input_file_ref idref="fl-15f"/>
      </object_component>
      <object_component id="oc-364">
         <name>.debug_info</name>
         <load_address>0xd0ee</load_address>
         <run_address>0xd0ee</run_address>
         <size>0xae</size>
         <input_file_ref idref="fl-160"/>
      </object_component>
      <object_component id="oc-349">
         <name>.debug_info</name>
         <load_address>0xd19c</load_address>
         <run_address>0xd19c</run_address>
         <size>0x135</size>
         <input_file_ref idref="fl-160"/>
      </object_component>
      <object_component id="oc-1e7">
         <name>.debug_info</name>
         <load_address>0xd2d1</load_address>
         <run_address>0xd2d1</run_address>
         <size>0x1a7</size>
         <input_file_ref idref="fl-161"/>
      </object_component>
      <object_component id="oc-164">
         <name>.debug_info</name>
         <load_address>0xd478</load_address>
         <run_address>0xd478</run_address>
         <size>0x1aa</size>
         <input_file_ref idref="fl-161"/>
      </object_component>
      <object_component id="oc-109">
         <name>.debug_info</name>
         <load_address>0xd622</load_address>
         <run_address>0xd622</run_address>
         <size>0x1a0</size>
         <input_file_ref idref="fl-161"/>
      </object_component>
      <object_component id="oc-103">
         <name>.debug_info</name>
         <load_address>0xd7c2</load_address>
         <run_address>0xd7c2</run_address>
         <size>0x1d2</size>
         <input_file_ref idref="fl-161"/>
      </object_component>
      <object_component id="oc-10f">
         <name>.debug_info</name>
         <load_address>0xd994</load_address>
         <run_address>0xd994</run_address>
         <size>0x1c3</size>
         <input_file_ref idref="fl-161"/>
      </object_component>
      <object_component id="oc-300">
         <name>.debug_info</name>
         <load_address>0xdb57</load_address>
         <run_address>0xdb57</run_address>
         <size>0xf4</size>
         <input_file_ref idref="fl-162"/>
      </object_component>
      <object_component id="oc-27b">
         <name>.debug_info</name>
         <load_address>0xdc4b</load_address>
         <run_address>0xdc4b</run_address>
         <size>0x102</size>
         <input_file_ref idref="fl-162"/>
      </object_component>
      <object_component id="oc-1ee">
         <name>.debug_info</name>
         <load_address>0xdd4d</load_address>
         <run_address>0xdd4d</run_address>
         <size>0x1e3</size>
         <input_file_ref idref="fl-162"/>
      </object_component>
      <object_component id="oc-1f4">
         <name>.debug_info</name>
         <load_address>0xdf30</load_address>
         <run_address>0xdf30</run_address>
         <size>0x231</size>
         <input_file_ref idref="fl-162"/>
      </object_component>
      <object_component id="oc-187">
         <name>.debug_info</name>
         <load_address>0xe161</load_address>
         <run_address>0xe161</run_address>
         <size>0x1f8</size>
         <input_file_ref idref="fl-162"/>
      </object_component>
      <object_component id="oc-181">
         <name>.debug_info</name>
         <load_address>0xe359</load_address>
         <run_address>0xe359</run_address>
         <size>0x1fa</size>
         <input_file_ref idref="fl-162"/>
      </object_component>
      <object_component id="oc-1e3">
         <name>.debug_info</name>
         <load_address>0xe553</load_address>
         <run_address>0xe553</run_address>
         <size>0x204</size>
         <input_file_ref idref="fl-163"/>
      </object_component>
      <object_component id="oc-155">
         <name>.debug_info</name>
         <load_address>0xe757</load_address>
         <run_address>0xe757</run_address>
         <size>0x10b</size>
         <input_file_ref idref="fl-163"/>
      </object_component>
      <object_component id="oc-17a">
[...]
         <name>TrimSpace</name>
         <value>0x200062b7</value>
         <object_component_ref idref="oc-120"/>
      </symbol>
      <symbol id="sm-d6">
         <name>_c_int00</name>
         <value>0x20008161</value>
         <object_component_ref idref="oc-24"/>
      </symbol>
      <symbol id="sm-d7">
         <name>__stack</name>
         <value>0x2002f800</value>
         <object_component_ref idref="oc-29"/>
      </symbol>
      <symbol id="sm-ee">
         <name>__TI_decompress_none</name>
         <value>0x200085f9</value>
         <object_component_ref idref="oc-12"/>
      </symbol>
      <symbol id="sm-116">
         <name>__TI_decompress_rle24</name>
         <value>0x20008631</value>
         <object_component_ref idref="oc-18"/>
      </symbol>
      <symbol id="sm-128">
         <name>__TI_zero_init</name>
         <value>0x20008615</value>
         <object_component_ref idref="oc-1e"/>
      </symbol>
      <symbol id="sm-147">
         <name>C$$EXIT</name>
         <value>0x20008021</value>
         <object_component_ref idref="oc-6d"/>
      </symbol>
      <symbol id="sm-148">
         <name>abort</name>
         <value>0x20008025</value>
         <object_component_ref idref="oc-6d"/>
      </symbol>
      <symbol id="sm-149">
         <name>exit</name>
         <value>0x2000802d</value>
         <object_component_ref idref="oc-6d"/>
      </symbol>
      <symbol id="sm-14a">
         <name>__TI_dtors_ptr</name>
         <value>0x20017948</value>
         <object_component_ref idref="oc-aa"/>
      </symbol>
      <symbol id="sm-14b">
         <name>__TI_cleanup_ptr</name>
         <value>0x20017944</value>
         <object_component_ref idref="oc-aa"/>
      </symbol>
      <symbol id="sm-166">
         <name>memcpy</name>
         <value>0x20007845</value>
         <object_component_ref idref="oc-36"/>
      </symbol>
      <symbol id="sm-167">
         <name>__aeabi_memcpy</name>
         <value>0x20007845</value>
         <object_component_ref idref="oc-36"/>
      </symbol>
      <symbol id="sm-168">
         <name>__aeabi_memcpy8</name>
         <value>0x20007845</value>
         <object_component_ref idref="oc-36"/>
      </symbol>
      <symbol id="sm-169">
         <name>__aeabi_memcpy4</name>
         <value>0x20007845</value>
         <object_component_ref idref="oc-36"/>
      </symbol>
      <symbol id="sm-179">
         <name>memmove</name>
         <value>0x200083e5</value>
         <object_component_ref idref="oc-1b7"/>
      </symbol>
      <symbol id="sm-1f0">
         <name>_sys_memory</name>
         <value>0x20017000</value>
         <object_component_ref idref="oc-2a"/>
      </symbol>
      <symbol id="sm-1f1">
         <name>free</name>
         <value>0x20005ea7</value>
         <object_component_ref idref="oc-1bd"/>
      </symbol>
      <symbol id="sm-1f2">
         <name>realloc</name>
         <value>0x20005f69</value>
         <object_component_ref idref="oc-1bd"/>
      </symbol>
      <symbol id="sm-1f3">
         <name>memalign</name>
         <value>0x20006075</value>
         <object_component_ref idref="oc-1bd"/>
      </symbol>
      <symbol id="sm-1f4">
         <name>calloc</name>
         <value>0x20006159</value>
         <object_component_ref idref="oc-1bd"/>
      </symbol>
      <symbol id="sm-1f5">
         <name>malloc</name>
         <value>0x20005e3f</value>
         <object_component_ref idref="oc-1bd"/>
      </symbol>
      <symbol id="sm-1f6">
         <name>minit</name>
         <value>0x20005db1</value>
         <object_component_ref idref="oc-1bd"/>
      </symbol>
      <symbol id="sm-205">
         <name>__aeabi_memset</name>
         <value>0x20007b93</value>
         <object_component_ref idref="oc-4f"/>
      </symbol>
      <symbol id="sm-206">
         <name>memset</name>
         <value>0x20007b99</value>
         <object_component_ref idref="oc-4f"/>
      </symbol>
      <symbol id="sm-207">
         <name>__aeabi_memset8</name>
         <value>0x20007b93</value>
         <object_component_ref idref="oc-4f"/>
      </symbol>
      <symbol id="sm-208">
         <name>__aeabi_memset4</name>
         <value>0x20007b93</value>
         <object_component_ref idref="oc-4f"/>
      </symbol>
      <symbol id="sm-209">
         <name>__aeabi_memclr8</name>
         <value>0x20007b91</value>
         <object_component_ref idref="oc-4f"/>
      </symbol>
      <symbol id="sm-20a">
         <name>__aeabi_memclr4</name>
         <value>0x20007b91</value>
         <object_component_ref idref="oc-4f"/>
      </symbol>
      <symbol id="sm-20b">
         <name>__aeabi_memclr</name>
         <value>0x20007b91</value>
         <object_component_ref idref="oc-4f"/>
      </symbol>
      <symbol id="sm-215">
         <name>_system_pre_init</name>
         <value>0x20008637</value>
         <object_component_ref idref="oc-5b"/>
      </symbol>
      <symbol id="sm-237">
         <name>sscanf</name>
         <value>0x20007623</value>
         <object_component_ref idref="oc-126"/>
      </symbol>
      <symbol id="sm-238">
         <name>vsscanf</name>
         <value>0x20007611</value>
         <object_component_ref idref="oc-126"/>
      </symbol>
      <symbol id="sm-240">
         <name>main_func_sp</name>
         <value>0x20017958</value>
         <object_component_ref idref="oc-73"/>
      </symbol>
      <symbol id="sm-24e">
         <name>strlen</name>
         <value>0x200085e5</value>
         <object_component_ref idref="oc-1b1"/>
      </symbol>
      <symbol id="sm-26f">
         <name>vsnprintf</name>
         <value>0x200079fd</value>
         <object_component_ref idref="oc-19f"/>
      </symbol>
      <symbol id="sm-288">
         <name>_nop</name>
         <value>0x200085cb</value>
         <object_component_ref idref="oc-135"/>
      </symbol>
      <symbol id="sm-289">
         <name>_lock</name>
         <value>0x2001793c</value>
         <object_component_ref idref="oc-a7"/>
      </symbol>
      <symbol id="sm-28a">
         <name>_unlock</name>
         <value>0x20017940</value>
         <object_component_ref idref="oc-a7"/>
      </symbol>
      <symbol id="sm-28b">
         <name>_register_lock</name>
         <value>0x200085c3</value>
         <object_component_ref idref="oc-135"/>
      </symbol>
      <symbol id="sm-28c">
         <name>_register_unlock</name>
         <value>0x200085bd</value>
         <object_component_ref idref="oc-135"/>
      </symbol>
      <symbol id="sm-391">
         <name>__TI_printfi</name>
         <value>0x200051a1</value>
         <object_component_ref idref="oc-20a"/>
      </symbol>
      <symbol id="sm-428">
         <name>__TI_scanfi</name>
         <value>0x20005901</value>
         <object_component_ref idref="oc-1d1"/>
      </symbol>
      <symbol id="sm-43d">
         <name>_args_main</name>
         <value>0x20008509</value>
         <object_component_ref idref="oc-67"/>
      </symbol>
      <symbol id="sm-453">
         <name>atoi</name>
         <value>0x20007e6d</value>
         <object_component_ref idref="oc-25e"/>
      </symbol>
      <symbol id="sm-479">
         <name>__TI_auto_init</name>
         <value>0x20007c81</value>
         <object_component_ref idref="oc-61"/>
      </symbol>
      <symbol id="sm-493">
         <name>copy_in</name>
         <value>0x20007eb9</value>
         <object_component_ref idref="oc-97"/>
      </symbol>
      <symbol id="sm-49e">
         <name>_ctypes_</name>
         <value>0x20008640</value>
         <object_component_ref idref="oc-1d7"/>
      </symbol>
      <symbol id="sm-4c2">
         <name>__aeabi_dsub</name>
         <value>0x20006c2d</value>
         <object_component_ref idref="oc-2aa"/>
      </symbol>
      <symbol id="sm-4c3">
         <name>__aeabi_dadd</name>
         <value>0x20006c37</value>
         <object_component_ref idref="oc-2aa"/>
      </symbol>
      <symbol id="sm-4ea">
         <name>__aeabi_cdcmpeq</name>
         <value>0x20007a85</value>
         <object_component_ref idref="oc-286"/>
      </symbol>
      <symbol id="sm-4eb">
         <name>__aeabi_cdcmple</name>
         <value>0x20007a85</value>
         <object_component_ref idref="oc-286"/>
      </symbol>
      <symbol id="sm-4ec">
         <name>__aeabi_cdrcmple</name>
         <value>0x20007b0b</value>
         <object_component_ref idref="oc-295"/>
      </symbol>
      <symbol id="sm-50c">
         <name>__aeabi_ddiv</name>
         <value>0x20006f51</value>
         <object_component_ref idref="oc-290"/>
      </symbol>
      <symbol id="sm-523">
         <name>__aeabi_dmul</name>
         <value>0x20007515</value>
         <object_component_ref idref="oc-28b"/>
      </symbol>
      <symbol id="sm-531">
         <name>__aeabi_d2iz</name>
         <value>0x20007f05</value>
         <object_component_ref idref="oc-29a"/>
      </symbol>
      <symbol id="sm-53e">
         <name>__aeabi_d2f</name>
         <value>0x20007f4d</value>
         <object_component_ref idref="oc-240"/>
      </symbol>
      <symbol id="sm-54b">
         <name>frexp</name>
         <value>0x20008409</value>
         <object_component_ref idref="oc-2af"/>
      </symbol>
      <symbol id="sm-557">
         <name>__aeabi_i2d</name>
         <value>0x20008269</value>
         <object_component_ref idref="oc-2a5"/>
      </symbol>
      <symbol id="sm-568">
         <name>ldexp</name>
         <value>0x20007f95</value>
         <object_component_ref idref="oc-2b5"/>
      </symbol>
      <symbol id="sm-577">
         <name>ltoa</name>
         <value>0x20007e15</value>
         <object_component_ref idref="oc-29f"/>
      </symbol>
      <symbol id="sm-587">
         <name>memccpy</name>
         <value>0x200084a1</value>
         <object_component_ref idref="oc-2c1"/>
      </symbol>
      <symbol id="sm-597">
         <name>strchr</name>
         <value>0x2000857d</value>
         <object_component_ref idref="oc-228"/>
      </symbol>
      <symbol id="sm-5a5">
         <name>strcpy</name>
         <value>0x200085d1</value>
         <object_component_ref idref="oc-258"/>
      </symbol>
      <symbol id="sm-5b4">
         <name>strrchr</name>
         <value>0x20008539</value>
         <object_component_ref idref="oc-252"/>
      </symbol>
      <symbol id="sm-5f3">
         <name>strtold</name>
         <value>0x2000640d</value>
         <object_component_ref idref="oc-23a"/>
      </symbol>
      <symbol id="sm-5f4">
         <name>strtod</name>
         <value>0x2000640d</value>
         <object_component_ref idref="oc-23a"/>
      </symbol>
      <symbol id="sm-619">
         <name>strtol</name>
         <value>0x200071bd</value>
         <object_component_ref idref="oc-245"/>
      </symbol>
      <symbol id="sm-642">
         <name>strtoll</name>
         <value>0x20006a49</value>
         <object_component_ref idref="oc-24b"/>
      </symbol>
      <symbol id="sm-663">
         <name>strtoul</name>
         <value>0x200072f1</value>
         <object_component_ref idref="oc-22e"/>
      </symbol>
      <symbol id="sm-689">
         <name>strtoull</name>
         <value>0x20006de5</value>
         <object_component_ref idref="oc-234"/>
      </symbol>
      <symbol id="sm-6b3">
         <name>__aeabi_uldivmod</name>
         <value>0x20006855</value>
         <object_component_ref idref="oc-281"/>
      </symbol>
      <symbol id="sm-6c1">
         <name>_Dclass</name>
         <value>0x2000836f</value>
         <object_component_ref idref="oc-2bb"/>
      </symbol>
      <symbol id="sm-6e2">
         <name>_Dscale</name>
         <value>0x20007405</value>
         <object_component_ref idref="oc-313"/>
      </symbol>
      <symbol id="sm-6f6">
         <name>_Dunscale</name>
         <value>0x20007d57</value>
         <object_component_ref idref="oc-30b"/>
      </symbol>
      <symbol id="sm-705">
         <name>_Feraise</name>
         <value>0x20008239</value>
         <object_component_ref idref="oc-319"/>
      </symbol>
      <symbol id="sm-715">
         <name>_Rteps</name>
         <value>0x20017910</value>
         <object_component_ref idref="oc-351"/>
      </symbol>
      <symbol id="sm-716">
         <name>_Zero</name>
         <value>0x20017928</value>
         <object_component_ref idref="oc-351"/>
      </symbol>
      <symbol id="sm-717">
         <name>_Hugeval</name>
         <value>0x200178d0</value>
         <object_component_ref idref="oc-351"/>
      </symbol>
      <symbol id="sm-718">
         <name>_Snan</name>
         <value>0x20017900</value>
         <object_component_ref idref="oc-351"/>
      </symbol>
      <symbol id="sm-719">
         <name>_Nan</name>
         <value>0x200178f0</value>
         <object_component_ref idref="oc-351"/>
      </symbol>
      <symbol id="sm-71a">
         <name>_Inf</name>
         <value>0x200178e0</value>
         <object_component_ref idref="oc-351"/>
      </symbol>
      <symbol id="sm-71b">
         <name>_Xbig</name>
         <value>0x20017920</value>
         <object_component_ref idref="oc-351"/>
      </symbol>
      <symbol id="sm-71c">
         <name>_Eps</name>
         <value>0x200178c0</value>
         <object_component_ref idref="oc-351"/>
      </symbol>
      <symbol id="sm-71d">
         <name>_Denorm</name>
         <value>0x200178b0</value>
         <object_component_ref idref="oc-351"/>
      </symbol>
      <symbol id="sm-725">
         <name>_Errno</name>
         <value>0x20017954</value>
         <object_component_ref idref="oc-2dd"/>
      </symbol>
      <symbol id="sm-743">
         <name>feraiseexcept</name>
         <value>0x200081d5</value>
         <object_component_ref idref="oc-356"/>
      </symbol>
      <symbol id="sm-744">
         <name>_Tls_setup__Fenv</name>
         <value>0x20017950</value>
         <object_component_ref idref="oc-376"/>
      </symbol>
      <symbol id="sm-745">
         <name>_Fenv</name>
         <value>0x2001794c</value>
         <object_component_ref idref="oc-376"/>
      </symbol>
      <symbol id="sm-752">
         <name>__aeabi_lmul</name>
         <value>0x20008521</value>
         <object_component_ref idref="oc-2e2"/>
      </symbol>
      <symbol id="sm-766">
         <name>raise</name>
         <value>0x20008297</value>
         <object_component_ref idref="oc-370"/>
      </symbol>
      <symbol id="sm-780">
         <name>signal</name>
         <value>0x200080e5</value>
         <object_component_ref idref="oc-37c"/>
      </symbol>
      <symbol id="sm-795">
         <name>_Dnorm</name>
         <value>0x200076dd</value>
         <object_component_ref idref="oc-347"/>
      </symbol>
      <symbol id="sm-7cc">
         <name>IntVTableBaseSet</name>
         <value>0x200085a9</value>
         <object_component_ref idref="oc-102"/>
      </symbol>
      <symbol id="sm-7cd">
         <name>IntEnable</name>
         <value>0x2000779d</value>
         <object_component_ref idref="oc-10e"/>
      </symbol>
      <symbol id="sm-7ce">
         <name>IntMasterEnable</name>
         <value>0x20008621</value>
         <object_component_ref idref="oc-108"/>
      </symbol>
      <symbol id="sm-803">
         <name>PinTypeUART</name>
         <value>0x200084d7</value>
         <object_component_ref idref="oc-186"/>
      </symbol>
      <symbol id="sm-804">
         <name>PinTypeTimer</name>
         <value>0x200084bd</value>
         <object_component_ref idref="oc-180"/>
      </symbol>
      <symbol id="sm-805">
         <name>PinConfigSet</name>
         <value>0x20007975</value>
         <object_component_ref idref="oc-1f3"/>
      </symbol>
      <symbol id="sm-806">
         <name>PinModeSet</name>
         <value>0x20008065</value>
         <object_component_ref idref="oc-1ed"/>
      </symbol>
      <symbol id="sm-888">
         <name>PRCMPeripheralReset</name>
         <value>0x20007dbd</value>
         <object_component_ref idref="oc-173"/>
      </symbol>
      <symbol id="sm-889">
         <name>PRCMPeripheralClkEnable</name>
         <value>0x20008125</value>
         <object_component_ref idref="oc-ea"/>
      </symbol>
      <symbol id="sm-88a">
         <name>PRCMPeripheralClockGet</name>
         <value>0x200078e1</value>
         <object_component_ref idref="oc-18d"/>
      </symbol>
      <symbol id="sm-88b">
         <name>PRCMCC3200MCUInit</name>
         <value>0x20007089</value>
         <object_component_ref idref="oc-114"/>
      </symbol>
      <symbol id="sm-88c">
         <name>PRCMHIBRegWrite</name>
         <value>0x20008567</value>
         <object_component_ref idref="oc-16d"/>
      </symbol>
      <symbol id="sm-88d">
         <name>PRCMSysResetCauseGet</name>
         <value>0x200082c5</value>
         <object_component_ref idref="oc-179"/>
      </symbol>
      <symbol id="sm-88e">
         <name>PRCMPeripheralClkDisable</name>
         <value>0x20008399</value>
         <object_component_ref idref="oc-fc"/>
      </symbol>
      <symbol id="sm-88f">
         <name>PRCMHIBRegRead</name>
         <value>0x20008551</value>
         <object_component_ref idref="oc-167"/>
      </symbol>
      <symbol id="sm-8d4">
         <name>TimerMatchSet</name>
         <value>0x2000831b</value>
         <object_component_ref idref="oc-cc"/>
      </symbol>
      <symbol id="sm-8d5">
         <name>TimerLoadSet</name>
         <value>0x200082f1</value>
         <object_component_ref idref="oc-e4"/>
      </symbol>
      <symbol id="sm-8d6">
         <name>TimerControlLevel</name>
         <value>0x2000819d</value>
         <object_component_ref idref="oc-de"/>
      </symbol>
      <symbol id="sm-8d7">
         <name>TimerDisable</name>
         <value>0x2000842b</value>
         <object_component_ref idref="oc-f6"/>
      </symbol>
      <symbol id="sm-8d8">
         <name>TimerEnable</name>
         <value>0x20008449</value>
         <object_component_ref idref="oc-f0"/>
      </symbol>
      <symbol id="sm-8d9">
         <name>TimerPrescaleSet</name>
         <value>0x20008345</value>
         <object_component_ref idref="oc-d8"/>
      </symbol>
      <symbol id="sm-8da">
         <name>TimerConfigure</name>
         <value>0x20007fdd</value>
         <object_component_ref idref="oc-d2"/>
      </symbol>
      <symbol id="sm-916">
         <name>UARTConfigSetExpClk</name>
         <value>0x20007c0b</value>
         <object_component_ref idref="oc-193"/>
      </symbol>
      <symbol id="sm-917">
         <name>UARTDisable</name>
         <value>0x20008209</value>
         <object_component_ref idref="oc-1fc"/>
      </symbol>
      <symbol id="sm-918">
         <name>UARTCharsAvail</name>
         <value>0x200084f1</value>
         <object_component_ref idref="oc-1a5"/>
      </symbol>
      <symbol id="sm-919">
         <name>UARTCharGetNonBlocking</name>
         <value>0x20008485</value>
         <object_component_ref idref="oc-1ab"/>
      </symbol>
      <symbol id="sm-91a">
         <name>UARTCharPut</name>
         <value>0x20008467</value>
         <object_component_ref idref="oc-199"/>
      </symbol>
      <symbol id="sm-91b">
         <name>UARTEnable</name>
         <value>0x200083c1</value>
         <object_component_ref idref="oc-202"/>
      </symbol>
      <symbol id="sm-91f">
         <name>UtilsDelay</name>
         <value>0x2000862b</value>
         <object_component_ref idref="oc-1e8"/>
      </symbol>
      <symbol id="sm-929">
         <name>CPUcpsie</name>
         <value>0x20008593</value>
         <object_component_ref idref="oc-15c"/>
      </symbol>
      <symbol id="sm-92b">
         <name>__TI_static_base__</name>
         <value>0x20008a18</value>
      </symbol>
      <symbol id="sm-92e">
         <name>SHT$$INIT_ARRAY$$Limit</name>
         <value>0x0</value>
      </symbol>
      <symbol id="sm-92f">
         <name>SHT$$INIT_ARRAY$$Base</name>
         <value>0x0</value>
      </symbol>
   </symbol_table>
   <title>Link successful</title>
</link_info>
