<?xml version="1.0"?>
<link_info>
   <banner>TMS320C2000 Linker PC v6.4.6</banner>
   <copyright>Copyright (c) 1996-2015 Texas Instruments Incorporated</copyright>
   <link_time>0x56956629</link_time>
   <link_errors>0x0</link_errors>
   <output_file>Example_F2802xSci_FFDLB_int.out</output_file>
   <entry_point>
      <name>code_start</name>
      <address>0x3f7ff6</address>
   </entry_point>
   <input_file_list>
      <input_file id="fl-2">
         <path>.\</path>
         <kind>object</kind>
         <file>Example_2802xSci_FFDLB_int.obj</file>
         <name>Example_2802xSci_FFDLB_int.obj</name>
      </input_file>
      <input_file id="fl-a">
         <path>C:\ti\controlSUITE\device_support\f2802x\v230\f2802x_common\lib\</path>
         <kind>archive</kind>
         <file>driverlib.lib</file>
         <name>adc.obj</name>
      </input_file>
      <input_file id="fl-b">
         <path>C:\ti\controlSUITE\device_support\f2802x\v230\f2802x_common\lib\</path>
         <kind>archive</kind>
         <file>driverlib.lib</file>
         <name>clk.obj</name>
      </input_file>
      <input_file id="fl-c">
         <path>C:\ti\controlSUITE\device_support\f2802x\v230\f2802x_common\lib\</path>
         <kind>archive</kind>
         <file>driverlib.lib</file>
         <name>cpu.obj</name>
      </input_file>
      <input_file id="fl-d">
         <path>C:\ti\controlSUITE\device_support\f2802x\v230\f2802x_common\lib\</path>
         <kind>archive</kind>
         <file>driverlib.lib</file>
         <name>f2802xx_asmfuncs.obj</name>
      </input_file>
      <input_file id="fl-e">
         <path>C:\ti\controlSUITE\device_support\f2802x\v230\f2802x_common\lib\</path>
         <kind>archive</kind>
         <file>driverlib.lib</file>
         <name>f2802xx_codestartbranch.obj</name>
      </input_file>
      <input_file id="fl-f">
         <path>C:\ti\controlSUITE\device_support\f2802x\v230\f2802x_common\lib\</path>
         <kind>archive</kind>
         <file>driverlib.lib</file>
         <name>flash.obj</name>
      </input_file>
      <input_file id="fl-10">
         <path>C:\ti\controlSUITE\device_support\f2802x\v230\f2802x_common\lib\</path>
         <kind>archive</kind>
         <file>driverlib.lib</file>
         <name>gpio.obj</name>
      </input_file>
      <input_file id="fl-11">
         <path>C:\ti\controlSUITE\device_support\f2802x\v230\f2802x_common\lib\</path>
         <kind>archive</kind>
         <file>driverlib.lib</file>
         <name>pie.obj</name>
      </input_file>
      <input_file id="fl-12">
         <path>C:\ti\controlSUITE\device_support\f2802x\v230\f2802x_common\lib\</path>
         <kind>archive</kind>
         <file>driverlib.lib</file>
         <name>pll.obj</name>
      </input_file>
      <input_file id="fl-13">
         <path>C:\ti\controlSUITE\device_support\f2802x\v230\f2802x_common\lib\</path>
         <kind>archive</kind>
         <file>driverlib.lib</file>
         <name>sci.obj</name>
      </input_file>
      <input_file id="fl-14">
         <path>C:\ti\controlSUITE\device_support\f2802x\v230\f2802x_common\lib\</path>
         <kind>archive</kind>
         <file>driverlib.lib</file>
         <name>wdog.obj</name>
      </input_file>
      <input_file id="fl-15">
         <path>C:\ti\controlSUITE\device_support\f2802x\v230\f2802x_common\lib\</path>
         <kind>archive</kind>
         <file>driverlib.lib</file>
         <name>f2802xx_defaultisr.obj</name>
      </input_file>
      <input_file id="fl-16">
         <path>C:\ti\ccsv6\tools\compiler\ti-cgt-c2000_6.4.6\lib\</path>
         <kind>archive</kind>
         <file>rts2800_ml.lib</file>
         <name>boot.obj</name>
      </input_file>
      <input_file id="fl-17">
         <path>C:\ti\ccsv6\tools\compiler\ti-cgt-c2000_6.4.6\lib\</path>
         <kind>archive</kind>
         <file>rts2800_ml.lib</file>
         <name>exit.obj</name>
      </input_file>
      <input_file id="fl-18">
         <path>C:\ti\ccsv6\tools\compiler\ti-cgt-c2000_6.4.6\lib\</path>
         <kind>archive</kind>
         <file>rts2800_ml.lib</file>
         <name>memcpy.obj</name>
      </input_file>
      <input_file id="fl-19">
         <path>C:\ti\ccsv6\tools\compiler\ti-cgt-c2000_6.4.6\lib\</path>
         <kind>archive</kind>
         <file>rts2800_ml.lib</file>
         <name>_lock.obj</name>
      </input_file>
      <input_file id="fl-1a">
         <path>C:\ti\ccsv6\tools\compiler\ti-cgt-c2000_6.4.6\lib\</path>
         <kind>archive</kind>
         <file>rts2800_ml.lib</file>
         <name>args_main.obj</name>
      </input_file>
   </input_file_list>
   <object_component_list>
      <object_component id="oc-36">
         <name>codestart</name>
         <load_address>0x3f7ff6</load_address>
         <run_address>0x3f7ff6</run_address>
         <size>0x2</size>
         <input_file_ref idref="fl-e"/>
      </object_component>
      <object_component id="oc-50">
         <name>ramfuncs</name>
         <load_address>0x3f7000</load_address>
         <run_address>0x50</run_address>
         <size>0x4</size>
         <input_file_ref idref="fl-d"/>
      </object_component>
      <object_component id="oc-b9">
         <name>.cinit</name>
         <load_address>0x3f75f1</load_address>
         <run_address>0x3f75f1</run_address>
         <size>0xa</size>
         <input_file_ref idref="fl-17"/>
      </object_component>
      <object_component id="oc-fe">
         <name>.cinit:__lock</name>
         <load_address>0x3f75fb</load_address>
         <run_address>0x3f75fb</run_address>
         <size>0x5</size>
         <input_file_ref idref="fl-19"/>
      </object_component>
      <object_component id="oc-105">
         <name>.cinit:__unlock</name>
         <load_address>0x3f7600</load_address>
         <run_address>0x3f7600</run_address>
         <size>0x5</size>
         <input_file_ref idref="fl-19"/>
      </object_component>
      <object_component id="oc-cf">
         <name>.text</name>
         <load_address>0x3f7004</load_address>
         <run_address>0x3f7004</run_address>
         <size>0x14d</size>
         <input_file_ref idref="fl-2"/>
      </object_component>
      <object_component id="oc-e8">
         <name>.text:_GPIO_setMode</name>
         <load_address>0x3f7151</load_address>
         <run_address>0x3f7151</run_address>
         <size>0x48</size>
         <input_file_ref idref="fl-10"/>
      </object_component>
      <object_component id="oc-b1">
         <name>.text</name>
         <load_address>0x3f7199</load_address>
         <run_address>0x3f7199</run_address>
         <size>0x44</size>
         <input_file_ref idref="fl-16"/>
      </object_component>
      <object_component id="oc-e6">
         <name>.text:_GPIO_setPullUp</name>
         <load_address>0x3f71dd</load_address>
         <run_address>0x3f71dd</run_address>
         <size>0x29</size>
         <input_file_ref idref="fl-10"/>
      </object_component>
      <object_component id="oc-39">
         <name>.text:retain</name>
         <load_address>0x3f7206</load_address>
         <run_address>0x3f7206</run_address>
         <size>0x29</size>
         <input_file_ref idref="fl-2"/>
      </object_component>
      <object_component id="oc-e7">
         <name>.text:_GPIO_setQualification</name>
         <load_address>0x3f722f</load_address>
         <run_address>0x3f722f</run_address>
         <size>0x27</size>
         <input_file_ref idref="fl-10"/>
      </object_component>
      <object_component id="oc-e5">
         <name>.text</name>
         <load_address>0x3f7256</load_address>
         <run_address>0x3f7256</run_address>
         <size>0x1d</size>
         <input_file_ref idref="fl-18"/>
      </object_component>
      <object_component id="oc-d0">
         <name>.text</name>
         <load_address>0x3f7273</load_address>
         <run_address>0x3f7273</run_address>
         <size>0x19</size>
         <input_file_ref idref="fl-1a"/>
      </object_component>
      <object_component id="oc-d1">
         <name>.text</name>
         <load_address>0x3f728c</load_address>
         <run_address>0x3f728c</run_address>
         <size>0x19</size>
         <input_file_ref idref="fl-17"/>
      </object_component>
      <object_component id="oc-e0">
         <name>.text:_PLL_setup</name>
         <load_address>0x3f72a5</load_address>
         <run_address>0x3f72a5</run_address>
         <size>0x15</size>
         <input_file_ref idref="fl-12"/>
      </object_component>
      <object_component id="oc-e2">
         <name>.text:_PIE_disableAllInts</name>
         <load_address>0x3f72ba</load_address>
         <run_address>0x3f72ba</run_address>
         <size>0x11</size>
         <input_file_ref idref="fl-11"/>
      </object_component>
      <object_component id="oc-e9">
         <name>.text:_PIE_setDebugIntVectorTable</name>
         <load_address>0x3f72cb</load_address>
         <run_address>0x3f72cb</run_address>
         <size>0x11</size>
         <input_file_ref idref="fl-11"/>
      </object_component>
      <object_component id="oc-d4">
         <name>.text:_ADC_init</name>
         <load_address>0x3f72dc</load_address>
         <run_address>0x3f72dc</run_address>
         <size>0xa</size>
         <input_file_ref idref="fl-a"/>
      </object_component>
      <object_component id="oc-d9">
         <name>.text:_PIE_init</name>
         <load_address>0x3f72e6</load_address>
         <run_address>0x3f72e6</run_address>
         <size>0xa</size>
         <input_file_ref idref="fl-11"/>
      </object_component>
      <object_component id="oc-f8">
         <name>.text:_SCI_resetChannels</name>
         <load_address>0x3f72f0</load_address>
         <run_address>0x3f72f0</run_address>
         <size>0xa</size>
         <input_file_ref idref="fl-13"/>
      </object_component>
      <object_component id="oc-fa">
         <name>.text:_SCI_resetRxFifo</name>
         <load_address>0x3f72fa</load_address>
         <run_address>0x3f72fa</run_address>
         <size>0xa</size>
         <input_file_ref idref="fl-13"/>
      </object_component>
      <object_component id="oc-f6">
         <name>.text:_SCI_resetTxFifo</name>
         <load_address>0x3f7304</load_address>
         <run_address>0x3f7304</run_address>
         <size>0xa</size>
         <input_file_ref idref="fl-13"/>
      </object_component>
      <object_component id="oc-4f">
         <name>.text</name>
         <load_address>0x3f730e</load_address>
         <run_address>0x3f730e</run_address>
         <size>0xa</size>
         <input_file_ref idref="fl-d"/>
      </object_component>
      <object_component id="oc-eb">
         <name>.text:_CLK_enableSciaClock</name>
         <load_address>0x3f7318</load_address>
         <run_address>0x3f7318</run_address>
         <size>0x9</size>
         <input_file_ref idref="fl-b"/>
      </object_component>
      <object_component id="oc-d3">
         <name>.text:_SCI_putDataBlocking</name>
         <load_address>0x3f7321</load_address>
         <run_address>0x3f7321</run_address>
         <size>0x9</size>
         <input_file_ref idref="fl-13"/>
      </object_component>
      <object_component id="oc-104">
         <name>.text</name>
         <load_address>0x3f732a</load_address>
         <run_address>0x3f732a</run_address>
         <size>0x9</size>
         <input_file_ref idref="fl-19"/>
      </object_component>
      <object_component id="oc-d5">
         <name>.text:_CLK_init</name>
         <load_address>0x3f7333</load_address>
         <run_address>0x3f7333</run_address>
         <size>0x8</size>
         <input_file_ref idref="fl-b"/>
      </object_component>
      <object_component id="oc-d7">
         <name>.text:_FLASH_init</name>
         <load_address>0x3f733b</load_address>
         <run_address>0x3f733b</run_address>
         <size>0x8</size>
         <input_file_ref idref="fl-f"/>
      </object_component>
      <object_component id="oc-d8">
         <name>.text:_GPIO_init</name>
         <load_address>0x3f7343</load_address>
         <run_address>0x3f7343</run_address>
         <size>0x8</size>
         <input_file_ref idref="fl-10"/>
      </object_component>
      <object_component id="oc-da">
         <name>.text:_PLL_init</name>
         <load_address>0x3f734b</load_address>
         <run_address>0x3f734b</run_address>
         <size>0x8</size>
         <input_file_ref idref="fl-12"/>
      </object_component>
      <object_component id="oc-db">
         <name>.text:_SCI_init</name>
         <load_address>0x3f7353</load_address>
         <run_address>0x3f7353</run_address>
         <size>0x8</size>
         <input_file_ref idref="fl-13"/>
      </object_component>
      <object_component id="oc-dd">
         <name>.text:_WDOG_disable</name>
         <load_address>0x3f735b</load_address>
         <run_address>0x3f735b</run_address>
         <size>0x8</size>
         <input_file_ref idref="fl-14"/>
      </object_component>
      <object_component id="oc-dc">
         <name>.text:_WDOG_init</name>
         <load_address>0x3f7363</load_address>
         <run_address>0x3f7363</run_address>
         <size>0x8</size>
         <input_file_ref idref="fl-14"/>
      </object_component>
      <object_component id="oc-55">
         <name>.text</name>
         <load_address>0x3f736b</load_address>
         <run_address>0x3f736b</run_address>
         <size>0x8</size>
         <input_file_ref idref="fl-e"/>
      </object_component>
      <object_component id="oc-de">
         <name>.text:_CLK_enableAdcClock</name>
         <load_address>0x3f7373</load_address>
         <run_address>0x3f7373</run_address>
         <size>0x7</size>
         <input_file_ref idref="fl-b"/>
      </object_component>
      <object_component id="oc-df">
         <name>.text:_CLK_setOscSrc</name>
         <load_address>0x3f737a</load_address>
         <run_address>0x3f737a</run_address>
         <size>0x7</size>
         <input_file_ref idref="fl-b"/>
      </object_component>
      <object_component id="oc-100">
         <name>.text:_PLL_setDivider</name>
         <load_address>0x3f7381</load_address>
         <run_address>0x3f7381</run_address>
         <size>0x7</size>
         <input_file_ref idref="fl-12"/>
      </object_component>
      <object_component id="oc-fc">
         <name>.text:_SCI_setRxFifoIntLevel</name>
         <load_address>0x3f7388</load_address>
         <run_address>0x3f7388</run_address>
         <size>0x7</size>
         <input_file_ref idref="fl-13"/>
      </object_component>
      <object_component id="oc-f9">
         <name>.text:_SCI_setTxFifoIntLevel</name>
         <load_address>0x3f738f</load_address>
         <run_address>0x3f738f</run_address>
         <size>0x7</size>
         <input_file_ref idref="fl-13"/>
      </object_component>
      <object_component id="oc-101">
         <name>.text:_PLL_setMultiplier</name>
         <load_address>0x3f7396</load_address>
         <run_address>0x3f7396</run_address>
         <size>0x6</size>
         <input_file_ref idref="fl-12"/>
      </object_component>
      <object_component id="oc-f3">
         <name>.text:_SCI_setBaudRate</name>
         <load_address>0x3f739c</load_address>
         <run_address>0x3f739c</run_address>
         <size>0x6</size>
         <input_file_ref idref="fl-13"/>
      </object_component>
      <object_component id="oc-8d">
         <name>.text:_ADCINT1_ISR</name>
         <load_address>0x3f73a2</load_address>
         <run_address>0x3f73a2</run_address>
         <size>0x5</size>
         <input_file_ref idref="fl-15"/>
      </object_component>
      <object_component id="oc-8e">
         <name>.text:_ADCINT2_ISR</name>
         <load_address>0x3f73a7</load_address>
         <run_address>0x3f73a7</run_address>
         <size>0x5</size>
         <input_file_ref idref="fl-15"/>
      </object_component>
      <object_component id="oc-a3">
         <name>.text:_ADCINT3_ISR</name>
         <load_address>0x3f73ac</load_address>
         <run_address>0x3f73ac</run_address>
         <size>0x5</size>
         <input_file_ref idref="fl-15"/>
      </object_component>
      <object_component id="oc-a4">
         <name>.text:_ADCINT4_ISR</name>
         <load_address>0x3f73b1</load_address>
         <run_address>0x3f73b1</run_address>
         <size>0x5</size>
         <input_file_ref idref="fl-15"/>
      </object_component>
      <object_component id="oc-a5">
         <name>.text:_ADCINT5_ISR</name>
         <load_address>0x3f73b6</load_address>
         <run_address>0x3f73b6</run_address>
         <size>0x5</size>
         <input_file_ref idref="fl-15"/>
      </object_component>
      <object_component id="oc-a6">
         <name>.text:_ADCINT6_ISR</name>
         <load_address>0x3f73bb</load_address>
         <run_address>0x3f73bb</run_address>
         <size>0x5</size>
         <input_file_ref idref="fl-15"/>
      </object_component>
      <object_component id="oc-a7">
         <name>.text:_ADCINT7_ISR</name>
         <load_address>0x3f73c0</load_address>
         <run_address>0x3f73c0</run_address>
         <size>0x5</size>
         <input_file_ref idref="fl-15"/>
      </object_component>
      <object_component id="oc-a8">
         <name>.text:_ADCINT8_ISR</name>
         <load_address>0x3f73c5</load_address>
         <run_address>0x3f73c5</run_address>
         <size>0x5</size>
         <input_file_ref idref="fl-15"/>
      </object_component>
      <object_component id="oc-91">
         <name>.text:_ADCINT9_ISR</name>
         <load_address>0x3f73ca</load_address>
         <run_address>0x3f73ca</run_address>
         <size>0x5</size>
         <input_file_ref idref="fl-15"/>
      </object_component>
      <object_component id="oc-7c">
         <name>.text:_DATALOG_ISR</name>
         <load_address>0x3f73cf</load_address>
         <run_address>0x3f73cf</run_address>
         <size>0x5</size>
         <input_file_ref idref="fl-15"/>
      </object_component>
      <object_component id="oc-9c">
         <name>.text:_ECAP1_INT_ISR</name>
         <load_address>0x3f73d4</load_address>
         <run_address>0x3f73d4</run_address>
         <size>0x5</size>
         <input_file_ref idref="fl-15"/>
      </object_component>
      <object_component id="oc-aa">
         <name>.text:_EMPTY_ISR</name>
         <load_address>0x3f73d9</load_address>
         <run_address>0x3f73d9</run_address>
         <size>0x5</size>
         <input_file_ref idref="fl-15"/>
      </object_component>
      <object_component id="oc-7e">
         <name>.text:_EMUINT_ISR</name>
         <load_address>0x3f73de</load_address>
         <run_address>0x3f73de</run_address>
         <size>0x5</size>
         <input_file_ref idref="fl-15"/>
      </object_component>
      <object_component id="oc-98">
         <name>.text:_EPWM1_INT_ISR</name>
         <load_address>0x3f73e3</load_address>
         <run_address>0x3f73e3</run_address>
         <size>0x5</size>
         <input_file_ref idref="fl-15"/>
      </object_component>
      <object_component id="oc-94">
         <name>.text:_EPWM1_TZINT_ISR</name>
         <load_address>0x3f73e8</load_address>
         <run_address>0x3f73e8</run_address>
         <size>0x5</size>
         <input_file_ref idref="fl-15"/>
      </object_component>
      <object_component id="oc-99">
         <name>.text:_EPWM2_INT_ISR</name>
         <load_address>0x3f73ed</load_address>
         <run_address>0x3f73ed</run_address>
         <size>0x5</size>
         <input_file_ref idref="fl-15"/>
      </object_component>
      <object_component id="oc-95">
         <name>.text:_EPWM2_TZINT_ISR</name>
         <load_address>0x3f73f2</load_address>
         <run_address>0x3f73f2</run_address>
         <size>0x5</size>
         <input_file_ref idref="fl-15"/>
      </object_component>
      <object_component id="oc-9a">
         <name>.text:_EPWM3_INT_ISR</name>
         <load_address>0x3f73f7</load_address>
         <run_address>0x3f73f7</run_address>
         <size>0x5</size>
         <input_file_ref idref="fl-15"/>
      </object_component>
      <object_component id="oc-96">
         <name>.text:_EPWM3_TZINT_ISR</name>
         <load_address>0x3f73fc</load_address>
         <run_address>0x3f73fc</run_address>
         <size>0x5</size>
         <input_file_ref idref="fl-15"/>
      </object_component>
      <object_component id="oc-9b">
         <name>.text:_EPWM4_INT_ISR</name>
         <load_address>0x3f7401</load_address>
         <run_address>0x3f7401</run_address>
         <size>0x5</size>
         <input_file_ref idref="fl-15"/>
      </object_component>
      <object_component id="oc-97">
         <name>.text:_EPWM4_TZINT_ISR</name>
         <load_address>0x3f7406</load_address>
         <run_address>0x3f7406</run_address>
         <size>0x5</size>
         <input_file_ref idref="fl-15"/>
      </object_component>
      <object_component id="oc-9f">
         <name>.text:_I2CINT1A_ISR</name>
         <load_address>0x3f740b</load_address>
         <run_address>0x3f740b</run_address>
         <size>0x5</size>
         <input_file_ref idref="fl-15"/>
      </object_component>
      <object_component id="oc-a0">
         <name>.text:_I2CINT2A_ISR</name>
         <load_address>0x3f7410</load_address>
         <run_address>0x3f7410</run_address>
         <size>0x5</size>
         <input_file_ref idref="fl-15"/>
      </object_component>
      <object_component id="oc-80">
         <name>.text:_ILLEGAL_ISR</name>
         <load_address>0x3f7415</load_address>
         <run_address>0x3f7415</run_address>
         <size>0x5</size>
         <input_file_ref idref="fl-15"/>
      </object_component>
      <object_component id="oc-7a">
         <name>.text:_INT13_ISR</name>
         <load_address>0x3f741a</load_address>
         <run_address>0x3f741a</run_address>
         <size>0x5</size>
         <input_file_ref idref="fl-15"/>
      </object_component>
      <object_component id="oc-7b">
         <name>.text:_INT14_ISR</name>
         <load_address>0x3f741f</load_address>
         <run_address>0x3f741f</run_address>
         <size>0x5</size>
         <input_file_ref idref="fl-15"/>
      </object_component>
      <object_component id="oc-7f">
         <name>.text:_NMI_ISR</name>
         <load_address>0x3f7424</load_address>
         <run_address>0x3f7424</run_address>
         <size>0x5</size>
         <input_file_ref idref="fl-15"/>
      </object_component>
      <object_component id="oc-ab">
         <name>.text:_PIE_RESERVED</name>
         <load_address>0x3f7429</load_address>
         <run_address>0x3f7429</run_address>
         <size>0x5</size>
         <input_file_ref idref="fl-15"/>
      </object_component>
      <object_component id="oc-65">
         <name>.text:_PIE_illegalIsr</name>
         <load_address>0x3f742e</load_address>
         <run_address>0x3f742e</run_address>
         <size>0x5</size>
         <input_file_ref idref="fl-11"/>
      </object_component>
      <object_component id="oc-7d">
         <name>.text:_RTOSINT_ISR</name>
         <load_address>0x3f7433</load_address>
         <run_address>0x3f7433</run_address>
         <size>0x5</size>
         <input_file_ref idref="fl-15"/>
      </object_component>
      <object_component id="oc-a1">
         <name>.text:_SCIRXINTA_ISR</name>
         <load_address>0x3f7438</load_address>
         <run_address>0x3f7438</run_address>
         <size>0x5</size>
         <input_file_ref idref="fl-15"/>
      </object_component>
      <object_component id="oc-a2">
         <name>.text:_SCITXINTA_ISR</name>
         <load_address>0x3f743d</load_address>
         <run_address>0x3f743d</run_address>
         <size>0x5</size>
         <input_file_ref idref="fl-15"/>
      </object_component>
      <object_component id="oc-9d">
         <name>.text:_SPIRXINTA_ISR</name>
         <load_address>0x3f7442</load_address>
         <run_address>0x3f7442</run_address>
         <size>0x5</size>
         <input_file_ref idref="fl-15"/>
      </object_component>
      <object_component id="oc-9e">
         <name>.text:_SPITXINTA_ISR</name>
         <load_address>0x3f7447</load_address>
         <run_address>0x3f7447</run_address>
         <size>0x5</size>
         <input_file_ref idref="fl-15"/>
      </object_component>
      <object_component id="oc-92">
         <name>.text:_TINT0_ISR</name>
         <load_address>0x3f744c</load_address>
         <run_address>0x3f744c</run_address>
         <size>0x5</size>
         <input_file_ref idref="fl-15"/>
      </object_component>
      <object_component id="oc-8a">
         <name>.text:_USER10_ISR</name>
         <load_address>0x3f7451</load_address>
         <run_address>0x3f7451</run_address>
         <size>0x5</size>
         <input_file_ref idref="fl-15"/>
      </object_component>
      <object_component id="oc-8b">
         <name>.text:_USER11_ISR</name>
         <load_address>0x3f7456</load_address>
         <run_address>0x3f7456</run_address>
         <size>0x5</size>
         <input_file_ref idref="fl-15"/>
      </object_component>
      <object_component id="oc-8c">
         <name>.text:_USER12_ISR</name>
         <load_address>0x3f745b</load_address>
         <run_address>0x3f745b</run_address>
         <size>0x5</size>
         <input_file_ref idref="fl-15"/>
      </object_component>
      <object_component id="oc-81">
         <name>.text:_USER1_ISR</name>
         <load_address>0x3f7460</load_address>
         <run_address>0x3f7460</run_address>
         <size>0x5</size>
         <input_file_ref idref="fl-15"/>
      </object_component>
      <object_component id="oc-82">
         <name>.text:_USER2_ISR</name>
         <load_address>0x3f7465</load_address>
         <run_address>0x3f7465</run_address>
         <size>0x5</size>
         <input_file_ref idref="fl-15"/>
      </object_component>
      <object_component id="oc-83">
         <name>.text:_USER3_ISR</name>
         <load_address>0x3f746a</load_address>
         <run_address>0x3f746a</run_address>
         <size>0x5</size>
         <input_file_ref idref="fl-15"/>
      </object_component>
      <object_component id="oc-84">
         <name>.text:_USER4_ISR</name>
         <load_address>0x3f746f</load_address>
         <run_address>0x3f746f</run_address>
         <size>0x5</size>
         <input_file_ref idref="fl-15"/>
      </object_component>
      <object_component id="oc-85">
         <name>.text:_USER5_ISR</name>
         <load_address>0x3f7474</load_address>
         <run_address>0x3f7474</run_address>
         <size>0x5</size>
         <input_file_ref idref="fl-15"/>
      </object_component>
      <object_component id="oc-86">
         <name>.text:_USER6_ISR</name>
         <load_address>0x3f7479</load_address>
         <run_address>0x3f7479</run_address>
         <size>0x5</size>
         <input_file_ref idref="fl-15"/>
      </object_component>
      <object_component id="oc-87">
         <name>.text:_USER7_ISR</name>
         <load_address>0x3f747e</load_address>
         <run_address>0x3f747e</run_address>
         <size>0x5</size>
         <input_file_ref idref="fl-15"/>
      </object_component>
      <object_component id="oc-88">
         <name>.text:_USER8_ISR</name>
         <load_address>0x3f7483</load_address>
         <run_address>0x3f7483</run_address>
         <size>0x5</size>
         <input_file_ref idref="fl-15"/>
      </object_component>
      <object_component id="oc-89">
         <name>.text:_USER9_ISR</name>
         <load_address>0x3f7488</load_address>
         <run_address>0x3f7488</run_address>
         <size>0x5</size>
         <input_file_ref idref="fl-15"/>
      </object_component>
      <object_component id="oc-93">
         <name>.text:_WAKEINT_ISR</name>
         <load_address>0x3f748d</load_address>
         <run_address>0x3f748d</run_address>
         <size>0x5</size>
         <input_file_ref idref="fl-15"/>
      </object_component>
      <object_component id="oc-8f">
         <name>.text:_XINT1_ISR</name>
         <load_address>0x3f7492</load_address>
         <run_address>0x3f7492</run_address>
         <size>0x5</size>
         <input_file_ref idref="fl-15"/>
      </object_component>
      <object_component id="oc-90">
         <name>.text:_XINT2_ISR</name>
         <load_address>0x3f7497</load_address>
         <run_address>0x3f7497</run_address>
         <size>0x5</size>
         <input_file_ref idref="fl-15"/>
      </object_component>
      <object_component id="oc-a9">
         <name>.text:_XINT3_ISR</name>
         <load_address>0x3f749c</load_address>
         <run_address>0x3f749c</run_address>
         <size>0x5</size>
         <input_file_ref idref="fl-15"/>
      </object_component>
      <object_component id="oc-ac">
         <name>.text:_rsvd_ISR</name>
         <load_address>0x3f74a1</load_address>
         <run_address>0x3f74a1</run_address>
         <size>0x5</size>
         <input_file_ref idref="fl-15"/>
      </object_component>
      <object_component id="oc-d6">
         <name>.text:_CPU_init</name>
         <load_address>0x3f74a6</load_address>
         <run_address>0x3f74a6</run_address>
         <size>0x4</size>
         <input_file_ref idref="fl-c"/>
      </object_component>
      <object_component id="oc-fb">
         <name>.text:_SCI_clearRxFifoInt</name>
         <load_address>0x3f74aa</load_address>
         <run_address>0x3f74aa</run_address>
         <size>0x4</size>
         <input_file_ref idref="fl-13"/>
      </object_component>
      <object_component id="oc-f7">
         <name>.text:_SCI_clearTxFifoInt</name>
         <load_address>0x3f74ae</load_address>
         <run_address>0x3f74ae</run_address>
         <size>0x4</size>
         <input_file_ref idref="fl-13"/>
      </object_component>
      <object_component id="oc-f5">
         <name>.text:_SCI_enableFifoEnh</name>
         <load_address>0x3f74b2</load_address>
         <run_address>0x3f74b2</run_address>
         <size>0x4</size>
         <input_file_ref idref="fl-13"/>
      </object_component>
      <object_component id="oc-ce">
         <name>.text:_SCI_getRxFifoStatus</name>
         <load_address>0x3f74b6</load_address>
         <run_address>0x3f74b6</run_address>
         <size>0x4</size>
         <input_file_ref idref="fl-13"/>
      </object_component>
      <object_component id="oc-d2">
         <name>.text:_SCI_getTxFifoStatus</name>
         <load_address>0x3f74ba</load_address>
         <run_address>0x3f74ba</run_address>
         <size>0x4</size>
         <input_file_ref idref="fl-13"/>
      </object_component>
      <object_component id="oc-ee">
         <name>.text:_SCI_setCharLength</name>
         <load_address>0x3f74be</load_address>
         <run_address>0x3f74be</run_address>
         <size>0x4</size>
         <input_file_ref idref="fl-13"/>
      </object_component>
      <object_component id="oc-ed">
         <name>.text:_SCI_setNumStopBits</name>
         <load_address>0x3f74c2</load_address>
         <run_address>0x3f74c2</run_address>
         <size>0x4</size>
         <input_file_ref idref="fl-13"/>
      </object_component>
      <object_component id="oc-e4">
         <name>.text:_CPU_clearIntFlags</name>
         <load_address>0x3f74c6</load_address>
         <run_address>0x3f74c6</run_address>
         <size>0x3</size>
         <input_file_ref idref="fl-c"/>
      </object_component>
      <object_component id="oc-e3">
         <name>.text:_CPU_disableGlobalInts</name>
         <load_address>0x3f74c9</load_address>
         <run_address>0x3f74c9</run_address>
         <size>0x3</size>
         <input_file_ref idref="fl-c"/>
      </object_component>
      <object_component id="oc-e1">
         <name>.text:_PIE_disable</name>
         <load_address>0x3f74cc</load_address>
         <run_address>0x3f74cc</run_address>
         <size>0x3</size>
         <input_file_ref idref="fl-11"/>
      </object_component>
      <object_component id="oc-ea">
         <name>.text:_PIE_enable</name>
         <load_address>0x3f74cf</load_address>
         <run_address>0x3f74cf</run_address>
         <size>0x3</size>
         <input_file_ref idref="fl-11"/>
      </object_component>
      <object_component id="oc-ff">
         <name>.text:_PLL_getClkStatus</name>
         <load_address>0x3f74d2</load_address>
         <run_address>0x3f74d2</run_address>
         <size>0x3</size>
         <input_file_ref idref="fl-12"/>
      </object_component>
      <object_component id="oc-102">
         <name>.text:_PLL_getLockStatus</name>
         <load_address>0x3f74d5</load_address>
         <run_address>0x3f74d5</run_address>
         <size>0x3</size>
         <input_file_ref idref="fl-12"/>
      </object_component>
      <object_component id="oc-ec">
         <name>.text:_SCI_disableParity</name>
         <load_address>0x3f74d8</load_address>
         <run_address>0x3f74d8</run_address>
         <size>0x3</size>
         <input_file_ref idref="fl-13"/>
      </object_component>
      <object_component id="oc-f4">
         <name>.text:_SCI_enable</name>
         <load_address>0x3f74db</load_address>
         <run_address>0x3f74db</run_address>
         <size>0x3</size>
         <input_file_ref idref="fl-13"/>
      </object_component>
      <object_component id="oc-f0">
         <name>.text:_SCI_enableRx</name>
         <load_address>0x3f74de</load_address>
         <run_address>0x3f74de</run_address>
         <size>0x3</size>
         <input_file_ref idref="fl-13"/>
      </object_component>
      <object_component id="oc-f2">
         <name>.text:_SCI_enableRxInt</name>
         <load_address>0x3f74e1</load_address>
         <run_address>0x3f74e1</run_address>
         <size>0x3</size>
         <input_file_ref idref="fl-13"/>
      </object_component>
      <object_component id="oc-ef">
         <name>.text:_SCI_enableTx</name>
         <load_address>0x3f74e4</load_address>
         <run_address>0x3f74e4</run_address>
         <size>0x3</size>
         <input_file_ref idref="fl-13"/>
      </object_component>
      <object_component id="oc-f1">
         <name>.text:_SCI_enableTxInt</name>
         <load_address>0x3f74e7</load_address>
         <run_address>0x3f74e7</run_address>
         <size>0x3</size>
         <input_file_ref idref="fl-13"/>
      </object_component>
      <object_component id="oc-b2">
         <name>.stack</name>
         <uninitialized>true</uninitialized>
         <run_address>0x400</run_address>
         <size>0x0</size>
         <input_file_ref idref="fl-16"/>
      </object_component>
      <object_component id="oc-143">
         <name>.stack</name>
         <uninitialized>true</uninitialized>
         <run_address>0x400</run_address>
         <size>0x0</size>
      </object_component>
      <object_component id="oc-38">
         <name>.ebss</name>
         <uninitialized>true</uninitialized>
         <run_address>0x600</run_address>
         <size>0x12</size>
         <input_file_ref idref="fl-2"/>
      </object_component>
      <object_component id="oc-ba">
         <name>.ebss</name>
         <uninitialized>true</uninitialized>
         <run_address>0x612</run_address>
         <size>0x4</size>
         <input_file_ref idref="fl-17"/>
      </object_component>
      <object_component id="oc-fd">
         <name>.ebss:__lock</name>
         <uninitialized>true</uninitialized>
         <run_address>0x616</run_address>
         <size>0x2</size>
         <input_file_ref idref="fl-19"/>
      </object_component>
      <object_component id="oc-106">
         <name>.ebss:__unlock</name>
         <uninitialized>true</uninitialized>
         <run_address>0x618</run_address>
         <size>0x2</size>
         <input_file_ref idref="fl-19"/>
      </object_component>
      <object_component id="oc-4a">
         <name>.ebss</name>
         <uninitialized>true</uninitialized>
         <run_address>0x61a</run_address>
         <size>0x1</size>
         <input_file_ref idref="fl-c"/>
      </object_component>
      <object_component id="oc-103">
         <name>.econst:_PIE_tableDebugInit</name>
         <load_address>0x3f74ea</load_address>
         <run_address>0x3f74ea</run_address>
         <size>0x100</size>
         <input_file_ref idref="fl-11"/>
      </object_component>
      <object_component id="oc-3a">
         <name>.econst:.string</name>
         <load_address>0x3f75ea</load_address>
         <run_address>0x3f75ea</run_address>
         <size>0x7</size>
         <input_file_ref idref="fl-2"/>
      </object_component>
      <object_component id="oc-b3">
         <name>.reset</name>
         <load_address>0x3fffc0</load_address>
         <run_address>0x3fffc0</run_address>
         <size>0x2</size>
         <input_file_ref idref="fl-16"/>
      </object_component>
      <object_component id="oc-37">
         <name>.debug_info</name>
         <load_address>0x0</load_address>
         <run_address>0x0</run_address>
         <size>0x3b54</size>
         <input_file_ref idref="fl-2"/>
      </object_component>
      <object_component id="oc-3f">
         <name>.debug_info</name>
         <load_address>0x3b54</load_address>
         <run_address>0x3b54</run_address>
         <size>0x19f5</size>
         <input_file_ref idref="fl-a"/>
      </object_component>
      <object_component id="oc-44">
         <name>.debug_info</name>
         <load_address>0x5549</load_address>
         <run_address>0x5549</run_address>
         <size>0xdfa</size>
         <input_file_ref idref="fl-b"/>
      </object_component>
      <object_component id="oc-49">
         <name>.debug_info</name>
         <load_address>0x6343</load_address>
         <run_address>0x6343</run_address>
         <size>0x78a</size>
         <input_file_ref idref="fl-c"/>
      </object_component>
      <object_component id="oc-51">
         <name>.debug_info</name>
         <load_address>0x6acd</load_address>
         <run_address>0x6acd</run_address>
         <size>0x1f9</size>
         <input_file_ref idref="fl-d"/>
      </object_component>
      <object_component id="oc-56">
         <name>.debug_info</name>
         <load_address>0x6cc6</load_address>
         <run_address>0x6cc6</run_address>
         <size>0x1eb</size>
         <input_file_ref idref="fl-e"/>
      </object_component>
      <object_component id="oc-5a">
         <name>.debug_info</name>
         <load_address>0x6eb1</load_address>
         <run_address>0x6eb1</run_address>
         <size>0xc8c</size>
         <input_file_ref idref="fl-f"/>
      </object_component>
      <object_component id="oc-5f">
         <name>.debug_info</name>
         <load_address>0x7b3d</load_address>
         <run_address>0x7b3d</run_address>
         <size>0x1a81</size>
         <input_file_ref idref="fl-10"/>
      </object_component>
      <object_component id="oc-64">
         <name>.debug_info</name>
         <load_address>0x95be</load_address>
         <run_address>0x95be</run_address>
         <size>0x29b9</size>
         <input_file_ref idref="fl-11"/>
      </object_component>
      <object_component id="oc-6a">
         <name>.debug_info</name>
         <load_address>0xbf77</load_address>
         <run_address>0xbf77</run_address>
         <size>0xd6c</size>
         <input_file_ref idref="fl-12"/>
      </object_component>
      <object_component id="oc-6f">
         <name>.debug_info</name>
         <load_address>0xcce3</load_address>
         <run_address>0xcce3</run_address>
         <size>0x1f24</size>
         <input_file_ref idref="fl-13"/>
      </object_component>
      <object_component id="oc-74">
         <name>.debug_info</name>
         <load_address>0xec07</load_address>
         <run_address>0xec07</run_address>
         <size>0x7a9</size>
         <input_file_ref idref="fl-14"/>
      </object_component>
      <object_component id="oc-79">
         <name>.debug_info</name>
         <load_address>0xf3b0</load_address>
         <run_address>0xf3b0</run_address>
         <size>0x2d3e</size>
         <input_file_ref idref="fl-15"/>
      </object_component>
      <object_component id="oc-b4">
         <name>.debug_info</name>
         <load_address>0x120ee</load_address>
         <run_address>0x120ee</run_address>
         <size>0x10f</size>
         <input_file_ref idref="fl-16"/>
      </object_component>
      <object_component id="oc-b8">
         <name>.debug_info</name>
         <load_address>0x121fd</load_address>
         <run_address>0x121fd</run_address>
         <size>0x406</size>
         <input_file_ref idref="fl-17"/>
      </object_component>
      <object_component id="oc-bf">
         <name>.debug_info</name>
         <load_address>0x12603</load_address>
         <run_address>0x12603</run_address>
         <size>0x39e</size>
         <input_file_ref idref="fl-18"/>
      </object_component>
      <object_component id="oc-c4">
         <name>.debug_info</name>
         <load_address>0x129a1</load_address>
         <run_address>0x129a1</run_address>
         <size>0x430</size>
         <input_file_ref idref="fl-19"/>
      </object_component>
      <object_component id="oc-c9">
         <name>.debug_info</name>
         <load_address>0x12dd1</load_address>
         <run_address>0x12dd1</run_address>
         <size>0x3fd</size>
         <input_file_ref idref="fl-1a"/>
      </object_component>
      <object_component id="oc-147">
         <name>.debug_info</name>
         <load_address>0x131ce</load_address>
         <run_address>0x131ce</run_address>
         <size>0xb0</size>
      </object_component>
      <object_component id="oc-3b">
         <name>.debug_frame</name>
         <load_address>0x0</load_address>
         <run_address>0x0</run_address>
         <size>0x17f</size>
         <input_file_ref idref="fl-2"/>
      </object_component>
      <object_component id="oc-40">
         <name>.debug_frame</name>
         <load_address>0x17f</load_address>
         <run_address>0x17f</run_address>
         <size>0x77</size>
         <input_file_ref idref="fl-a"/>
      </object_component>
      <object_component id="oc-45">
         <name>.debug_frame</name>
         <load_address>0x1f6</load_address>
         <run_address>0x1f6</run_address>
         <size>0xb6</size>
         <input_file_ref idref="fl-b"/>
      </object_component>
      <object_component id="oc-4b">
         <name>.debug_frame</name>
         <load_address>0x2ac</load_address>
         <run_address>0x2ac</run_address>
         <size>0xa1</size>
         <input_file_ref idref="fl-c"/>
      </object_component>
      <object_component id="oc-5b">
         <name>.debug_frame</name>
         <load_address>0x34d</load_address>
         <run_address>0x34d</run_address>
         <size>0x77</size>
         <input_file_ref idref="fl-f"/>
      </object_component>
      <object_component id="oc-60">
         <name>.debug_frame</name>
         <load_address>0x3c4</load_address>
         <run_address>0x3c4</run_address>
         <size>0xb6</size>
         <input_file_ref idref="fl-10"/>
      </object_component>
      <object_component id="oc-66">
         <name>.debug_frame</name>
         <load_address>0x47a</load_address>
         <run_address>0x47a</run_address>
         <size>0xe0</size>
         <input_file_ref idref="fl-11"/>
      </object_component>
      <object_component id="oc-6b">
         <name>.debug_frame</name>
         <load_address>0x55a</load_address>
         <run_address>0x55a</run_address>
         <size>0xe0</size>
         <input_file_ref idref="fl-12"/>
      </object_component>
      <object_component id="oc-70">
         <name>.debug_frame</name>
         <load_address>0x63a</load_address>
         <run_address>0x63a</run_address>
         <size>0x21b</size>
         <input_file_ref idref="fl-13"/>
      </object_component>
      <object_component id="oc-75">
         <name>.debug_frame</name>
         <load_address>0x855</load_address>
         <run_address>0x855</run_address>
         <size>0x8c</size>
         <input_file_ref idref="fl-14"/>
      </object_component>
      <object_component id="oc-ad">
         <name>.debug_frame</name>
         <load_address>0x8e1</load_address>
         <run_address>0x8e1</run_address>
         <size>0x491</size>
         <input_file_ref idref="fl-15"/>
      </object_component>
      <object_component id="oc-bb">
         <name>.debug_frame</name>
         <load_address>0xd72</load_address>
         <run_address>0xd72</run_address>
         <size>0x95</size>
         <input_file_ref idref="fl-17"/>
      </object_component>
      <object_component id="oc-c0">
         <name>.debug_frame</name>
         <load_address>0xe07</load_address>
         <run_address>0xe07</run_address>
         <size>0x77</size>
         <input_file_ref idref="fl-18"/>
      </object_component>
      <object_component id="oc-c5">
         <name>.debug_frame</name>
         <load_address>0xe7e</load_address>
         <run_address>0xe7e</run_address>
         <size>0xa1</size>
         <input_file_ref idref="fl-19"/>
      </object_component>
      <object_component id="oc-ca">
         <name>.debug_frame</name>
         <load_address>0xf1f</load_address>
         <run_address>0xf1f</run_address>
         <size>0x77</size>
         <input_file_ref idref="fl-1a"/>
      </object_component>
      <object_component id="oc-3c">
         <name>.debug_line</name>
         <load_address>0x0</load_address>
         <run_address>0x0</run_address>
         <size>0x231</size>
         <input_file_ref idref="fl-2"/>
      </object_component>
      <object_component id="oc-41">
         <name>.debug_line</name>
         <load_address>0x231</load_address>
         <run_address>0x231</run_address>
         <size>0x82</size>
         <input_file_ref idref="fl-a"/>
      </object_component>
      <object_component id="oc-46">
         <name>.debug_line</name>
         <load_address>0x2b3</load_address>
         <run_address>0x2b3</run_address>
         <size>0xe1</size>
         <input_file_ref idref="fl-b"/>
      </object_component>
      <object_component id="oc-4c">
         <name>.debug_line</name>
         <load_address>0x394</load_address>
         <run_address>0x394</run_address>
         <size>0xb0</size>
         <input_file_ref idref="fl-c"/>
      </object_component>
      <object_component id="oc-52">
         <name>.debug_line</name>
         <load_address>0x444</load_address>
         <run_address>0x444</run_address>
         <size>0x9f</size>
         <input_file_ref idref="fl-d"/>
      </object_component>
      <object_component id="oc-57">
         <name>.debug_line</name>
         <load_address>0x4e3</load_address>
         <run_address>0x4e3</run_address>
         <size>0x9d</size>
         <input_file_ref idref="fl-e"/>
      </object_component>
      <object_component id="oc-5c">
         <name>.debug_line</name>
         <load_address>0x580</load_address>
         <run_address>0x580</run_address>
         <size>0x84</size>
         <input_file_ref idref="fl-f"/>
      </object_component>
      <object_component id="oc-61">
         <name>.debug_line</name>
         <load_address>0x604</load_address>
         <run_address>0x604</run_address>
         <size>0x13c</size>
         <input_file_ref idref="fl-10"/>
      </object_component>
      <object_component id="oc-67">
         <name>.debug_line</name>
         <load_address>0x740</load_address>
         <run_address>0x740</run_address>
         <size>0x120</size>
         <input_file_ref idref="fl-11"/>
      </object_component>
      <object_component id="oc-6c">
         <name>.debug_line</name>
         <load_address>0x860</load_address>
         <run_address>0x860</run_address>
         <size>0x123</size>
         <input_file_ref idref="fl-12"/>
      </object_component>
      <object_component id="oc-71">
         <name>.debug_line</name>
         <load_address>0x983</load_address>
         <run_address>0x983</run_address>
         <size>0x31f</size>
         <input_file_ref idref="fl-13"/>
      </object_component>
      <object_component id="oc-76">
         <name>.debug_line</name>
         <load_address>0xca2</load_address>
         <run_address>0xca2</run_address>
         <size>0xa3</size>
         <input_file_ref idref="fl-14"/>
      </object_component>
      <object_component id="oc-ae">
         <name>.debug_line</name>
         <load_address>0xd45</load_address>
         <run_address>0xd45</run_address>
         <size>0x4fb</size>
         <input_file_ref idref="fl-15"/>
      </object_component>
      <object_component id="oc-b5">
         <name>.debug_line</name>
         <load_address>0x1240</load_address>
         <run_address>0x1240</run_address>
         <size>0x73</size>
         <input_file_ref idref="fl-16"/>
      </object_component>
      <object_component id="oc-bc">
         <name>.debug_line</name>
         <load_address>0x12b3</load_address>
         <run_address>0x12b3</run_address>
         <size>0x5d</size>
         <input_file_ref idref="fl-17"/>
      </object_component>
      <object_component id="oc-c1">
         <name>.debug_line</name>
         <load_address>0x1310</load_address>
         <run_address>0x1310</run_address>
         <size>0x62</size>
         <input_file_ref idref="fl-18"/>
      </object_component>
      <object_component id="oc-c6">
         <name>.debug_line</name>
         <load_address>0x1372</load_address>
         <run_address>0x1372</run_address>
         <size>0x5e</size>
         <input_file_ref idref="fl-19"/>
      </object_component>
      <object_component id="oc-cb">
         <name>.debug_line</name>
         <load_address>0x13d0</load_address>
         <run_address>0x13d0</run_address>
         <size>0x59</size>
         <input_file_ref idref="fl-1a"/>
      </object_component>
      <object_component id="oc-3d">
         <name>.debug_abbrev</name>
         <load_address>0x0</load_address>
         <run_address>0x0</run_address>
         <size>0x24b</size>
         <input_file_ref idref="fl-2"/>
      </object_component>
      <object_component id="oc-42">
         <name>.debug_abbrev</name>
         <load_address>0x24b</load_address>
         <run_address>0x24b</run_address>
         <size>0x191</size>
         <input_file_ref idref="fl-a"/>
      </object_component>
      <object_component id="oc-47">
         <name>.debug_abbrev</name>
         <load_address>0x3dc</load_address>
         <run_address>0x3dc</run_address>
         <size>0x174</size>
         <input_file_ref idref="fl-b"/>
      </object_component>
      <object_component id="oc-4d">
         <name>.debug_abbrev</name>
         <load_address>0x550</load_address>
         <run_address>0x550</run_address>
         <size>0x11b</size>
         <input_file_ref idref="fl-c"/>
      </object_component>
      <object_component id="oc-53">
         <name>.debug_abbrev</name>
         <load_address>0x66b</load_address>
         <run_address>0x66b</run_address>
         <size>0x2f</size>
         <input_file_ref idref="fl-d"/>
      </object_component>
      <object_component id="oc-58">
         <name>.debug_abbrev</name>
         <load_address>0x69a</load_address>
         <run_address>0x69a</run_address>
         <size>0x21</size>
         <input_file_ref idref="fl-e"/>
      </object_component>
      <object_component id="oc-5d">
         <name>.debug_abbrev</name>
         <load_address>0x6bb</load_address>
         <run_address>0x6bb</run_address>
         <size>0x16e</size>
         <input_file_ref idref="fl-f"/>
      </object_component>
      <object_component id="oc-62">
         <name>.debug_abbrev</name>
         <load_address>0x829</load_address>
         <run_address>0x829</run_address>
         <size>0x16b</size>
         <input_file_ref idref="fl-10"/>
      </object_component>
      <object_component id="oc-68">
         <name>.debug_abbrev</name>
         <load_address>0x994</load_address>
         <run_address>0x994</run_address>
         <size>0x1d9</size>
         <input_file_ref idref="fl-11"/>
      </object_component>
      <object_component id="oc-6d">
         <name>.debug_abbrev</name>
         <load_address>0xb6d</load_address>
         <run_address>0xb6d</run_address>
         <size>0x182</size>
         <input_file_ref idref="fl-12"/>
      </object_component>
      <object_component id="oc-72">
         <name>.debug_abbrev</name>
         <load_address>0xcef</load_address>
         <run_address>0xcef</run_address>
         <size>0x174</size>
         <input_file_ref idref="fl-13"/>
      </object_component>
      <object_component id="oc-77">
         <name>.debug_abbrev</name>
         <load_address>0xe63</load_address>
         <run_address>0xe63</run_address>
         <size>0x11d</size>
         <input_file_ref idref="fl-14"/>
      </object_component>
      <object_component id="oc-af">
         <name>.debug_abbrev</name>
         <load_address>0xf80</load_address>
         <run_address>0xf80</run_address>
         <size>0xb6</size>
         <input_file_ref idref="fl-15"/>
      </object_component>
      <object_component id="oc-b6">
         <name>.debug_abbrev</name>
         <load_address>0x1036</load_address>
         <run_address>0x1036</run_address>
         <size>0x46</size>
         <input_file_ref idref="fl-16"/>
      </object_component>
      <object_component id="oc-bd">
         <name>.debug_abbrev</name>
         <load_address>0x107c</load_address>
         <run_address>0x107c</run_address>
         <size>0x117</size>
         <input_file_ref idref="fl-17"/>
      </object_component>
      <object_component id="oc-c2">
         <name>.debug_abbrev</name>
         <load_address>0x1193</load_address>
         <run_address>0x1193</run_address>
         <size>0xa8</size>
         <input_file_ref idref="fl-18"/>
      </object_component>
      <object_component id="oc-c7">
         <name>.debug_abbrev</name>
         <load_address>0x123b</load_address>
         <run_address>0x123b</run_address>
         <size>0xb2</size>
         <input_file_ref idref="fl-19"/>
      </object_component>
      <object_component id="oc-cc">
         <name>.debug_abbrev</name>
         <load_address>0x12ed</load_address>
         <run_address>0x12ed</run_address>
         <size>0xfe</size>
         <input_file_ref idref="fl-1a"/>
      </object_component>
      <object_component id="oc-148">
         <name>.debug_abbrev</name>
         <load_address>0x13eb</load_address>
         <run_address>0x13eb</run_address>
         <size>0xf</size>
      </object_component>
      <object_component id="oc-3e">
         <name>.debug_aranges</name>
         <load_address>0x0</load_address>
         <run_address>0x0</run_address>
         <size>0x60</size>
         <input_file_ref idref="fl-2"/>
      </object_component>
      <object_component id="oc-43">
         <name>.debug_aranges</name>
         <load_address>0x60</load_address>
         <run_address>0x60</run_address>
         <size>0x20</size>
         <input_file_ref idref="fl-a"/>
      </object_component>
      <object_component id="oc-48">
         <name>.debug_aranges</name>
         <load_address>0x80</load_address>
         <run_address>0x80</run_address>
         <size>0x38</size>
         <input_file_ref idref="fl-b"/>
      </object_component>
      <object_component id="oc-4e">
         <name>.debug_aranges</name>
         <load_address>0xb8</load_address>
         <run_address>0xb8</run_address>
         <size>0x30</size>
         <input_file_ref idref="fl-c"/>
      </object_component>
      <object_component id="oc-54">
         <name>.debug_aranges</name>
         <load_address>0xe8</load_address>
         <run_address>0xe8</run_address>
         <size>0x28</size>
         <input_file_ref idref="fl-d"/>
      </object_component>
      <object_component id="oc-59">
         <name>.debug_aranges</name>
         <load_address>0x110</load_address>
         <run_address>0x110</run_address>
         <size>0x28</size>
         <input_file_ref idref="fl-e"/>
      </object_component>
      <object_component id="oc-5e">
         <name>.debug_aranges</name>
         <load_address>0x138</load_address>
         <run_address>0x138</run_address>
         <size>0x20</size>
         <input_file_ref idref="fl-f"/>
      </object_component>
      <object_component id="oc-63">
         <name>.debug_aranges</name>
         <load_address>0x158</load_address>
         <run_address>0x158</run_address>
         <size>0x38</size>
         <input_file_ref idref="fl-10"/>
      </object_component>
      <object_component id="oc-69">
         <name>.debug_aranges</name>
         <load_address>0x190</load_address>
         <run_address>0x190</run_address>
         <size>0x48</size>
         <input_file_ref idref="fl-11"/>
      </object_component>
      <object_component id="oc-6e">
         <name>.debug_aranges</name>
         <load_address>0x1d8</load_address>
         <run_address>0x1d8</run_address>
         <size>0x48</size>
         <input_file_ref idref="fl-12"/>
      </object_component>
      <object_component id="oc-73">
         <name>.debug_aranges</name>
         <load_address>0x220</load_address>
         <run_address>0x220</run_address>
         <size>0xc0</size>
         <input_file_ref idref="fl-13"/>
      </object_component>
      <object_component id="oc-78">
         <name>.debug_aranges</name>
         <load_address>0x2e0</load_address>
         <run_address>0x2e0</run_address>
         <size>0x28</size>
         <input_file_ref idref="fl-14"/>
      </object_component>
      <object_component id="oc-b0">
         <name>.debug_aranges</name>
         <load_address>0x308</load_address>
         <run_address>0x308</run_address>
         <size>0x1b0</size>
         <input_file_ref idref="fl-15"/>
      </object_component>
      <object_component id="oc-b7">
         <name>.debug_aranges</name>
         <load_address>0x4b8</load_address>
         <run_address>0x4b8</run_address>
         <size>0x20</size>
         <input_file_ref idref="fl-16"/>
      </object_component>
      <object_component id="oc-be">
         <name>.debug_aranges</name>
         <load_address>0x4d8</load_address>
         <run_address>0x4d8</run_address>
         <size>0x28</size>
         <input_file_ref idref="fl-17"/>
      </object_component>
      <object_component id="oc-c3">
         <name>.debug_aranges</name>
         <load_address>0x500</load_address>
         <run_address>0x500</run_address>
         <size>0x20</size>
         <input_file_ref idref="fl-18"/>
      </object_component>
      <object_component id="oc-c8">
         <name>.debug_aranges</name>
         <load_address>0x520</load_address>
         <run_address>0x520</run_address>
         <size>0x30</size>
         <input_file_ref idref="fl-19"/>
      </object_component>
      <object_component id="oc-cd">
         <name>.debug_aranges</name>
         <load_address>0x550</load_address>
         <run_address>0x550</run_address>
         <size>0x20</size>
         <input_file_ref idref="fl-1a"/>
      </object_component>
   </object_component_list>
   <logical_group_list>
      <logical_group id="lg-3" display="no" color="cyan">
         <name>PieVectTableFile</name>
         <run_address>0x0</run_address>
         <size>0x0</size>
         <contents>
         </contents>
      </logical_group>
      <logical_group id="lg-5" display="no" color="cyan">
         <name>EmuKeyVar</name>
         <run_address>0x0</run_address>
         <size>0x0</size>
         <contents>
         </contents>
      </logical_group>
      <logical_group id="lg-6" display="no" color="cyan">
         <name>EmuBModeVar</name>
         <run_address>0x0</run_address>
         <size>0x0</size>
         <contents>
         </contents>
      </logical_group>
      <logical_group id="lg-7" display="no" color="cyan">
         <name>FlashCallbackVar</name>
         <run_address>0x0</run_address>
         <size>0x0</size>
         <contents>
         </contents>
      </logical_group>
      <logical_group id="lg-8" display="no" color="cyan">
         <name>FlashScalingVar</name>
         <run_address>0x0</run_address>
         <size>0x0</size>
         <contents>
         </contents>
      </logical_group>
      <logical_group id="lg-4" display="no" color="cyan">
         <name>GROUP_2</name>
         <run_address>0x0</run_address>
         <size>0x0</size>
         <contents>
            <logical_group_ref idref="lg-5"/>
            <logical_group_ref idref="lg-6"/>
            <logical_group_ref idref="lg-7"/>
            <logical_group_ref idref="lg-8"/>
         </contents>
      </logical_group>
      <overlay id="lg-2" display="no" color="cyan">
         <name>UNION_1</name>
         <run_address>0x0</run_address>
         <size>0x0</size>
         <contents>
            <logical_group_ref idref="lg-3"/>
            <logical_group_ref idref="lg-4"/>
         </contents>
      </overlay>
      <logical_group id="lg-9" display="no" color="cyan">
         <name>DevEmuRegsFile</name>
         <run_address>0x0</run_address>
         <size>0x0</size>
         <contents>
         </contents>
      </logical_group>
      <logical_group id="lg-a" display="no" color="cyan">
         <name>SysPwrCtrlRegsFile</name>
         <run_address>0x0</run_address>
         <size>0x0</size>
         <contents>
         </contents>
      </logical_group>
      <logical_group id="lg-b" display="no" color="cyan">
         <name>FlashRegsFile</name>
         <run_address>0x0</run_address>
         <size>0x0</size>
         <contents>
         </contents>
      </logical_group>
      <logical_group id="lg-c" display="no" color="cyan">
         <name>CsmRegsFile</name>
         <run_address>0x0</run_address>
         <size>0x0</size>
         <contents>
         </contents>
      </logical_group>
      <logical_group id="lg-d" display="no" color="cyan">
         <name>AdcResultFile</name>
         <run_address>0x0</run_address>
         <size>0x0</size>
         <contents>
         </contents>
      </logical_group>
      <logical_group id="lg-e" display="no" color="cyan">
         <name>CpuTimer0RegsFile</name>
         <run_address>0x0</run_address>
         <size>0x0</size>
         <contents>
         </contents>
      </logical_group>
      <logical_group id="lg-f" display="no" color="cyan">
         <name>CpuTimer1RegsFile</name>
         <run_address>0x0</run_address>
         <size>0x0</size>
         <contents>
         </contents>
      </logical_group>
      <logical_group id="lg-10" display="no" color="cyan">
         <name>CpuTimer2RegsFile</name>
         <run_address>0x0</run_address>
         <size>0x0</size>
         <contents>
         </contents>
      </logical_group>
      <logical_group id="lg-11" display="no" color="cyan">
         <name>PieCtrlRegsFile</name>
         <run_address>0x0</run_address>
         <size>0x0</size>
         <contents>
         </contents>
      </logical_group>
      <logical_group id="lg-12" display="no" color="cyan">
         <name>ECap1RegsFile</name>
         <run_address>0x0</run_address>
         <size>0x0</size>
         <contents>
         </contents>
      </logical_group>
      <logical_group id="lg-13" display="no" color="cyan">
         <name>GpioCtrlRegsFile</name>
         <run_address>0x0</run_address>
         <size>0x0</size>
         <contents>
         </contents>
      </logical_group>
      <logical_group id="lg-14" display="no" color="cyan">
         <name>GpioDataRegsFile</name>
         <run_address>0x0</run_address>
         <size>0x0</size>
         <contents>
         </contents>
      </logical_group>
      <logical_group id="lg-15" display="no" color="cyan">
         <name>GpioIntRegsFile</name>
         <run_address>0x0</run_address>
         <size>0x0</size>
         <contents>
         </contents>
      </logical_group>
      <logical_group id="lg-16" display="no" color="cyan">
         <name>SysCtrlRegsFile</name>
         <run_address>0x0</run_address>
         <size>0x0</size>
         <contents>
         </contents>
      </logical_group>
      <logical_group id="lg-17" display="no" color="cyan">
         <name>SpiaRegsFile</name>
         <run_address>0x0</run_address>
         <size>0x0</size>
         <contents>
         </contents>
      </logical_group>
      <logical_group id="lg-18" display="no" color="cyan">
         <name>SciaRegsFile</name>
         <run_address>0x0</run_address>
         <size>0x0</size>
         <contents>
         </contents>
      </logical_group>
      <logical_group id="lg-19" display="no" color="cyan">
         <name>NmiIntruptRegsFile</name>
         <run_address>0x0</run_address>
         <size>0x0</size>
         <contents>
         </contents>
      </logical_group>
      <logical_group id="lg-1a" display="no" color="cyan">
         <name>XIntruptRegsFile</name>
         <run_address>0x0</run_address>
         <size>0x0</size>
         <contents>
         </contents>
      </logical_group>
      <logical_group id="lg-1b" display="no" color="cyan">
         <name>AdcRegsFile</name>
         <run_address>0x0</run_address>
         <size>0x0</size>
         <contents>
         </contents>
      </logical_group>
      <logical_group id="lg-1c" display="no" color="cyan">
         <name>I2caRegsFile</name>
         <run_address>0x0</run_address>
         <size>0x0</size>
         <contents>
         </contents>
      </logical_group>
      <logical_group id="lg-1d" display="no" color="cyan">
         <name>Comp1RegsFile</name>
         <run_address>0x0</run_address>
         <size>0x0</size>
         <contents>
         </contents>
      </logical_group>
      <logical_group id="lg-1e" display="no" color="cyan">
         <name>Comp2RegsFile</name>
         <run_address>0x0</run_address>
         <size>0x0</size>
         <contents>
         </contents>
      </logical_group>
      <logical_group id="lg-1f" display="no" color="cyan">
         <name>EPwm1RegsFile</name>
         <run_address>0x0</run_address>
         <size>0x0</size>
         <contents>
         </contents>
      </logical_group>
      <logical_group id="lg-20" display="no" color="cyan">
         <name>EPwm2RegsFile</name>
         <run_address>0x0</run_address>
         <size>0x0</size>
         <contents>
         </contents>
      </logical_group>
      <logical_group id="lg-21" display="no" color="cyan">
         <name>EPwm3RegsFile</name>
         <run_address>0x0</run_address>
         <size>0x0</size>
         <contents>
         </contents>
      </logical_group>
      <logical_group id="lg-22" display="no" color="cyan">
         <name>EPwm4RegsFile</name>
         <run_address>0x0</run_address>
         <size>0x0</size>
         <contents>
         </contents>
      </logical_group>
      <logical_group id="lg-23" display="no" color="cyan">
         <name>CsmPwlFile</name>
         <run_address>0x0</run_address>
         <size>0x0</size>
         <contents>
         </contents>
      </logical_group>
      <logical_group id="lg-24" display="no" color="cyan">
         <name>PartIdRegsFile</name>
         <run_address>0x0</run_address>
         <size>0x0</size>
         <contents>
         </contents>
      </logical_group>
      <logical_group id="lg-25" display="no" color="cyan">
         <name>codestart</name>
         <load_address>0x3f7ff6</load_address>
         <run_address>0x3f7ff6</run_address>
         <size>0x2</size>
         <contents>
            <object_component_ref idref="oc-36"/>
         </contents>
      </logical_group>
      <logical_group id="lg-26" display="no" color="cyan">
         <name>ramfuncs</name>
         <load_address>0x3f7000</load_address>
         <run_address>0x50</run_address>
         <size>0x4</size>
         <contents>
            <object_component_ref idref="oc-50"/>
         </contents>
      </logical_group>
      <logical_group id="lg-27" display="no" color="cyan">
         <name>.cinit</name>
         <load_address>0x3f75f1</load_address>
         <run_address>0x3f75f1</run_address>
         <size>0x16</size>
         <contents>
            <object_component_ref idref="oc-b9"/>
            <object_component_ref idref="oc-fe"/>
            <object_component_ref idref="oc-105"/>
         </contents>
      </logical_group>
      <logical_group id="lg-28" display="no" color="cyan">
         <name>.pinit</name>
         <run_address>0x0</run_address>
         <size>0x0</size>
         <contents>
         </contents>
      </logical_group>
      <logical_group id="lg-144" display="no" color="cyan">
         <name>.text</name>
         <load_address>0x3f7004</load_address>
         <run_address>0x3f7004</run_address>
         <size>0x4e6</size>
         <contents>
            <object_component_ref idref="oc-cf"/>
            <object_component_ref idref="oc-e8"/>
            <object_component_ref idref="oc-b1"/>
            <object_component_ref idref="oc-e6"/>
            <object_component_ref idref="oc-39"/>
            <object_component_ref idref="oc-e7"/>
            <object_component_ref idref="oc-e5"/>
            <object_component_ref idref="oc-d0"/>
            <object_component_ref idref="oc-d1"/>
            <object_component_ref idref="oc-e0"/>
            <object_component_ref idref="oc-e2"/>
            <object_component_ref idref="oc-e9"/>
            <object_component_ref idref="oc-d4"/>
            <object_component_ref idref="oc-d9"/>
            <object_component_ref idref="oc-f8"/>
            <object_component_ref idref="oc-fa"/>
            <object_component_ref idref="oc-f6"/>
            <object_component_ref idref="oc-4f"/>
            <object_component_ref idref="oc-eb"/>
            <object_component_ref idref="oc-d3"/>
            <object_component_ref idref="oc-104"/>
            <object_component_ref idref="oc-d5"/>
            <object_component_ref idref="oc-d7"/>
            <object_component_ref idref="oc-d8"/>
            <object_component_ref idref="oc-da"/>
            <object_component_ref idref="oc-db"/>
            <object_component_ref idref="oc-dd"/>
            <object_component_ref idref="oc-dc"/>
            <object_component_ref idref="oc-55"/>
            <object_component_ref idref="oc-de"/>
            <object_component_ref idref="oc-df"/>
            <object_component_ref idref="oc-100"/>
            <object_component_ref idref="oc-fc"/>
            <object_component_ref idref="oc-f9"/>
            <object_component_ref idref="oc-101"/>
            <object_component_ref idref="oc-f3"/>
            <object_component_ref idref="oc-8d"/>
            <object_component_ref idref="oc-8e"/>
            <object_component_ref idref="oc-a3"/>
            <object_component_ref idref="oc-a4"/>
            <object_component_ref idref="oc-a5"/>
            <object_component_ref idref="oc-a6"/>
            <object_component_ref idref="oc-a7"/>
            <object_component_ref idref="oc-a8"/>
            <object_component_ref idref="oc-91"/>
            <object_component_ref idref="oc-7c"/>
            <object_component_ref idref="oc-9c"/>
            <object_component_ref idref="oc-aa"/>
            <object_component_ref idref="oc-7e"/>
            <object_component_ref idref="oc-98"/>
            <object_component_ref idref="oc-94"/>
            <object_component_ref idref="oc-99"/>
            <object_component_ref idref="oc-95"/>
            <object_component_ref idref="oc-9a"/>
            <object_component_ref idref="oc-96"/>
            <object_component_ref idref="oc-9b"/>
            <object_component_ref idref="oc-97"/>
            <object_component_ref idref="oc-9f"/>
            <object_component_ref idref="oc-a0"/>
            <object_component_ref idref="oc-80"/>
            <object_component_ref idref="oc-7a"/>
            <object_component_ref idref="oc-7b"/>
            <object_component_ref idref="oc-7f"/>
            <object_component_ref idref="oc-ab"/>
            <object_component_ref idref="oc-65"/>
            <object_component_ref idref="oc-7d"/>
            <object_component_ref idref="oc-a1"/>
            <object_component_ref idref="oc-a2"/>
            <object_component_ref idref="oc-9d"/>
            <object_component_ref idref="oc-9e"/>
            <object_component_ref idref="oc-92"/>
            <object_component_ref idref="oc-8a"/>
            <object_component_ref idref="oc-8b"/>
            <object_component_ref idref="oc-8c"/>
            <object_component_ref idref="oc-81"/>
            <object_component_ref idref="oc-82"/>
            <object_component_ref idref="oc-83"/>
            <object_component_ref idref="oc-84"/>
            <object_component_ref idref="oc-85"/>
            <object_component_ref idref="oc-86"/>
            <object_component_ref idref="oc-87"/>
            <object_component_ref idref="oc-88"/>
            <object_component_ref idref="oc-89"/>
            <object_component_ref idref="oc-93"/>
            <object_component_ref idref="oc-8f"/>
            <object_component_ref idref="oc-90"/>
            <object_component_ref idref="oc-a9"/>
            <object_component_ref idref="oc-ac"/>
            <object_component_ref idref="oc-d6"/>
            <object_component_ref idref="oc-fb"/>
            <object_component_ref idref="oc-f7"/>
            <object_component_ref idref="oc-f5"/>
            <object_component_ref idref="oc-ce"/>
            <object_component_ref idref="oc-d2"/>
            <object_component_ref idref="oc-ee"/>
            <object_component_ref idref="oc-ed"/>
            <object_component_ref idref="oc-e4"/>
            <object_component_ref idref="oc-e3"/>
            <object_component_ref idref="oc-e1"/>
            <object_component_ref idref="oc-ea"/>
            <object_component_ref idref="oc-ff"/>
            <object_component_ref idref="oc-102"/>
            <object_component_ref idref="oc-ec"/>
            <object_component_ref idref="oc-f4"/>
            <object_component_ref idref="oc-f0"/>
            <object_component_ref idref="oc-f2"/>
            <object_component_ref idref="oc-ef"/>
            <object_component_ref idref="oc-f1"/>
         </contents>
      </logical_group>
      <split_section id="lg-29" display="no" color="cyan">
         <name>.text</name>
         <contents>
            <logical_group_ref idref="lg-144"/>
         </contents>
      </split_section>
      <logical_group id="lg-2a" display="no" color="cyan">
         <name>csmpasswds</name>
         <run_address>0x0</run_address>
         <size>0x0</size>
         <contents>
         </contents>
      </logical_group>
      <logical_group id="lg-2b" display="no" color="cyan">
         <name>csm_rsvd</name>
         <run_address>0x0</run_address>
         <size>0x0</size>
         <contents>
         </contents>
      </logical_group>
      <logical_group id="lg-2c" display="no" color="cyan">
         <name>.stack</name>
         <run_address>0x400</run_address>
         <size>0x200</size>
         <contents>
            <object_component_ref idref="oc-b2"/>
            <object_component_ref idref="oc-143"/>
         </contents>
      </logical_group>
      <logical_group id="lg-145" display="no" color="cyan">
         <name>.ebss</name>
         <run_address>0x600</run_address>
         <size>0x1b</size>
         <contents>
            <object_component_ref idref="oc-38"/>
            <object_component_ref idref="oc-ba"/>
            <object_component_ref idref="oc-fd"/>
            <object_component_ref idref="oc-106"/>
            <object_component_ref idref="oc-4a"/>
         </contents>
      </logical_group>
      <split_section id="lg-2d" display="no" color="cyan">
         <name>.ebss</name>
         <contents>
            <logical_group_ref idref="lg-145"/>
         </contents>
      </split_section>
      <logical_group id="lg-2e" display="no" color="cyan">
         <name>.esysmem</name>
         <run_address>0x0</run_address>
         <size>0x0</size>
         <contents>
         </contents>
      </logical_group>
      <logical_group id="lg-146" display="no" color="cyan">
         <name>.econst</name>
         <load_address>0x3f74ea</load_address>
         <run_address>0x3f74ea</run_address>
         <size>0x107</size>
         <contents>
            <object_component_ref idref="oc-103"/>
            <object_component_ref idref="oc-3a"/>
         </contents>
      </logical_group>
      <split_section id="lg-2f" display="no" color="cyan">
         <name>.econst</name>
         <contents>
            <logical_group_ref idref="lg-146"/>
         </contents>
      </split_section>
      <logical_group id="lg-30" display="no" color="cyan">
         <name>.switch</name>
         <run_address>0x0</run_address>
         <size>0x0</size>
         <contents>
         </contents>
      </logical_group>
      <logical_group id="lg-31" display="no" color="cyan">
         <name>IQmath</name>
         <run_address>0x0</run_address>
         <size>0x0</size>
         <contents>
         </contents>
      </logical_group>
      <logical_group id="lg-32" display="no" color="cyan">
         <name>IQmathTables</name>
         <run_address>0x0</run_address>
         <size>0x0</size>
         <contents>
         </contents>
      </logical_group>
      <logical_group id="lg-33" display="no" color="cyan">
         <name>.reset</name>
         <load_address>0x3fffc0</load_address>
         <run_address>0x3fffc0</run_address>
         <size>0x2</size>
         <contents>
            <object_component_ref idref="oc-b3"/>
         </contents>
      </logical_group>
      <logical_group id="lg-34" display="no" color="cyan">
         <name>vectors</name>
         <run_address>0x3fffc2</run_address>
         <size>0x0</size>
         <contents>
         </contents>
      </logical_group>
      <logical_group id="lg-138" display="never" color="cyan">
         <name>.debug_info</name>
         <load_address>0x0</load_address>
         <run_address>0x0</run_address>
         <size>0x1327e</size>
         <contents>
            <object_component_ref idref="oc-37"/>
            <object_component_ref idref="oc-3f"/>
            <object_component_ref idref="oc-44"/>
            <object_component_ref idref="oc-49"/>
            <object_component_ref idref="oc-51"/>
            <object_component_ref idref="oc-56"/>
            <object_component_ref idref="oc-5a"/>
            <object_component_ref idref="oc-5f"/>
            <object_component_ref idref="oc-64"/>
            <object_component_ref idref="oc-6a"/>
            <object_component_ref idref="oc-6f"/>
            <object_component_ref idref="oc-74"/>
            <object_component_ref idref="oc-79"/>
            <object_component_ref idref="oc-b4"/>
            <object_component_ref idref="oc-b8"/>
            <object_component_ref idref="oc-bf"/>
            <object_component_ref idref="oc-c4"/>
            <object_component_ref idref="oc-c9"/>
            <object_component_ref idref="oc-147"/>
         </contents>
      </logical_group>
      <logical_group id="lg-13a" display="never" color="cyan">
         <name>.debug_frame</name>
         <load_address>0x0</load_address>
         <run_address>0x0</run_address>
         <size>0xf96</size>
         <contents>
            <object_component_ref idref="oc-3b"/>
            <object_component_ref idref="oc-40"/>
            <object_component_ref idref="oc-45"/>
            <object_component_ref idref="oc-4b"/>
            <object_component_ref idref="oc-5b"/>
            <object_component_ref idref="oc-60"/>
            <object_component_ref idref="oc-66"/>
            <object_component_ref idref="oc-6b"/>
            <object_component_ref idref="oc-70"/>
            <object_component_ref idref="oc-75"/>
            <object_component_ref idref="oc-ad"/>
            <object_component_ref idref="oc-bb"/>
            <object_component_ref idref="oc-c0"/>
            <object_component_ref idref="oc-c5"/>
[...]
         <value>0x3f7028</value>
         <object_component_ref idref="oc-cf"/>
      </symbol>
      <symbol id="sm-a2">
         <name>_myAdc</name>
         <value>0x604</value>
         <object_component_ref idref="oc-38"/>
      </symbol>
      <symbol id="sm-a3">
         <name>_scia_fifo_init</name>
         <value>0x3f7126</value>
         <object_component_ref idref="oc-cf"/>
      </symbol>
      <symbol id="sm-a4">
         <name>_myGpio</name>
         <value>0x60e</value>
         <object_component_ref idref="oc-38"/>
      </symbol>
      <symbol id="sm-a5">
         <name>_myClk</name>
         <value>0x602</value>
         <object_component_ref idref="oc-38"/>
      </symbol>
      <symbol id="sm-a6">
         <name>_myFlash</name>
         <value>0x60c</value>
         <object_component_ref idref="oc-38"/>
      </symbol>
      <symbol id="sm-b7">
         <name>_ADC_init</name>
         <value>0x3f72dc</value>
         <object_component_ref idref="oc-d4"/>
      </symbol>
      <symbol id="sm-cc">
         <name>_CLK_enableAdcClock</name>
         <value>0x3f7373</value>
         <object_component_ref idref="oc-de"/>
      </symbol>
      <symbol id="sm-cd">
         <name>_CLK_enableSciaClock</name>
         <value>0x3f7318</value>
         <object_component_ref idref="oc-eb"/>
      </symbol>
      <symbol id="sm-ce">
         <name>_CLK_setOscSrc</name>
         <value>0x3f737a</value>
         <object_component_ref idref="oc-df"/>
      </symbol>
      <symbol id="sm-cf">
         <name>_CLK_init</name>
         <value>0x3f7333</value>
         <object_component_ref idref="oc-d5"/>
      </symbol>
      <symbol id="sm-e3">
         <name>_CPU_disableGlobalInts</name>
         <value>0x3f74c9</value>
         <object_component_ref idref="oc-e3"/>
      </symbol>
      <symbol id="sm-e4">
         <name>_CPU_clearIntFlags</name>
         <value>0x3f74c6</value>
         <object_component_ref idref="oc-e4"/>
      </symbol>
      <symbol id="sm-e5">
         <name>_CPU_init</name>
         <value>0x3f74a6</value>
         <object_component_ref idref="oc-d6"/>
      </symbol>
      <symbol id="sm-e6">
         <name>_cpu</name>
         <value>0x61a</value>
         <object_component_ref idref="oc-4a"/>
      </symbol>
      <symbol id="sm-f4">
         <name>_setDBGIER</name>
         <value>0x3f730e</value>
         <object_component_ref idref="oc-4f"/>
      </symbol>
      <symbol id="sm-f5">
         <name>_DSP28x_DisableInt</name>
         <value>0x3f7311</value>
         <object_component_ref idref="oc-4f"/>
      </symbol>
      <symbol id="sm-f6">
         <name>_DSP28x_RestoreInt</name>
         <value>0x3f7315</value>
         <object_component_ref idref="oc-4f"/>
      </symbol>
      <symbol id="sm-f7">
         <name>_DSP28x_usDelay</name>
         <value>0x50</value>
         <object_component_ref idref="oc-50"/>
      </symbol>
      <symbol id="sm-107">
         <name>code_start</name>
         <value>0x3f7ff6</value>
         <object_component_ref idref="oc-36"/>
      </symbol>
      <symbol id="sm-116">
         <name>_FLASH_init</name>
         <value>0x3f733b</value>
         <object_component_ref idref="oc-d7"/>
      </symbol>
      <symbol id="sm-133">
         <name>_GPIO_setQualification</name>
         <value>0x3f722f</value>
         <object_component_ref idref="oc-e7"/>
      </symbol>
      <symbol id="sm-134">
         <name>_GPIO_setMode</name>
         <value>0x3f7151</value>
         <object_component_ref idref="oc-e8"/>
      </symbol>
      <symbol id="sm-135">
         <name>_GPIO_init</name>
         <value>0x3f7343</value>
         <object_component_ref idref="oc-d8"/>
      </symbol>
      <symbol id="sm-136">
         <name>_GPIO_setPullUp</name>
         <value>0x3f71dd</value>
         <object_component_ref idref="oc-e6"/>
      </symbol>
      <symbol id="sm-156">
         <name>_PIE_enable</name>
         <value>0x3f74cf</value>
         <object_component_ref idref="oc-ea"/>
      </symbol>
      <symbol id="sm-157">
         <name>_PIE_disableAllInts</name>
         <value>0x3f72ba</value>
         <object_component_ref idref="oc-e2"/>
      </symbol>
      <symbol id="sm-158">
         <name>_PIE_disable</name>
         <value>0x3f74cc</value>
         <object_component_ref idref="oc-e1"/>
      </symbol>
      <symbol id="sm-159">
         <name>_PIE_illegalIsr</name>
         <value>0x3f742e</value>
         <object_component_ref idref="oc-65"/>
      </symbol>
      <symbol id="sm-15a">
         <name>_PIE_init</name>
         <value>0x3f72e6</value>
         <object_component_ref idref="oc-d9"/>
      </symbol>
      <symbol id="sm-15b">
         <name>_PIE_setDebugIntVectorTable</name>
         <value>0x3f72cb</value>
         <object_component_ref idref="oc-e9"/>
      </symbol>
      <symbol id="sm-15c">
         <name>_PIE_tableDebugInit</name>
         <value>0x3f74ea</value>
         <object_component_ref idref="oc-103"/>
      </symbol>
      <symbol id="sm-177">
         <name>_PLL_getClkStatus</name>
         <value>0x3f74d2</value>
         <object_component_ref idref="oc-ff"/>
      </symbol>
      <symbol id="sm-178">
         <name>_PLL_setDivider</name>
         <value>0x3f7381</value>
         <object_component_ref idref="oc-100"/>
      </symbol>
      <symbol id="sm-179">
         <name>_PLL_init</name>
         <value>0x3f734b</value>
         <object_component_ref idref="oc-da"/>
      </symbol>
      <symbol id="sm-17a">
         <name>_PLL_getLockStatus</name>
         <value>0x3f74d5</value>
         <object_component_ref idref="oc-102"/>
      </symbol>
      <symbol id="sm-17b">
         <name>_PLL_setup</name>
         <value>0x3f72a5</value>
         <object_component_ref idref="oc-e0"/>
      </symbol>
      <symbol id="sm-17c">
         <name>_PLL_setMultiplier</name>
         <value>0x3f7396</value>
         <object_component_ref idref="oc-101"/>
      </symbol>
      <symbol id="sm-1b4">
         <name>_SCI_enableFifoEnh</name>
         <value>0x3f74b2</value>
         <object_component_ref idref="oc-f5"/>
      </symbol>
      <symbol id="sm-1b5">
         <name>_SCI_setNumStopBits</name>
         <value>0x3f74c2</value>
         <object_component_ref idref="oc-ed"/>
      </symbol>
      <symbol id="sm-1b6">
         <name>_SCI_putDataBlocking</name>
         <value>0x3f7321</value>
         <object_component_ref idref="oc-d3"/>
      </symbol>
      <symbol id="sm-1b7">
         <name>_SCI_clearRxFifoInt</name>
         <value>0x3f74aa</value>
         <object_component_ref idref="oc-fb"/>
      </symbol>
      <symbol id="sm-1b8">
         <name>_SCI_init</name>
         <value>0x3f7353</value>
         <object_component_ref idref="oc-db"/>
      </symbol>
      <symbol id="sm-1b9">
         <name>_SCI_resetChannels</name>
         <value>0x3f72f0</value>
         <object_component_ref idref="oc-f8"/>
      </symbol>
      <symbol id="sm-1ba">
         <name>_SCI_enableTxInt</name>
         <value>0x3f74e7</value>
         <object_component_ref idref="oc-f1"/>
      </symbol>
      <symbol id="sm-1bb">
         <name>_SCI_disableParity</name>
         <value>0x3f74d8</value>
         <object_component_ref idref="oc-ec"/>
      </symbol>
      <symbol id="sm-1bc">
         <name>_SCI_setRxFifoIntLevel</name>
         <value>0x3f7388</value>
         <object_component_ref idref="oc-fc"/>
      </symbol>
      <symbol id="sm-1bd">
         <name>_SCI_resetTxFifo</name>
         <value>0x3f7304</value>
         <object_component_ref idref="oc-f6"/>
      </symbol>
      <symbol id="sm-1be">
         <name>_SCI_resetRxFifo</name>
         <value>0x3f72fa</value>
         <object_component_ref idref="oc-fa"/>
      </symbol>
      <symbol id="sm-1bf">
         <name>_SCI_getTxFifoStatus</name>
         <value>0x3f74ba</value>
         <object_component_ref idref="oc-d2"/>
      </symbol>
      <symbol id="sm-1c0">
         <name>_SCI_clearTxFifoInt</name>
         <value>0x3f74ae</value>
         <object_component_ref idref="oc-f7"/>
      </symbol>
      <symbol id="sm-1c1">
         <name>_SCI_enable</name>
         <value>0x3f74db</value>
         <object_component_ref idref="oc-f4"/>
      </symbol>
      <symbol id="sm-1c2">
         <name>_SCI_setTxFifoIntLevel</name>
         <value>0x3f738f</value>
         <object_component_ref idref="oc-f9"/>
      </symbol>
      <symbol id="sm-1c3">
         <name>_SCI_enableRxInt</name>
         <value>0x3f74e1</value>
         <object_component_ref idref="oc-f2"/>
      </symbol>
      <symbol id="sm-1c4">
         <name>_SCI_setBaudRate</name>
         <value>0x3f739c</value>
         <object_component_ref idref="oc-f3"/>
      </symbol>
      <symbol id="sm-1c5">
         <name>_SCI_enableRx</name>
         <value>0x3f74de</value>
         <object_component_ref idref="oc-f0"/>
      </symbol>
      <symbol id="sm-1c6">
         <name>_SCI_enableTx</name>
         <value>0x3f74e4</value>
         <object_component_ref idref="oc-ef"/>
      </symbol>
      <symbol id="sm-1c7">
         <name>_SCI_setCharLength</name>
         <value>0x3f74be</value>
         <object_component_ref idref="oc-ee"/>
      </symbol>
      <symbol id="sm-1c8">
         <name>_SCI_getRxFifoStatus</name>
         <value>0x3f74b6</value>
         <object_component_ref idref="oc-ce"/>
      </symbol>
      <symbol id="sm-1d9">
         <name>_WDOG_init</name>
         <value>0x3f7363</value>
         <object_component_ref idref="oc-dc"/>
      </symbol>
      <symbol id="sm-1da">
         <name>_WDOG_disable</name>
         <value>0x3f735b</value>
         <object_component_ref idref="oc-dd"/>
      </symbol>
      <symbol id="sm-27d">
         <name>_ILLEGAL_ISR</name>
         <value>0x3f7415</value>
         <object_component_ref idref="oc-80"/>
      </symbol>
      <symbol id="sm-27e">
         <name>_ADCINT4_ISR</name>
         <value>0x3f73b1</value>
         <object_component_ref idref="oc-a4"/>
      </symbol>
      <symbol id="sm-27f">
         <name>_DATALOG_ISR</name>
         <value>0x3f73cf</value>
         <object_component_ref idref="oc-7c"/>
      </symbol>
      <symbol id="sm-280">
         <name>_SPITXINTA_ISR</name>
         <value>0x3f7447</value>
         <object_component_ref idref="oc-9e"/>
      </symbol>
      <symbol id="sm-281">
         <name>_SPIRXINTA_ISR</name>
         <value>0x3f7442</value>
         <object_component_ref idref="oc-9d"/>
      </symbol>
      <symbol id="sm-282">
         <name>_INT13_ISR</name>
         <value>0x3f741a</value>
         <object_component_ref idref="oc-7a"/>
      </symbol>
      <symbol id="sm-283">
         <name>_ADCINT5_ISR</name>
         <value>0x3f73b6</value>
         <object_component_ref idref="oc-a5"/>
      </symbol>
      <symbol id="sm-284">
         <name>_EPWM4_INT_ISR</name>
         <value>0x3f7401</value>
         <object_component_ref idref="oc-9b"/>
      </symbol>
      <symbol id="sm-285">
         <name>_USER5_ISR</name>
         <value>0x3f7474</value>
         <object_component_ref idref="oc-85"/>
      </symbol>
      <symbol id="sm-286">
         <name>_EMPTY_ISR</name>
         <value>0x3f73d9</value>
         <object_component_ref idref="oc-aa"/>
      </symbol>
      <symbol id="sm-287">
         <name>_EPWM4_TZINT_ISR</name>
         <value>0x3f7406</value>
         <object_component_ref idref="oc-97"/>
      </symbol>
      <symbol id="sm-288">
         <name>_EMUINT_ISR</name>
         <value>0x3f73de</value>
         <object_component_ref idref="oc-7e"/>
      </symbol>
      <symbol id="sm-289">
         <name>_ECAP1_INT_ISR</name>
         <value>0x3f73d4</value>
         <object_component_ref idref="oc-9c"/>
      </symbol>
      <symbol id="sm-28a">
         <name>_EPWM1_TZINT_ISR</name>
         <value>0x3f73e8</value>
         <object_component_ref idref="oc-94"/>
      </symbol>
      <symbol id="sm-28b">
         <name>_ADCINT6_ISR</name>
         <value>0x3f73bb</value>
         <object_component_ref idref="oc-a6"/>
      </symbol>
      <symbol id="sm-28c">
         <name>_ADCINT8_ISR</name>
         <value>0x3f73c5</value>
         <object_component_ref idref="oc-a8"/>
      </symbol>
      <symbol id="sm-28d">
         <name>_USER11_ISR</name>
         <value>0x3f7456</value>
         <object_component_ref idref="oc-8b"/>
      </symbol>
      <symbol id="sm-28e">
         <name>_EPWM3_TZINT_ISR</name>
         <value>0x3f73fc</value>
         <object_component_ref idref="oc-96"/>
      </symbol>
      <symbol id="sm-28f">
         <name>_USER4_ISR</name>
         <value>0x3f746f</value>
         <object_component_ref idref="oc-84"/>
      </symbol>
      <symbol id="sm-290">
         <name>_EPWM2_TZINT_ISR</name>
         <value>0x3f73f2</value>
         <object_component_ref idref="oc-95"/>
      </symbol>
      <symbol id="sm-291">
         <name>_EPWM2_INT_ISR</name>
         <value>0x3f73ed</value>
         <object_component_ref idref="oc-99"/>
      </symbol>
      <symbol id="sm-292">
         <name>_TINT0_ISR</name>
         <value>0x3f744c</value>
         <object_component_ref idref="oc-92"/>
      </symbol>
      <symbol id="sm-293">
         <name>_WAKEINT_ISR</name>
         <value>0x3f748d</value>
         <object_component_ref idref="oc-93"/>
      </symbol>
      <symbol id="sm-294">
         <name>_ADCINT7_ISR</name>
         <value>0x3f73c0</value>
         <object_component_ref idref="oc-a7"/>
      </symbol>
      <symbol id="sm-295">
         <name>_ADCINT9_ISR</name>
         <value>0x3f73ca</value>
         <object_component_ref idref="oc-91"/>
      </symbol>
      <symbol id="sm-296">
         <name>_USER10_ISR</name>
         <value>0x3f7451</value>
         <object_component_ref idref="oc-8a"/>
      </symbol>
      <symbol id="sm-297">
         <name>_USER7_ISR</name>
         <value>0x3f747e</value>
         <object_component_ref idref="oc-87"/>
      </symbol>
      <symbol id="sm-298">
         <name>_XINT1_ISR</name>
         <value>0x3f7492</value>
         <object_component_ref idref="oc-8f"/>
      </symbol>
      <symbol id="sm-299">
         <name>_INT14_ISR</name>
         <value>0x3f741f</value>
         <object_component_ref idref="oc-7b"/>
      </symbol>
      <symbol id="sm-29a">
         <name>_USER6_ISR</name>
         <value>0x3f7479</value>
         <object_component_ref idref="oc-86"/>
      </symbol>
      <symbol id="sm-29b">
         <name>_ADCINT1_ISR</name>
         <value>0x3f73a2</value>
         <object_component_ref idref="oc-8d"/>
      </symbol>
      <symbol id="sm-29c">
         <name>_USER12_ISR</name>
         <value>0x3f745b</value>
         <object_component_ref idref="oc-8c"/>
      </symbol>
      <symbol id="sm-29d">
         <name>_USER1_ISR</name>
         <value>0x3f7460</value>
         <object_component_ref idref="oc-81"/>
      </symbol>
      <symbol id="sm-29e">
         <name>_XINT3_ISR</name>
         <value>0x3f749c</value>
         <object_component_ref idref="oc-a9"/>
      </symbol>
      <symbol id="sm-29f">
         <name>_NMI_ISR</name>
         <value>0x3f7424</value>
         <object_component_ref idref="oc-7f"/>
      </symbol>
      <symbol id="sm-2a0">
         <name>_ADCINT2_ISR</name>
         <value>0x3f73a7</value>
         <object_component_ref idref="oc-8e"/>
      </symbol>
      <symbol id="sm-2a1">
         <name>_PIE_RESERVED</name>
         <value>0x3f7429</value>
         <object_component_ref idref="oc-ab"/>
      </symbol>
      <symbol id="sm-2a2">
         <name>_I2CINT1A_ISR</name>
         <value>0x3f740b</value>
         <object_component_ref idref="oc-9f"/>
      </symbol>
      <symbol id="sm-2a3">
         <name>_XINT2_ISR</name>
         <value>0x3f7497</value>
         <object_component_ref idref="oc-90"/>
      </symbol>
      <symbol id="sm-2a4">
         <name>_I2CINT2A_ISR</name>
         <value>0x3f7410</value>
         <object_component_ref idref="oc-a0"/>
      </symbol>
      <symbol id="sm-2a5">
         <name>_RTOSINT_ISR</name>
         <value>0x3f7433</value>
         <object_component_ref idref="oc-7d"/>
      </symbol>
      <symbol id="sm-2a6">
         <name>_EPWM3_INT_ISR</name>
         <value>0x3f73f7</value>
         <object_component_ref idref="oc-9a"/>
      </symbol>
      <symbol id="sm-2a7">
         <name>_ADCINT3_ISR</name>
         <value>0x3f73ac</value>
         <object_component_ref idref="oc-a3"/>
      </symbol>
      <symbol id="sm-2a8">
         <name>_USER9_ISR</name>
         <value>0x3f7488</value>
         <object_component_ref idref="oc-89"/>
      </symbol>
      <symbol id="sm-2a9">
         <name>_USER3_ISR</name>
         <value>0x3f746a</value>
         <object_component_ref idref="oc-83"/>
      </symbol>
      <symbol id="sm-2aa">
         <name>_USER8_ISR</name>
         <value>0x3f7483</value>
         <object_component_ref idref="oc-88"/>
      </symbol>
      <symbol id="sm-2ab">
         <name>_EPWM1_INT_ISR</name>
         <value>0x3f73e3</value>
         <object_component_ref idref="oc-98"/>
      </symbol>
      <symbol id="sm-2ac">
         <name>_USER2_ISR</name>
         <value>0x3f7465</value>
         <object_component_ref idref="oc-82"/>
      </symbol>
      <symbol id="sm-2ad">
         <name>_SCITXINTA_ISR</name>
         <value>0x3f743d</value>
         <object_component_ref idref="oc-a2"/>
      </symbol>
      <symbol id="sm-2ae">
         <name>_SCIRXINTA_ISR</name>
         <value>0x3f7438</value>
         <object_component_ref idref="oc-a1"/>
      </symbol>
      <symbol id="sm-2af">
         <name>_rsvd_ISR</name>
         <value>0x3f74a1</value>
         <object_component_ref idref="oc-ac"/>
      </symbol>
      <symbol id="sm-2c8">
         <name>_c_int00</name>
         <value>0x3f7199</value>
         <object_component_ref idref="oc-b1"/>
      </symbol>
      <symbol id="sm-2c9">
         <name>__stack</name>
         <value>0x400</value>
         <object_component_ref idref="oc-b2"/>
      </symbol>
      <symbol id="sm-2dd">
         <name>C$$EXIT</name>
         <value>0x3f728c</value>
         <object_component_ref idref="oc-d1"/>
      </symbol>
      <symbol id="sm-2de">
         <name>_exit</name>
         <value>0x3f728e</value>
         <object_component_ref idref="oc-d1"/>
      </symbol>
      <symbol id="sm-2df">
         <name>___TI_cleanup_ptr</name>
         <value>0x612</value>
         <object_component_ref idref="oc-ba"/>
      </symbol>
      <symbol id="sm-2e0">
         <name>_abort</name>
         <value>0x3f728c</value>
         <object_component_ref idref="oc-d1"/>
      </symbol>
      <symbol id="sm-2e1">
         <name>___TI_dtors_ptr</name>
         <value>0x614</value>
         <object_component_ref idref="oc-ba"/>
      </symbol>
      <symbol id="sm-2f3">
         <name>_memcpy</name>
         <value>0x3f7256</value>
         <object_component_ref idref="oc-e5"/>
      </symbol>
      <symbol id="sm-308">
         <name>__unlock</name>
         <value>0x618</value>
         <object_component_ref idref="oc-106"/>
      </symbol>
      <symbol id="sm-309">
         <name>__lock</name>
         <value>0x616</value>
         <object_component_ref idref="oc-fd"/>
      </symbol>
      <symbol id="sm-30a">
         <name>__register_lock</name>
         <value>0x3f732e</value>
         <object_component_ref idref="oc-104"/>
      </symbol>
      <symbol id="sm-30b">
         <name>__nop</name>
         <value>0x3f7332</value>
         <object_component_ref idref="oc-104"/>
      </symbol>
      <symbol id="sm-30c">
         <name>__register_unlock</name>
         <value>0x3f732a</value>
         <object_component_ref idref="oc-104"/>
      </symbol>
      <symbol id="sm-31c">
         <name>__args_main</name>
         <value>0x3f7273</value>
         <object_component_ref idref="oc-d0"/>
      </symbol>
   </symbol_table>
   <title>Link successful</title>
</link_info>
