<?xml version="1.0"?>
<link_info>
   <banner>TMS320C2000 Linker PC v6.4.6</banner>
   <copyright>Copyright (c) 1996-2015 Texas Instruments Incorporated</copyright>
   <link_time>0x5695a7ee</link_time>
   <link_errors>0x0</link_errors>
   <output_file>Example_F2802xSci_FFDLB_int.out</output_file>
   <entry_point>
      <name>code_start</name>
      <address>0x0</address>
   </entry_point>
   <input_file_list>
      <input_file id="fl-2">
         <path>.\</path>
         <kind>object</kind>
         <file>FYDP_C2000.obj</file>
         <name>FYDP_C2000.obj</name>
      </input_file>
      <input_file id="fl-a">
         <path>C:\ti\controlSUITE\device_support\f2802x\v230\f2802x_common\lib\</path>
         <kind>archive</kind>
         <file>driverlib.lib</file>
         <name>F2802xX_GlobalVariableDefs.obj</name>
      </input_file>
      <input_file id="fl-b">
         <path>C:\ti\controlSUITE\device_support\f2802x\v230\f2802x_common\lib\</path>
         <kind>archive</kind>
         <file>driverlib.lib</file>
         <name>adc.obj</name>
      </input_file>
      <input_file id="fl-c">
         <path>C:\ti\controlSUITE\device_support\f2802x\v230\f2802x_common\lib\</path>
         <kind>archive</kind>
         <file>driverlib.lib</file>
         <name>clk.obj</name>
      </input_file>
      <input_file id="fl-d">
         <path>C:\ti\controlSUITE\device_support\f2802x\v230\f2802x_common\lib\</path>
         <kind>archive</kind>
         <file>driverlib.lib</file>
         <name>cpu.obj</name>
      </input_file>
      <input_file id="fl-e">
         <path>C:\ti\controlSUITE\device_support\f2802x\v230\f2802x_common\lib\</path>
         <kind>archive</kind>
         <file>driverlib.lib</file>
         <name>f2802xx_asmfuncs.obj</name>
      </input_file>
      <input_file id="fl-f">
         <path>C:\ti\controlSUITE\device_support\f2802x\v230\f2802x_common\lib\</path>
         <kind>archive</kind>
         <file>driverlib.lib</file>
         <name>f2802xx_codestartbranch.obj</name>
      </input_file>
      <input_file id="fl-10">
         <path>C:\ti\controlSUITE\device_support\f2802x\v230\f2802x_common\lib\</path>
         <kind>archive</kind>
         <file>driverlib.lib</file>
         <name>flash.obj</name>
      </input_file>
      <input_file id="fl-11">
         <path>C:\ti\controlSUITE\device_support\f2802x\v230\f2802x_common\lib\</path>
         <kind>archive</kind>
         <file>driverlib.lib</file>
         <name>gpio.obj</name>
      </input_file>
      <input_file id="fl-12">
         <path>C:\ti\controlSUITE\device_support\f2802x\v230\f2802x_common\lib\</path>
         <kind>archive</kind>
         <file>driverlib.lib</file>
         <name>pie.obj</name>
      </input_file>
      <input_file id="fl-13">
         <path>C:\ti\controlSUITE\device_support\f2802x\v230\f2802x_common\lib\</path>
         <kind>archive</kind>
         <file>driverlib.lib</file>
         <name>pll.obj</name>
      </input_file>
      <input_file id="fl-14">
         <path>C:\ti\controlSUITE\device_support\f2802x\v230\f2802x_common\lib\</path>
         <kind>archive</kind>
         <file>driverlib.lib</file>
         <name>pwm.obj</name>
      </input_file>
      <input_file id="fl-15">
         <path>C:\ti\controlSUITE\device_support\f2802x\v230\f2802x_common\lib\</path>
         <kind>archive</kind>
         <file>driverlib.lib</file>
         <name>sci.obj</name>
      </input_file>
      <input_file id="fl-16">
         <path>C:\ti\controlSUITE\device_support\f2802x\v230\f2802x_common\lib\</path>
         <kind>archive</kind>
         <file>driverlib.lib</file>
         <name>wdog.obj</name>
      </input_file>
      <input_file id="fl-17">
         <path>C:\ti\controlSUITE\device_support\f2802x\v230\f2802x_common\lib\</path>
         <kind>archive</kind>
         <file>driverlib.lib</file>
         <name>f2802xx_defaultisr.obj</name>
      </input_file>
      <input_file id="fl-18">
         <path>C:\ti\ccsv6\tools\compiler\ti-cgt-c2000_6.4.6\lib\</path>
         <kind>archive</kind>
         <file>rts2800_ml.lib</file>
         <name>boot.obj</name>
      </input_file>
      <input_file id="fl-19">
         <path>C:\ti\ccsv6\tools\compiler\ti-cgt-c2000_6.4.6\lib\</path>
         <kind>archive</kind>
         <file>rts2800_ml.lib</file>
         <name>exit.obj</name>
      </input_file>
      <input_file id="fl-1a">
         <path>C:\ti\ccsv6\tools\compiler\ti-cgt-c2000_6.4.6\lib\</path>
         <kind>archive</kind>
         <file>rts2800_ml.lib</file>
         <name>_lock.obj</name>
      </input_file>
      <input_file id="fl-1b">
         <path>C:\ti\ccsv6\tools\compiler\ti-cgt-c2000_6.4.6\lib\</path>
         <kind>archive</kind>
         <file>rts2800_ml.lib</file>
         <name>args_main.obj</name>
      </input_file>
   </input_file_list>
   <object_component_list>
      <object_component id="oc-5d">
         <name>PieVectTableFile</name>
         <uninitialized>true</uninitialized>
         <run_address>0xd00</run_address>
         <size>0x100</size>
         <input_file_ref idref="fl-a"/>
      </object_component>
      <object_component id="oc-3d">
         <name>EmuKeyVar</name>
         <uninitialized>true</uninitialized>
         <run_address>0xd00</run_address>
         <size>0x1</size>
         <input_file_ref idref="fl-a"/>
      </object_component>
      <object_component id="oc-3f">
         <name>EmuBModeVar</name>
         <uninitialized>true</uninitialized>
         <run_address>0xd01</run_address>
         <size>0x1</size>
         <input_file_ref idref="fl-a"/>
      </object_component>
      <object_component id="oc-41">
         <name>FlashCallbackVar</name>
         <uninitialized>true</uninitialized>
         <run_address>0xd02</run_address>
         <size>0x2</size>
         <input_file_ref idref="fl-a"/>
      </object_component>
      <object_component id="oc-40">
         <name>FlashScalingVar</name>
         <uninitialized>true</uninitialized>
         <run_address>0xd04</run_address>
         <size>0x2</size>
         <input_file_ref idref="fl-a"/>
      </object_component>
      <object_component id="oc-43">
         <name>DevEmuRegsFile</name>
         <uninitialized>true</uninitialized>
         <run_address>0x880</run_address>
         <size>0x4</size>
         <input_file_ref idref="fl-a"/>
      </object_component>
      <object_component id="oc-42">
         <name>SysPwrCtrlRegsFile</name>
         <uninitialized>true</uninitialized>
         <run_address>0x985</run_address>
         <size>0x3</size>
         <input_file_ref idref="fl-a"/>
      </object_component>
      <object_component id="oc-44">
         <name>FlashRegsFile</name>
         <uninitialized>true</uninitialized>
         <run_address>0xa80</run_address>
         <size>0x8</size>
         <input_file_ref idref="fl-a"/>
      </object_component>
      <object_component id="oc-4d">
         <name>CsmRegsFile</name>
         <uninitialized>true</uninitialized>
         <run_address>0xae0</run_address>
         <size>0x10</size>
         <input_file_ref idref="fl-a"/>
      </object_component>
      <object_component id="oc-55">
         <name>AdcResultFile</name>
         <uninitialized>true</uninitialized>
         <run_address>0xb00</run_address>
         <size>0x20</size>
         <input_file_ref idref="fl-a"/>
      </object_component>
      <object_component id="oc-45">
         <name>CpuTimer0RegsFile</name>
         <uninitialized>true</uninitialized>
         <run_address>0xc00</run_address>
         <size>0x8</size>
         <input_file_ref idref="fl-a"/>
      </object_component>
      <object_component id="oc-46">
         <name>CpuTimer1RegsFile</name>
         <uninitialized>true</uninitialized>
         <run_address>0xc08</run_address>
         <size>0x8</size>
         <input_file_ref idref="fl-a"/>
      </object_component>
      <object_component id="oc-47">
         <name>CpuTimer2RegsFile</name>
         <uninitialized>true</uninitialized>
         <run_address>0xc10</run_address>
         <size>0x8</size>
         <input_file_ref idref="fl-a"/>
      </object_component>
      <object_component id="oc-51">
         <name>PieCtrlRegsFile</name>
         <uninitialized>true</uninitialized>
         <run_address>0xce0</run_address>
         <size>0x1a</size>
         <input_file_ref idref="fl-a"/>
      </object_component>
      <object_component id="oc-54">
         <name>ECap1RegsFile</name>
         <uninitialized>true</uninitialized>
         <run_address>0x6a00</run_address>
         <size>0x20</size>
         <input_file_ref idref="fl-a"/>
      </object_component>
      <object_component id="oc-5b">
         <name>GpioCtrlRegsFile</name>
         <uninitialized>true</uninitialized>
         <run_address>0x6f80</run_address>
         <size>0x40</size>
         <input_file_ref idref="fl-a"/>
      </object_component>
      <object_component id="oc-53">
         <name>GpioDataRegsFile</name>
         <uninitialized>true</uninitialized>
         <run_address>0x6fc0</run_address>
         <size>0x20</size>
         <input_file_ref idref="fl-a"/>
      </object_component>
      <object_component id="oc-49">
         <name>GpioIntRegsFile</name>
         <uninitialized>true</uninitialized>
         <run_address>0x6fe0</run_address>
         <size>0xa</size>
         <input_file_ref idref="fl-a"/>
      </object_component>
      <object_component id="oc-52">
         <name>SysCtrlRegsFile</name>
         <uninitialized>true</uninitialized>
         <run_address>0x7010</run_address>
         <size>0x1f</size>
         <input_file_ref idref="fl-a"/>
      </object_component>
      <object_component id="oc-4a">
         <name>SpiaRegsFile</name>
         <uninitialized>true</uninitialized>
         <run_address>0x7040</run_address>
         <size>0x10</size>
         <input_file_ref idref="fl-a"/>
      </object_component>
      <object_component id="oc-4b">
         <name>SciaRegsFile</name>
         <uninitialized>true</uninitialized>
         <run_address>0x7050</run_address>
         <size>0x10</size>
         <input_file_ref idref="fl-a"/>
      </object_component>
      <object_component id="oc-4c">
         <name>NmiIntruptRegsFile</name>
         <uninitialized>true</uninitialized>
         <run_address>0x7060</run_address>
         <size>0x10</size>
         <input_file_ref idref="fl-a"/>
      </object_component>
      <object_component id="oc-4e">
         <name>XIntruptRegsFile</name>
         <uninitialized>true</uninitialized>
         <run_address>0x7070</run_address>
         <size>0x10</size>
         <input_file_ref idref="fl-a"/>
      </object_component>
      <object_component id="oc-5c">
         <name>AdcRegsFile</name>
         <uninitialized>true</uninitialized>
         <run_address>0x7100</run_address>
         <size>0x51</size>
         <input_file_ref idref="fl-a"/>
      </object_component>
      <object_component id="oc-56">
         <name>I2caRegsFile</name>
         <uninitialized>true</uninitialized>
         <run_address>0x7900</run_address>
         <size>0x22</size>
         <input_file_ref idref="fl-a"/>
      </object_component>
      <object_component id="oc-50">
         <name>Comp1RegsFile</name>
         <uninitialized>true</uninitialized>
         <run_address>0x6400</run_address>
         <size>0x11</size>
         <input_file_ref idref="fl-a"/>
      </object_component>
      <object_component id="oc-4f">
         <name>Comp2RegsFile</name>
         <uninitialized>true</uninitialized>
         <run_address>0x6420</run_address>
         <size>0x11</size>
         <input_file_ref idref="fl-a"/>
      </object_component>
      <object_component id="oc-5a">
         <name>EPwm1RegsFile</name>
         <uninitialized>true</uninitialized>
         <run_address>0x6800</run_address>
         <size>0x40</size>
         <input_file_ref idref="fl-a"/>
      </object_component>
      <object_component id="oc-58">
         <name>EPwm2RegsFile</name>
         <uninitialized>true</uninitialized>
         <run_address>0x6840</run_address>
         <size>0x40</size>
         <input_file_ref idref="fl-a"/>
      </object_component>
      <object_component id="oc-57">
         <name>EPwm3RegsFile</name>
         <uninitialized>true</uninitialized>
         <run_address>0x6880</run_address>
         <size>0x40</size>
         <input_file_ref idref="fl-a"/>
      </object_component>
      <object_component id="oc-59">
         <name>EPwm4RegsFile</name>
         <uninitialized>true</uninitialized>
         <run_address>0x68c0</run_address>
         <size>0x40</size>
         <input_file_ref idref="fl-a"/>
      </object_component>
      <object_component id="oc-48">
         <name>CsmPwlFile</name>
         <uninitialized>true</uninitialized>
         <run_address>0x3f7ff8</run_address>
         <size>0x8</size>
         <input_file_ref idref="fl-a"/>
      </object_component>
      <object_component id="oc-3e">
         <name>PartIdRegsFile</name>
         <uninitialized>true</uninitialized>
         <run_address>0x3d7fff</run_address>
         <size>0x1</size>
         <input_file_ref idref="fl-a"/>
      </object_component>
      <object_component id="oc-33">
         <name>codestart</name>
         <load_address>0x0</load_address>
         <run_address>0x0</run_address>
         <size>0x2</size>
         <input_file_ref idref="fl-f"/>
      </object_component>
      <object_component id="oc-70">
         <name>ramfuncs</name>
         <load_address>0x8374</load_address>
         <run_address>0x8374</run_address>
         <size>0x4</size>
         <input_file_ref idref="fl-e"/>
      </object_component>
      <object_component id="oc-ef">
         <name>.text</name>
         <load_address>0x66</load_address>
         <run_address>0x66</run_address>
         <size>0x275</size>
         <input_file_ref idref="fl-2"/>
      </object_component>
      <object_component id="oc-107">
         <name>.text:_GPIO_setMode</name>
         <load_address>0x2db</load_address>
         <run_address>0x2db</run_address>
         <size>0x48</size>
         <input_file_ref idref="fl-11"/>
      </object_component>
      <object_component id="oc-d6">
         <name>.text</name>
         <load_address>0x323</load_address>
         <run_address>0x323</run_address>
         <size>0x44</size>
         <input_file_ref idref="fl-18"/>
      </object_component>
      <object_component id="oc-36">
         <name>.text:retain</name>
         <load_address>0x367</load_address>
         <run_address>0x367</run_address>
         <size>0x31</size>
         <input_file_ref idref="fl-2"/>
      </object_component>
      <object_component id="oc-106">
         <name>.text:_GPIO_setPullUp</name>
         <load_address>0x398</load_address>
         <run_address>0x398</run_address>
         <size>0x29</size>
         <input_file_ref idref="fl-11"/>
      </object_component>
      <object_component id="oc-108">
         <name>.text:_GPIO_setQualification</name>
         <load_address>0x3c1</load_address>
         <run_address>0x3c1</run_address>
         <size>0x27</size>
         <input_file_ref idref="fl-11"/>
      </object_component>
      <object_component id="oc-114">
         <name>.text:_ADC_enableInt</name>
         <load_address>0x3e8</load_address>
         <run_address>0x3e8</run_address>
         <size>0x17</size>
         <input_file_ref idref="fl-b"/>
      </object_component>
      <object_component id="oc-115">
         <name>.text:_ADC_setIntMode</name>
         <load_address>0x8000</load_address>
         <run_address>0x8000</run_address>
         <size>0x22</size>
         <input_file_ref idref="fl-b"/>
      </object_component>
      <object_component id="oc-f2">
         <name>.text</name>
         <load_address>0x8022</load_address>
         <run_address>0x8022</run_address>
         <size>0x19</size>
         <input_file_ref idref="fl-1b"/>
      </object_component>
      <object_component id="oc-f3">
         <name>.text</name>
         <load_address>0x803b</load_address>
         <run_address>0x803b</run_address>
         <size>0x19</size>
         <input_file_ref idref="fl-19"/>
      </object_component>
      <object_component id="oc-101">
         <name>.text:_PLL_setup</name>
         <load_address>0x8054</load_address>
         <run_address>0x8054</run_address>
         <size>0x15</size>
         <input_file_ref idref="fl-13"/>
      </object_component>
      <object_component id="oc-117">
         <name>.text:_ADC_setSocChanNumber</name>
         <load_address>0x8069</load_address>
         <run_address>0x8069</run_address>
         <size>0x12</size>
         <input_file_ref idref="fl-b"/>
      </object_component>
      <object_component id="oc-118">
         <name>.text:_ADC_setSocSampleWindow</name>
         <load_address>0x807b</load_address>
         <run_address>0x807b</run_address>
         <size>0x12</size>
         <input_file_ref idref="fl-b"/>
      </object_component>
      <object_component id="oc-116">
         <name>.text:_ADC_setSocTrigSrc</name>
         <load_address>0x808d</load_address>
         <run_address>0x808d</run_address>
         <size>0x12</size>
         <input_file_ref idref="fl-b"/>
      </object_component>
      <object_component id="oc-113">
         <name>.text:_ADC_setVoltRefSrc</name>
         <load_address>0x809f</load_address>
         <run_address>0x809f</run_address>
         <size>0x11</size>
         <input_file_ref idref="fl-b"/>
      </object_component>
      <object_component id="oc-103">
         <name>.text:_PIE_disableAllInts</name>
         <load_address>0x80b0</load_address>
         <run_address>0x80b0</run_address>
         <size>0x11</size>
         <input_file_ref idref="fl-12"/>
      </object_component>
      <object_component id="oc-109">
         <name>.text:_PIE_setDebugIntVectorTable</name>
         <load_address>0x80c1</load_address>
         <run_address>0x80c1</run_address>
         <size>0x11</size>
         <input_file_ref idref="fl-12"/>
      </object_component>
      <object_component id="oc-10b">
         <name>.text:_PIE_registerPieIntHandler</name>
         <load_address>0x80d2</load_address>
         <run_address>0x80d2</run_address>
         <size>0xf</size>
         <input_file_ref idref="fl-12"/>
      </object_component>
      <object_component id="oc-112">
         <name>.text:_ADC_enable</name>
         <load_address>0x80e1</load_address>
         <run_address>0x80e1</run_address>
         <size>0xa</size>
         <input_file_ref idref="fl-b"/>
      </object_component>
      <object_component id="oc-10f">
         <name>.text:_ADC_enableBandGap</name>
         <load_address>0x80eb</load_address>
         <run_address>0x80eb</run_address>
         <size>0xa</size>
         <input_file_ref idref="fl-b"/>
      </object_component>
      <object_component id="oc-110">
         <name>.text:_ADC_enableRefBuffers</name>
         <load_address>0x80f5</load_address>
         <run_address>0x80f5</run_address>
         <size>0xa</size>
         <input_file_ref idref="fl-b"/>
      </object_component>
      <object_component id="oc-f4">
         <name>.text:_ADC_init</name>
         <load_address>0x80ff</load_address>
         <run_address>0x80ff</run_address>
         <size>0xa</size>
         <input_file_ref idref="fl-b"/>
      </object_component>
      <object_component id="oc-111">
         <name>.text:_ADC_powerUp</name>
         <load_address>0x8109</load_address>
         <run_address>0x8109</run_address>
         <size>0xa</size>
         <input_file_ref idref="fl-b"/>
      </object_component>
      <object_component id="oc-10c">
         <name>.text:_PIE_enableInt</name>
         <load_address>0x8113</load_address>
         <run_address>0x8113</run_address>
         <size>0xa</size>
         <input_file_ref idref="fl-12"/>
      </object_component>
      <object_component id="oc-f9">
         <name>.text:_PIE_init</name>
         <load_address>0x811d</load_address>
         <run_address>0x811d</run_address>
         <size>0xa</size>
         <input_file_ref idref="fl-12"/>
      </object_component>
      <object_component id="oc-132">
         <name>.text:_SCI_resetChannels</name>
         <load_address>0x8127</load_address>
         <run_address>0x8127</run_address>
         <size>0xa</size>
         <input_file_ref idref="fl-15"/>
      </object_component>
      <object_component id="oc-134">
         <name>.text:_SCI_resetRxFifo</name>
         <load_address>0x8131</load_address>
         <run_address>0x8131</run_address>
         <size>0xa</size>
         <input_file_ref idref="fl-15"/>
      </object_component>
      <object_component id="oc-130">
         <name>.text:_SCI_resetTxFifo</name>
         <load_address>0x813b</load_address>
         <run_address>0x813b</run_address>
         <size>0xa</size>
         <input_file_ref idref="fl-15"/>
      </object_component>
      <object_component id="oc-6f">
         <name>.text</name>
         <load_address>0x8145</load_address>
         <run_address>0x8145</run_address>
         <size>0xa</size>
         <input_file_ref idref="fl-e"/>
      </object_component>
      <object_component id="oc-11a">
         <name>.text:_CLK_enablePwmClock</name>
         <load_address>0x814f</load_address>
         <run_address>0x814f</run_address>
         <size>0x9</size>
         <input_file_ref idref="fl-c"/>
      </object_component>
      <object_component id="oc-125">
         <name>.text:_CLK_enableSciaClock</name>
         <load_address>0x8158</load_address>
         <run_address>0x8158</run_address>
         <size>0x9</size>
         <input_file_ref idref="fl-c"/>
      </object_component>
      <object_component id="oc-123">
         <name>.text:_PWM_setActionQual_CntUp_CmpA_PwmA</name>
         <load_address>0x8161</load_address>
         <run_address>0x8161</run_address>
         <size>0x9</size>
         <input_file_ref idref="fl-14"/>
      </object_component>
      <object_component id="oc-138">
         <name>.text:_SCI_putDataBlocking</name>
         <load_address>0x816a</load_address>
         <run_address>0x816a</run_address>
         <size>0x9</size>
         <input_file_ref idref="fl-15"/>
      </object_component>
      <object_component id="oc-140">
         <name>.text</name>
         <load_address>0x8173</load_address>
         <run_address>0x8173</run_address>
         <size>0x9</size>
         <input_file_ref idref="fl-1a"/>
      </object_component>
      <object_component id="oc-f5">
         <name>.text:_CLK_init</name>
         <load_address>0x817c</load_address>
         <run_address>0x817c</run_address>
         <size>0x8</size>
         <input_file_ref idref="fl-c"/>
      </object_component>
      <object_component id="oc-f7">
         <name>.text:_FLASH_init</name>
         <load_address>0x8184</load_address>
         <run_address>0x8184</run_address>
         <size>0x8</size>
         <input_file_ref idref="fl-10"/>
      </object_component>
      <object_component id="oc-f8">
         <name>.text:_GPIO_init</name>
         <load_address>0x818c</load_address>
         <run_address>0x818c</run_address>
         <size>0x8</size>
         <input_file_ref idref="fl-11"/>
      </object_component>
      <object_component id="oc-fa">
         <name>.text:_PLL_init</name>
         <load_address>0x8194</load_address>
         <run_address>0x8194</run_address>
         <size>0x8</size>
         <input_file_ref idref="fl-13"/>
      </object_component>
      <object_component id="oc-fb">
         <name>.text:_PWM_init</name>
         <load_address>0x819c</load_address>
         <run_address>0x819c</run_address>
         <size>0x8</size>
         <input_file_ref idref="fl-14"/>
      </object_component>
      <object_component id="oc-fc">
         <name>.text:_SCI_init</name>
         <load_address>0x81a4</load_address>
         <run_address>0x81a4</run_address>
         <size>0x8</size>
         <input_file_ref idref="fl-15"/>
      </object_component>
      <object_component id="oc-fe">
         <name>.text:_WDOG_disable</name>
         <load_address>0x81ac</load_address>
         <run_address>0x81ac</run_address>
         <size>0x8</size>
         <input_file_ref idref="fl-16"/>
      </object_component>
      <object_component id="oc-fd">
         <name>.text:_WDOG_init</name>
         <load_address>0x81b4</load_address>
         <run_address>0x81b4</run_address>
         <size>0x8</size>
         <input_file_ref idref="fl-16"/>
      </object_component>
      <object_component id="oc-75">
         <name>.text</name>
         <load_address>0x81bc</load_address>
         <run_address>0x81bc</run_address>
         <size>0x8</size>
         <input_file_ref idref="fl-f"/>
      </object_component>
      <object_component id="oc-119">
         <name>.text:_CLK_disableTbClockSync</name>
         <load_address>0x81c4</load_address>
         <run_address>0x81c4</run_address>
         <size>0x7</size>
         <input_file_ref idref="fl-c"/>
      </object_component>
      <object_component id="oc-ff">
         <name>.text:_CLK_enableAdcClock</name>
         <load_address>0x81cb</load_address>
         <run_address>0x81cb</run_address>
         <size>0x7</size>
         <input_file_ref idref="fl-c"/>
      </object_component>
      <object_component id="oc-124">
         <name>.text:_CLK_enableTbClockSync</name>
         <load_address>0x81d2</load_address>
         <run_address>0x81d2</run_address>
         <size>0x7</size>
         <input_file_ref idref="fl-c"/>
      </object_component>
      <object_component id="oc-100">
         <name>.text:_CLK_setOscSrc</name>
         <load_address>0x81d9</load_address>
         <run_address>0x81d9</run_address>
         <size>0x7</size>
         <input_file_ref idref="fl-c"/>
      </object_component>
      <object_component id="oc-13c">
         <name>.text:_PLL_setDivider</name>
         <load_address>0x81e0</load_address>
         <run_address>0x81e0</run_address>
         <size>0x7</size>
         <input_file_ref idref="fl-13"/>
      </object_component>
      <object_component id="oc-122">
         <name>.text:_PWM_setActionQual_Zero_PwmA</name>
         <load_address>0x81e7</load_address>
         <run_address>0x81e7</run_address>
         <size>0x7</size>
         <input_file_ref idref="fl-14"/>
      </object_component>
      <object_component id="oc-135">
         <name>.text:_SCI_setRxFifoIntLevel</name>
         <load_address>0x81ee</load_address>
         <run_address>0x81ee</run_address>
         <size>0x7</size>
         <input_file_ref idref="fl-15"/>
      </object_component>
      <object_component id="oc-133">
         <name>.text:_SCI_setTxFifoIntLevel</name>
         <load_address>0x81f5</load_address>
         <run_address>0x81f5</run_address>
         <size>0x7</size>
         <input_file_ref idref="fl-15"/>
      </object_component>
      <object_component id="oc-13d">
         <name>.text:_PLL_setMultiplier</name>
         <load_address>0x81fc</load_address>
         <run_address>0x81fc</run_address>
         <size>0x6</size>
         <input_file_ref idref="fl-13"/>
      </object_component>
      <object_component id="oc-12d">
         <name>.text:_SCI_setBaudRate</name>
         <load_address>0x8202</load_address>
         <run_address>0x8202</run_address>
         <size>0x6</size>
         <input_file_ref idref="fl-15"/>
      </object_component>
      <object_component id="oc-b2">
         <name>.text:_ADCINT1_ISR</name>
         <load_address>0x8208</load_address>
         <run_address>0x8208</run_address>
         <size>0x5</size>
         <input_file_ref idref="fl-17"/>
      </object_component>
      <object_component id="oc-b3">
         <name>.text:_ADCINT2_ISR</name>
         <load_address>0x820d</load_address>
         <run_address>0x820d</run_address>
         <size>0x5</size>
         <input_file_ref idref="fl-17"/>
      </object_component>
      <object_component id="oc-c8">
         <name>.text:_ADCINT3_ISR</name>
         <load_address>0x8212</load_address>
         <run_address>0x8212</run_address>
         <size>0x5</size>
         <input_file_ref idref="fl-17"/>
      </object_component>
      <object_component id="oc-c9">
         <name>.text:_ADCINT4_ISR</name>
         <load_address>0x8217</load_address>
         <run_address>0x8217</run_address>
         <size>0x5</size>
         <input_file_ref idref="fl-17"/>
      </object_component>
      <object_component id="oc-ca">
         <name>.text:_ADCINT5_ISR</name>
         <load_address>0x821c</load_address>
         <run_address>0x821c</run_address>
         <size>0x5</size>
         <input_file_ref idref="fl-17"/>
      </object_component>
      <object_component id="oc-cb">
         <name>.text:_ADCINT6_ISR</name>
         <load_address>0x8221</load_address>
         <run_address>0x8221</run_address>
         <size>0x5</size>
         <input_file_ref idref="fl-17"/>
      </object_component>
      <object_component id="oc-cc">
         <name>.text:_ADCINT7_ISR</name>
         <load_address>0x8226</load_address>
         <run_address>0x8226</run_address>
         <size>0x5</size>
         <input_file_ref idref="fl-17"/>
      </object_component>
      <object_component id="oc-cd">
         <name>.text:_ADCINT8_ISR</name>
         <load_address>0x822b</load_address>
         <run_address>0x822b</run_address>
         <size>0x5</size>
         <input_file_ref idref="fl-17"/>
      </object_component>
      <object_component id="oc-b6">
         <name>.text:_ADCINT9_ISR</name>
         <load_address>0x8230</load_address>
         <run_address>0x8230</run_address>
         <size>0x5</size>
         <input_file_ref idref="fl-17"/>
      </object_component>
      <object_component id="oc-a1">
         <name>.text:_DATALOG_ISR</name>
         <load_address>0x8235</load_address>
         <run_address>0x8235</run_address>
         <size>0x5</size>
         <input_file_ref idref="fl-17"/>
      </object_component>
      <object_component id="oc-c1">
         <name>.text:_ECAP1_INT_ISR</name>
         <load_address>0x823a</load_address>
         <run_address>0x823a</run_address>
         <size>0x5</size>
         <input_file_ref idref="fl-17"/>
      </object_component>
      <object_component id="oc-cf">
         <name>.text:_EMPTY_ISR</name>
         <load_address>0x823f</load_address>
         <run_address>0x823f</run_address>
         <size>0x5</size>
         <input_file_ref idref="fl-17"/>
      </object_component>
      <object_component id="oc-a3">
         <name>.text:_EMUINT_ISR</name>
         <load_address>0x8244</load_address>
         <run_address>0x8244</run_address>
         <size>0x5</size>
         <input_file_ref idref="fl-17"/>
      </object_component>
      <object_component id="oc-bd">
         <name>.text:_EPWM1_INT_ISR</name>
         <load_address>0x8249</load_address>
         <run_address>0x8249</run_address>
         <size>0x5</size>
         <input_file_ref idref="fl-17"/>
      </object_component>
      <object_component id="oc-b9">
         <name>.text:_EPWM1_TZINT_ISR</name>
         <load_address>0x824e</load_address>
         <run_address>0x824e</run_address>
         <size>0x5</size>
         <input_file_ref idref="fl-17"/>
      </object_component>
      <object_component id="oc-be">
         <name>.text:_EPWM2_INT_ISR</name>
         <load_address>0x8253</load_address>
         <run_address>0x8253</run_address>
         <size>0x5</size>
         <input_file_ref idref="fl-17"/>
      </object_component>
      <object_component id="oc-ba">
         <name>.text:_EPWM2_TZINT_ISR</name>
         <load_address>0x8258</load_address>
         <run_address>0x8258</run_address>
         <size>0x5</size>
         <input_file_ref idref="fl-17"/>
      </object_component>
      <object_component id="oc-bf">
         <name>.text:_EPWM3_INT_ISR</name>
         <load_address>0x825d</load_address>
         <run_address>0x825d</run_address>
         <size>0x5</size>
         <input_file_ref idref="fl-17"/>
      </object_component>
      <object_component id="oc-bb">
         <name>.text:_EPWM3_TZINT_ISR</name>
         <load_address>0x8262</load_address>
         <run_address>0x8262</run_address>
         <size>0x5</size>
         <input_file_ref idref="fl-17"/>
      </object_component>
      <object_component id="oc-c0">
         <name>.text:_EPWM4_INT_ISR</name>
         <load_address>0x8267</load_address>
         <run_address>0x8267</run_address>
         <size>0x5</size>
         <input_file_ref idref="fl-17"/>
      </object_component>
      <object_component id="oc-bc">
         <name>.text:_EPWM4_TZINT_ISR</name>
         <load_address>0x826c</load_address>
         <run_address>0x826c</run_address>
         <size>0x5</size>
         <input_file_ref idref="fl-17"/>
      </object_component>
      <object_component id="oc-c4">
         <name>.text:_I2CINT1A_ISR</name>
         <load_address>0x8271</load_address>
         <run_address>0x8271</run_address>
         <size>0x5</size>
         <input_file_ref idref="fl-17"/>
      </object_component>
      <object_component id="oc-c5">
         <name>.text:_I2CINT2A_ISR</name>
         <load_address>0x8276</load_address>
         <run_address>0x8276</run_address>
         <size>0x5</size>
         <input_file_ref idref="fl-17"/>
      </object_component>
      <object_component id="oc-a5">
         <name>.text:_ILLEGAL_ISR</name>
         <load_address>0x827b</load_address>
         <run_address>0x827b</run_address>
         <size>0x5</size>
         <input_file_ref idref="fl-17"/>
      </object_component>
      <object_component id="oc-9f">
         <name>.text:_INT13_ISR</name>
         <load_address>0x8280</load_address>
         <run_address>0x8280</run_address>
         <size>0x5</size>
         <input_file_ref idref="fl-17"/>
      </object_component>
      <object_component id="oc-a0">
         <name>.text:_INT14_ISR</name>
         <load_address>0x8285</load_address>
         <run_address>0x8285</run_address>
         <size>0x5</size>
         <input_file_ref idref="fl-17"/>
      </object_component>
      <object_component id="oc-a4">
         <name>.text:_NMI_ISR</name>
         <load_address>0x828a</load_address>
         <run_address>0x828a</run_address>
         <size>0x5</size>
         <input_file_ref idref="fl-17"/>
      </object_component>
      <object_component id="oc-d0">
         <name>.text:_PIE_RESERVED</name>
         <load_address>0x828f</load_address>
         <run_address>0x828f</run_address>
         <size>0x5</size>
         <input_file_ref idref="fl-17"/>
      </object_component>
      <object_component id="oc-85">
         <name>.text:_PIE_illegalIsr</name>
         <load_address>0x8294</load_address>
         <run_address>0x8294</run_address>
         <size>0x5</size>
         <input_file_ref idref="fl-12"/>
      </object_component>
      <object_component id="oc-a2">
         <name>.text:_RTOSINT_ISR</name>
         <load_address>0x8299</load_address>
         <run_address>0x8299</run_address>
         <size>0x5</size>
         <input_file_ref idref="fl-17"/>
      </object_component>
      <object_component id="oc-c6">
         <name>.text:_SCIRXINTA_ISR</name>
         <load_address>0x829e</load_address>
         <run_address>0x829e</run_address>
         <size>0x5</size>
         <input_file_ref idref="fl-17"/>
      </object_component>
      <object_component id="oc-c7">
         <name>.text:_SCITXINTA_ISR</name>
         <load_address>0x82a3</load_address>
         <run_address>0x82a3</run_address>
         <size>0x5</size>
         <input_file_ref idref="fl-17"/>
      </object_component>
      <object_component id="oc-c2">
         <name>.text:_SPIRXINTA_ISR</name>
         <load_address>0x82a8</load_address>
         <run_address>0x82a8</run_address>
         <size>0x5</size>
         <input_file_ref idref="fl-17"/>
      </object_component>
      <object_component id="oc-c3">
         <name>.text:_SPITXINTA_ISR</name>
         <load_address>0x82ad</load_address>
         <run_address>0x82ad</run_address>
         <size>0x5</size>
         <input_file_ref idref="fl-17"/>
      </object_component>
      <object_component id="oc-b7">
         <name>.text:_TINT0_ISR</name>
         <load_address>0x82b2</load_address>
         <run_address>0x82b2</run_address>
         <size>0x5</size>
         <input_file_ref idref="fl-17"/>
      </object_component>
      <object_component id="oc-af">
         <name>.text:_USER10_ISR</name>
         <load_address>0x82b7</load_address>
         <run_address>0x82b7</run_address>
         <size>0x5</size>
         <input_file_ref idref="fl-17"/>
      </object_component>
      <object_component id="oc-b0">
         <name>.text:_USER11_ISR</name>
         <load_address>0x82bc</load_address>
         <run_address>0x82bc</run_address>
         <size>0x5</size>
         <input_file_ref idref="fl-17"/>
      </object_component>
      <object_component id="oc-b1">
         <name>.text:_USER12_ISR</name>
         <load_address>0x82c1</load_address>
         <run_address>0x82c1</run_address>
         <size>0x5</size>
         <input_file_ref idref="fl-17"/>
      </object_component>
      <object_component id="oc-a6">
         <name>.text:_USER1_ISR</name>
         <load_address>0x82c6</load_address>
         <run_address>0x82c6</run_address>
         <size>0x5</size>
         <input_file_ref idref="fl-17"/>
      </object_component>
      <object_component id="oc-a7">
         <name>.text:_USER2_ISR</name>
         <load_address>0x82cb</load_address>
         <run_address>0x82cb</run_address>
         <size>0x5</size>
         <input_file_ref idref="fl-17"/>
      </object_component>
      <object_component id="oc-a8">
         <name>.text:_USER3_ISR</name>
         <load_address>0x82d0</load_address>
         <run_address>0x82d0</run_address>
         <size>0x5</size>
         <input_file_ref idref="fl-17"/>
      </object_component>
      <object_component id="oc-a9">
         <name>.text:_USER4_ISR</name>
         <load_address>0x82d5</load_address>
         <run_address>0x82d5</run_address>
         <size>0x5</size>
         <input_file_ref idref="fl-17"/>
      </object_component>
      <object_component id="oc-aa">
         <name>.text:_USER5_ISR</name>
         <load_address>0x82da</load_address>
         <run_address>0x82da</run_address>
         <size>0x5</size>
         <input_file_ref idref="fl-17"/>
      </object_component>
      <object_component id="oc-ab">
         <name>.text:_USER6_ISR</name>
         <load_address>0x82df</load_address>
         <run_address>0x82df</run_address>
         <size>0x5</size>
         <input_file_ref idref="fl-17"/>
      </object_component>
      <object_component id="oc-ac">
         <name>.text:_USER7_ISR</name>
         <load_address>0x82e4</load_address>
         <run_address>0x82e4</run_address>
         <size>0x5</size>
         <input_file_ref idref="fl-17"/>
      </object_component>
      <object_component id="oc-ad">
         <name>.text:_USER8_ISR</name>
         <load_address>0x82e9</load_address>
         <run_address>0x82e9</run_address>
         <size>0x5</size>
         <input_file_ref idref="fl-17"/>
      </object_component>
      <object_component id="oc-ae">
         <name>.text:_USER9_ISR</name>
         <load_address>0x82ee</load_address>
         <run_address>0x82ee</run_address>
         <size>0x5</size>
         <input_file_ref idref="fl-17"/>
      </object_component>
      <object_component id="oc-b8">
         <name>.text:_WAKEINT_ISR</name>
         <load_address>0x82f3</load_address>
         <run_address>0x82f3</run_address>
         <size>0x5</size>
         <input_file_ref idref="fl-17"/>
      </object_component>
      <object_component id="oc-b4">
         <name>.text:_XINT1_ISR</name>
         <load_address>0x82f8</load_address>
         <run_address>0x82f8</run_address>
         <size>0x5</size>
         <input_file_ref idref="fl-17"/>
      </object_component>
      <object_component id="oc-b5">
         <name>.text:_XINT2_ISR</name>
         <load_address>0x82fd</load_address>
         <run_address>0x82fd</run_address>
         <size>0x5</size>
         <input_file_ref idref="fl-17"/>
      </object_component>
      <object_component id="oc-ce">
         <name>.text:_XINT3_ISR</name>
         <load_address>0x8302</load_address>
         <run_address>0x8302</run_address>
         <size>0x5</size>
         <input_file_ref idref="fl-17"/>
      </object_component>
      <object_component id="oc-d1">
         <name>.text:_rsvd_ISR</name>
         <load_address>0x8307</load_address>
         <run_address>0x8307</run_address>
         <size>0x5</size>
         <input_file_ref idref="fl-17"/>
      </object_component>
      <object_component id="oc-10d">
         <name>.text:_CPU_enableInt</name>
         <load_address>0x830c</load_address>
         <run_address>0x830c</run_address>
         <size>0x4</size>
         <input_file_ref idref="fl-d"/>
      </object_component>
      <object_component id="oc-f6">
         <name>.text:_CPU_init</name>
         <load_address>0x8310</load_address>
         <run_address>0x8310</run_address>
         <size>0x4</size>
         <input_file_ref idref="fl-d"/>
      </object_component>
      <object_component id="oc-121">
         <name>.text:_PWM_setClkDiv</name>
         <load_address>0x8314</load_address>
         <run_address>0x8314</run_address>
         <size>0x4</size>
         <input_file_ref idref="fl-14"/>
      </object_component>
      <object_component id="oc-11b">
         <name>.text:_PWM_setCounterMode</name>
         <load_address>0x8318</load_address>
         <run_address>0x8318</run_address>
         <size>0x4</size>
         <input_file_ref idref="fl-14"/>
      </object_component>
      <object_component id="oc-120">
         <name>.text:_PWM_setHighSpeedClkDiv</name>
         <load_address>0x831c</load_address>
         <run_address>0x831c</run_address>
         <size>0x4</size>
         <input_file_ref idref="fl-14"/>
      </object_component>
      <object_component id="oc-f1">
         <name>.text:_SCI_clearRxFifoInt</name>
         <load_address>0x8320</load_address>
         <run_address>0x8320</run_address>
         <size>0x4</size>
         <input_file_ref idref="fl-15"/>
      </object_component>
      <object_component id="oc-f0">
         <name>.text:_SCI_clearRxFifoOvf</name>
         <load_address>0x8324</load_address>
         <run_address>0x8324</run_address>
         <size>0x4</size>
         <input_file_ref idref="fl-15"/>
      </object_component>
      <object_component id="oc-131">
         <name>.text:_SCI_clearTxFifoInt</name>
         <load_address>0x8328</load_address>
         <run_address>0x8328</run_address>
         <size>0x4</size>
         <input_file_ref idref="fl-15"/>
      </object_component>
      <object_component id="oc-12f">
         <name>.text:_SCI_enableFifoEnh</name>
         <load_address>0x832c</load_address>
         <run_address>0x832c</run_address>
         <size>0x4</size>
         <input_file_ref idref="fl-15"/>
      </object_component>
      <object_component id="oc-136">
         <name>.text:_SCI_enableRxFifoInt</name>
         <load_address>0x8330</load_address>
         <run_address>0x8330</run_address>
         <size>0x4</size>
         <input_file_ref idref="fl-15"/>
      </object_component>
      <object_component id="oc-ee">
         <name>.text:_SCI_getRxFifoStatus</name>
         <load_address>0x8334</load_address>
         <run_address>0x8334</run_address>
         <size>0x4</size>
         <input_file_ref idref="fl-15"/>
      </object_component>
      <object_component id="oc-137">
         <name>.text:_SCI_getTxFifoStatus</name>
         <load_address>0x8338</load_address>
         <run_address>0x8338</run_address>
         <size>0x4</size>
         <input_file_ref idref="fl-15"/>
      </object_component>
      <object_component id="oc-128">
         <name>.text:_SCI_setCharLength</name>
         <load_address>0x833c</load_address>
         <run_address>0x833c</run_address>
         <size>0x4</size>
         <input_file_ref idref="fl-15"/>
      </object_component>
      <object_component id="oc-127">
         <name>.text:_SCI_setNumStopBits</name>
         <load_address>0x8340</load_address>
         <run_address>0x8340</run_address>
         <size>0x4</size>
         <input_file_ref idref="fl-15"/>
      </object_component>
      <object_component id="oc-105">
         <name>.text:_CPU_clearIntFlags</name>
         <load_address>0x8344</load_address>
         <run_address>0x8344</run_address>
         <size>0x3</size>
         <input_file_ref idref="fl-d"/>
      </object_component>
      <object_component id="oc-104">
         <name>.text:_CPU_disableGlobalInts</name>
         <load_address>0x8347</load_address>
         <run_address>0x8347</run_address>
         <size>0x3</size>
         <input_file_ref idref="fl-d"/>
      </object_component>
      <object_component id="oc-10e">
         <name>.text:_CPU_enableGlobalInts</name>
         <load_address>0x834a</load_address>
         <run_address>0x834a</run_address>
         <size>0x3</size>
         <input_file_ref idref="fl-d"/>
      </object_component>
      <object_component id="oc-102">
         <name>.text:_PIE_disable</name>
         <load_address>0x834d</load_address>
         <run_address>0x834d</run_address>
         <size>0x3</size>
         <input_file_ref idref="fl-12"/>
      </object_component>
      <object_component id="oc-10a">
         <name>.text:_PIE_enable</name>
         <load_address>0x8350</load_address>
         <run_address>0x8350</run_address>
         <size>0x3</size>
         <input_file_ref idref="fl-12"/>
      </object_component>
      <object_component id="oc-13b">
         <name>.text:_PLL_getClkStatus</name>
         <load_address>0x8353</load_address>
         <run_address>0x8353</run_address>
         <size>0x3</size>
         <input_file_ref idref="fl-13"/>
      </object_component>
      <object_component id="oc-13e">
         <name>.text:_PLL_getLockStatus</name>
         <load_address>0x8356</load_address>
         <run_address>0x8356</run_address>
         <size>0x3</size>
         <input_file_ref idref="fl-13"/>
      </object_component>
      <object_component id="oc-11d">
         <name>.text:_PWM_disableCounterLoad</name>
         <load_address>0x8359</load_address>
         <run_address>0x8359</run_address>
         <size>0x3</size>
         <input_file_ref idref="fl-14"/>
      </object_component>
      <object_component id="oc-126">
         <name>.text:_SCI_disableParity</name>
         <load_address>0x835c</load_address>
         <run_address>0x835c</run_address>
         <size>0x3</size>
         <input_file_ref idref="fl-15"/>
      </object_component>
      <object_component id="oc-12e">
         <name>.text:_SCI_enable</name>
         <load_address>0x835f</load_address>
         <run_address>0x835f</run_address>
         <size>0x3</size>
         <input_file_ref idref="fl-15"/>
      </object_component>
      <object_component id="oc-12a">
         <name>.text:_SCI_enableRx</name>
         <load_address>0x8362</load_address>
         <run_address>0x8362</run_address>
         <size>0x3</size>
         <input_file_ref idref="fl-15"/>
      </object_component>
      <object_component id="oc-12c">
         <name>.text:_SCI_enableRxInt</name>
         <load_address>0x8365</load_address>
         <run_address>0x8365</run_address>
         <size>0x3</size>
         <input_file_ref idref="fl-15"/>
      </object_component>
      <object_component id="oc-129">
         <name>.text:_SCI_enableTx</name>
         <load_address>0x8368</load_address>
         <run_address>0x8368</run_address>
         <size>0x3</size>
         <input_file_ref idref="fl-15"/>
      </object_component>
      <object_component id="oc-12b">
         <name>.text:_SCI_enableTxInt</name>
         <load_address>0x836b</load_address>
         <run_address>0x836b</run_address>
         <size>0x3</size>
         <input_file_ref idref="fl-15"/>
      </object_component>
      <object_component id="oc-11f">
         <name>.text:_PWM_setCount</name>
         <load_address>0x836e</load_address>
         <run_address>0x836e</run_address>
         <size>0x2</size>
         <input_file_ref idref="fl-14"/>
      </object_component>
      <object_component id="oc-11c">
         <name>.text:_PWM_setPeriod</name>
         <load_address>0x8370</load_address>
         <run_address>0x8370</run_address>
         <size>0x2</size>
         <input_file_ref idref="fl-14"/>
      </object_component>
      <object_component id="oc-11e">
         <name>.text:_PWM_setPhase</name>
         <load_address>0x8372</load_address>
         <run_address>0x8372</run_address>
         <size>0x2</size>
         <input_file_ref idref="fl-14"/>
      </object_component>
      <object_component id="oc-de">
         <name>.cinit</name>
         <load_address>0x50</load_address>
         <run_address>0x50</run_address>
         <size>0xa</size>
         <input_file_ref idref="fl-19"/>
      </object_component>
      <object_component id="oc-13a">
         <name>.cinit:__lock</name>
         <load_address>0x5a</load_address>
         <run_address>0x5a</run_address>
         <size>0x5</size>
         <input_file_ref idref="fl-1a"/>
      </object_component>
      <object_component id="oc-141">
         <name>.cinit:__unlock</name>
         <load_address>0x5f</load_address>
         <run_address>0x5f</run_address>
         <size>0x5</size>
         <input_file_ref idref="fl-1a"/>
      </object_component>
      <object_component id="oc-d8">
         <name>.reset</name>
         <load_address>0x3fffc0</load_address>
         <run_address>0x3fffc0</run_address>
         <size>0x2</size>
         <input_file_ref idref="fl-18"/>
      </object_component>
      <object_component id="oc-d7">
         <name>.stack</name>
         <uninitialized>true</uninitialized>
         <run_address>0x400</run_address>
         <size>0x0</size>
         <input_file_ref idref="fl-18"/>
      </object_component>
      <object_component id="oc-17c">
         <name>.stack</name>
         <uninitialized>true</uninitialized>
         <run_address>0x400</run_address>
         <size>0x0</size>
      </object_component>
      <object_component id="oc-35">
         <name>.ebss</name>
         <uninitialized>true</uninitialized>
         <run_address>0x75a</run_address>
         <size>0xe</size>
         <input_file_ref idref="fl-2"/>
      </object_component>
      <object_component id="oc-6a">
         <name>.ebss</name>
         <uninitialized>true</uninitialized>
         <run_address>0x770</run_address>
         <size>0x1</size>
         <input_file_ref idref="fl-d"/>
      </object_component>
      <object_component id="oc-df">
         <name>.ebss</name>
         <uninitialized>true</uninitialized>
         <run_address>0x768</run_address>
         <size>0x4</size>
         <input_file_ref idref="fl-19"/>
      </object_component>
      <object_component id="oc-142">
         <name>.ebss:__unlock</name>
         <uninitialized>true</uninitialized>
         <run_address>0x76e</run_address>
         <size>0x2</size>
         <input_file_ref idref="fl-1a"/>
      </object_component>
      <object_component id="oc-139">
         <name>.ebss:__lock</name>
         <uninitialized>true</uninitialized>
         <run_address>0x76c</run_address>
         <size>0x2</size>
         <input_file_ref idref="fl-1a"/>
      </object_component>
      <object_component id="oc-13f">
         <name>.econst:_PIE_tableDebugInit</name>
         <load_address>0x600</load_address>
         <run_address>0x600</run_address>
         <size>0x100</size>
         <input_file_ref idref="fl-12"/>
      </object_component>
      <object_component id="oc-37">
         <name>.econst:.string</name>
         <load_address>0x700</load_address>
         <run_address>0x700</run_address>
         <size>0x5a</size>
         <input_file_ref idref="fl-2"/>
      </object_component>
      <object_component id="oc-34">
         <name>.debug_info</name>
         <load_address>0x0</load_address>
         <run_address>0x0</run_address>
         <size>0x7a2e</size>
         <input_file_ref idref="fl-2"/>
      </object_component>
      <object_component id="oc-3c">
         <name>.debug_info</name>
         <load_address>0x7a2e</load_address>
         <run_address>0x7a2e</run_address>
         <size>0xb0d8</size>
         <input_file_ref idref="fl-a"/>
      </object_component>
      <object_component id="oc-5f">
         <name>.debug_info</name>
         <load_address>0x12b06</load_address>
         <run_address>0x12b06</run_address>
         <size>0x2671</size>
         <input_file_ref idref="fl-b"/>
      </object_component>
      <object_component id="oc-64">
         <name>.debug_info</name>
         <load_address>0x15177</load_address>
         <run_address>0x15177</run_address>
         <size>0x1101</size>
         <input_file_ref idref="fl-c"/>
      </object_component>
      <object_component id="oc-69">
         <name>.debug_info</name>
         <load_address>0x16278</load_address>
         <run_address>0x16278</run_address>
         <size>0x98e</size>
         <input_file_ref idref="fl-d"/>
      </object_component>
      <object_component id="oc-71">
         <name>.debug_info</name>
         <load_address>0x16c06</load_address>
         <run_address>0x16c06</run_address>
         <size>0x1f9</size>
         <input_file_ref idref="fl-e"/>
      </object_component>
      <object_component id="oc-76">
         <name>.debug_info</name>
         <load_address>0x16dff</load_address>
         <run_address>0x16dff</run_address>
         <size>0x1eb</size>
         <input_file_ref idref="fl-f"/>
      </object_component>
      <object_component id="oc-7a">
         <name>.debug_info</name>
         <load_address>0x16fea</load_address>
         <run_address>0x16fea</run_address>
         <size>0xc8c</size>
         <input_file_ref idref="fl-10"/>
      </object_component>
      <object_component id="oc-7f">
         <name>.debug_info</name>
         <load_address>0x17c76</load_address>
         <run_address>0x17c76</run_address>
         <size>0x1a81</size>
         <input_file_ref idref="fl-11"/>
      </object_component>
      <object_component id="oc-84">
         <name>.debug_info</name>
         <load_address>0x196f7</load_address>
         <run_address>0x196f7</run_address>
         <size>0x2cd3</size>
         <input_file_ref idref="fl-12"/>
      </object_component>
      <object_component id="oc-8a">
         <name>.debug_info</name>
         <load_address>0x1c3ca</load_address>
         <run_address>0x1c3ca</run_address>
         <size>0xd6c</size>
         <input_file_ref idref="fl-13"/>
      </object_component>
      <object_component id="oc-8f">
         <name>.debug_info</name>
         <load_address>0x1d136</load_address>
         <run_address>0x1d136</run_address>
         <size>0x2f82</size>
         <input_file_ref idref="fl-14"/>
      </object_component>
      <object_component id="oc-94">
         <name>.debug_info</name>
         <load_address>0x200b8</load_address>
         <run_address>0x200b8</run_address>
         <size>0x20fa</size>
         <input_file_ref idref="fl-15"/>
      </object_component>
      <object_component id="oc-99">
         <name>.debug_info</name>
         <load_address>0x221b2</load_address>
         <run_address>0x221b2</run_address>
         <size>0x7a9</size>
         <input_file_ref idref="fl-16"/>
      </object_component>
      <object_component id="oc-9e">
         <name>.debug_info</name>
         <load_address>0x2295b</load_address>
         <run_address>0x2295b</run_address>
         <size>0x2d3e</size>
         <input_file_ref idref="fl-17"/>
      </object_component>
      <object_component id="oc-d9">
         <name>.debug_info</name>
         <load_address>0x25699</load_address>
         <run_address>0x25699</run_address>
         <size>0x10f</size>
         <input_file_ref idref="fl-18"/>
      </object_component>
      <object_component id="oc-dd">
         <name>.debug_info</name>
         <load_address>0x257a8</load_address>
         <run_address>0x257a8</run_address>
         <size>0x406</size>
         <input_file_ref idref="fl-19"/>
      </object_component>
      <object_component id="oc-e4">
         <name>.debug_info</name>
         <load_address>0x25bae</load_address>
         <run_address>0x25bae</run_address>
         <size>0x430</size>
         <input_file_ref idref="fl-1a"/>
      </object_component>
      <object_component id="oc-e9">
         <name>.debug_info</name>
         <load_address>0x25fde</load_address>
         <run_address>0x25fde</run_address>
         <size>0x3fd</size>
         <input_file_ref idref="fl-1b"/>
      </object_component>
      <object_component id="oc-180">
         <name>.debug_info</name>
         <load_address>0x263db</load_address>
         <run_address>0x263db</run_address>
         <size>0xa2</size>
      </object_component>
      <object_component id="oc-38">
         <name>.debug_frame</name>
         <load_address>0x0</load_address>
         <run_address>0x0</run_address>
         <size>0x223</size>
         <input_file_ref idref="fl-2"/>
      </object_component>
      <object_component id="oc-60">
         <name>.debug_frame</name>
         <load_address>0x223</load_address>
         <run_address>0x223</run_address>
         <size>0x149</size>
         <input_file_ref idref="fl-b"/>
      </object_component>
      <object_component id="oc-65">
         <name>.debug_frame</name>
         <load_address>0x36c</load_address>
         <run_address>0x36c</run_address>
         <size>0xf5</size>
         <input_file_ref idref="fl-c"/>
      </object_component>
      <object_component id="oc-6b">
         <name>.debug_frame</name>
         <load_address>0x461</load_address>
         <run_address>0x461</run_address>
         <size>0xcb</size>
         <input_file_ref idref="fl-d"/>
      </object_component>
      <object_component id="oc-7b">
         <name>.debug_frame</name>
         <load_address>0x52c</load_address>
         <run_address>0x52c</run_address>
         <size>0x77</size>
         <input_file_ref idref="fl-10"/>
      </object_component>
      <object_component id="oc-80">
         <name>.debug_frame</name>
         <load_address>0x5a3</load_address>
         <run_address>0x5a3</run_address>
         <size>0xb6</size>
         <input_file_ref idref="fl-11"/>
      </object_component>
      <object_component id="oc-86">
         <name>.debug_frame</name>
         <load_address>0x659</load_address>
         <run_address>0x659</run_address>
         <size>0x10a</size>
         <input_file_ref idref="fl-12"/>
      </object_component>
      <object_component id="oc-8b">
         <name>.debug_frame</name>
         <load_address>0x763</load_address>
         <run_address>0x763</run_address>
         <size>0xe0</size>
         <input_file_ref idref="fl-13"/>
      </object_component>
      <object_component id="oc-90">
         <name>.debug_frame</name>
         <load_address>0x843</load_address>
         <run_address>0x843</run_address>
         <size>0x134</size>
         <input_file_ref idref="fl-14"/>
      </object_component>
      <object_component id="oc-95">
         <name>.debug_frame</name>
         <load_address>0x977</load_address>
         <run_address>0x977</run_address>
         <size>0x245</size>
         <input_file_ref idref="fl-15"/>
      </object_component>
      <object_component id="oc-9a">
         <name>.debug_frame</name>
         <load_address>0xbbc</load_address>
         <run_address>0xbbc</run_address>
         <size>0x8c</size>
         <input_file_ref idref="fl-16"/>
      </object_component>
      <object_component id="oc-d2">
         <name>.debug_frame</name>
         <load_address>0xc48</load_address>
         <run_address>0xc48</run_address>
         <size>0x491</size>
         <input_file_ref idref="fl-17"/>
      </object_component>
      <object_component id="oc-e0">
         <name>.debug_frame</name>
         <load_address>0x10d9</load_address>
         <run_address>0x10d9</run_address>
         <size>0x95</size>
         <input_file_ref idref="fl-19"/>
      </object_component>
      <object_component id="oc-e5">
         <name>.debug_frame</name>
         <load_address>0x116e</load_address>
         <run_address>0x116e</run_address>
         <size>0xa1</size>
         <input_file_ref idref="fl-1a"/>
      </object_component>
      <object_component id="oc-ea">
         <name>.debug_frame</name>
         <load_address>0x120f</load_address>
         <run_address>0x120f</run_address>
         <size>0x77</size>
         <input_file_ref idref="fl-1b"/>
      </object_component>
      <object_component id="oc-39">
         <name>.debug_line</name>
         <load_address>0x0</load_address>
         <run_address>0x0</run_address>
         <size>0x387</size>
         <input_file_ref idref="fl-2"/>
      </object_component>
      <object_component id="oc-61">
         <name>.debug_line</name>
         <load_address>0x387</load_address>
         <run_address>0x387</run_address>
         <size>0x1c8</size>
         <input_file_ref idref="fl-b"/>
      </object_component>
      <object_component id="oc-66">
         <name>.debug_line</name>
         <load_address>0x54f</load_address>
         <run_address>0x54f</run_address>
         <size>0x13b</size>
         <input_file_ref idref="fl-c"/>
      </object_component>
      <object_component id="oc-6c">
         <name>.debug_line</name>
         <load_address>0x68a</load_address>
         <run_address>0x68a</run_address>
         <size>0xe2</size>
         <input_file_ref idref="fl-d"/>
      </object_component>
      <object_component id="oc-72">
         <name>.debug_line</name>
         <load_address>0x76c</load_address>
         <run_address>0x76c</run_address>
         <size>0x9f</size>
         <input_file_ref idref="fl-e"/>
      </object_component>
      <object_component id="oc-77">
         <name>.debug_line</name>
         <load_address>0x80b</load_address>
         <run_address>0x80b</run_address>
         <size>0x9d</size>
         <input_file_ref idref="fl-f"/>
      </object_component>
      <object_component id="oc-7c">
         <name>.debug_line</name>
         <load_address>0x8a8</load_address>
         <run_address>0x8a8</run_address>
         <size>0x84</size>
         <input_file_ref idref="fl-10"/>
      </object_component>
      <object_component id="oc-81">
         <name>.debug_line</name>
         <load_address>0x92c</load_address>
         <run_address>0x92c</run_address>
         <size>0x13c</size>
         <input_file_ref idref="fl-11"/>
      </object_component>
      <object_component id="oc-87">
         <name>.debug_line</name>
         <load_address>0xa68</load_address>
         <run_address>0xa68</run_address>
         <size>0x15b</size>
         <input_file_ref idref="fl-12"/>
      </object_component>
      <object_component id="oc-8c">
         <name>.debug_line</name>
         <load_address>0xbc3</load_address>
         <run_address>0xbc3</run_address>
         <size>0x123</size>
         <input_file_ref idref="fl-13"/>
      </object_component>
      <object_component id="oc-91">
         <name>.debug_line</name>
         <load_address>0xce6</load_address>
         <run_address>0xce6</run_address>
         <size>0x183</size>
         <input_file_ref idref="fl-14"/>
      </object_component>
      <object_component id="oc-96">
         <name>.debug_line</name>
         <load_address>0xe69</load_address>
         <run_address>0xe69</run_address>
         <size>0x354</size>
         <input_file_ref idref="fl-15"/>
      </object_component>
      <object_component id="oc-9b">
         <name>.debug_line</name>
         <load_address>0x11bd</load_address>
         <run_address>0x11bd</run_address>
         <size>0xa3</size>
         <input_file_ref idref="fl-16"/>
      </object_component>
      <object_component id="oc-d3">
         <name>.debug_line</name>
         <load_address>0x1260</load_address>
         <run_address>0x1260</run_address>
         <size>0x4fb</size>
         <input_file_ref idref="fl-17"/>
      </object_component>
      <object_component id="oc-da">
         <name>.debug_line</name>
         <load_address>0x175b</load_address>
         <run_address>0x175b</run_address>
         <size>0x73</size>
         <input_file_ref idref="fl-18"/>
      </object_component>
      <object_component id="oc-e1">
         <name>.debug_line</name>
         <load_address>0x17ce</load_address>
         <run_address>0x17ce</run_address>
         <size>0x5d</size>
         <input_file_ref idref="fl-19"/>
      </object_component>
      <object_component id="oc-e6">
         <name>.debug_line</name>
         <load_address>0x182b</load_address>
         <run_address>0x182b</run_address>
         <size>0x5e</size>
         <input_file_ref idref="fl-1a"/>
      </object_component>
      <object_component id="oc-eb">
         <name>.debug_line</name>
         <load_address>0x1889</load_address>
         <run_address>0x1889</run_address>
         <size>0x59</size>
         <input_file_ref idref="fl-1b"/>
      </object_component>
      <object_component id="oc-3a">
         <name>.debug_abbrev</name>
         <load_address>0x0</load_address>
         <run_address>0x0</run_address>
         <size>0x256</size>
         <input_file_ref idref="fl-2"/>
      </object_component>
      <object_component id="oc-5e">
         <name>.debug_abbrev</name>
         <load_address>0x256</load_address>
         <run_address>0x256</run_address>
         <size>0xb7</size>
         <input_file_ref idref="fl-a"/>
      </object_component>
      <object_component id="oc-62">
         <name>.debug_abbrev</name>
         <load_address>0x30d</load_address>
         <run_address>0x30d</run_address>
         <size>0x191</size>
         <input_file_ref idref="fl-b"/>
      </object_component>
      <object_component id="oc-67">
         <name>.debug_abbrev</name>
         <load_address>0x49e</load_address>
         <run_address>0x49e</run_address>
         <size>0x174</size>
         <input_file_ref idref="fl-c"/>
      </object_component>
      <object_component id="oc-6d">
         <name>.debug_abbrev</name>
         <load_address>0x612</load_address>
         <run_address>0x612</run_address>
         <size>0x11b</size>
         <input_file_ref idref="fl-d"/>
      </object_component>
      <object_component id="oc-73">
         <name>.debug_abbrev</name>
         <load_address>0x72d</load_address>
         <run_address>0x72d</run_address>
         <size>0x2f</size>
         <input_file_ref idref="fl-e"/>
      </object_component>
      <object_component id="oc-78">
         <name>.debug_abbrev</name>
         <load_address>0x75c</load_address>
         <run_address>0x75c</run_address>
         <size>0x21</size>
         <input_file_ref idref="fl-f"/>
      </object_component>
      <object_component id="oc-7d">
         <name>.debug_abbrev</name>
         <load_address>0x77d</load_address>
         <run_address>0x77d</run_address>
         <size>0x16e</size>
         <input_file_ref idref="fl-10"/>
      </object_component>
      <object_component id="oc-82">
         <name>.debug_abbrev</name>
         <load_address>0x8eb</load_address>
         <run_address>0x8eb</run_address>
         <size>0x16b</size>
         <input_file_ref idref="fl-11"/>
      </object_component>
      <object_component id="oc-88">
         <name>.debug_abbrev</name>
         <load_address>0xa56</load_address>
         <run_address>0xa56</run_address>
         <size>0x1d9</size>
         <input_file_ref idref="fl-12"/>
      </object_component>
      <object_component id="oc-8d">
         <name>.debug_abbrev</name>
         <load_address>0xc2f</load_address>
         <run_address>0xc2f</run_address>
         <size>0x182</size>
         <input_file_ref idref="fl-13"/>
      </object_component>
      <object_component id="oc-92">
         <name>.debug_abbrev</name>
         <load_address>0xdb1</load_address>
         <run_address>0xdb1</run_address>
         <size>0x176</size>
         <input_file_ref idref="fl-14"/>
      </object_component>
      <object_component id="oc-97">
         <name>.debug_abbrev</name>
         <load_address>0xf27</load_address>
         <run_address>0xf27</run_address>
         <size>0x174</size>
         <input_file_ref idref="fl-15"/>
      </object_component>
      <object_component id="oc-9c">
         <name>.debug_abbrev</name>
         <load_address>0x109b</load_address>
         <run_address>0x109b</run_address>
         <size>0x11d</size>
         <input_file_ref idref="fl-16"/>
      </object_component>
      <object_component id="oc-d4">
         <name>.debug_abbrev</name>
         <load_address>0x11b8</load_address>
         <run_address>0x11b8</run_address>
         <size>0xb6</size>
         <input_file_ref idref="fl-17"/>
      </object_component>
      <object_component id="oc-db">
         <name>.debug_abbrev</name>
         <load_address>0x126e</load_address>
         <run_address>0x126e</run_address>
         <size>0x46</size>
         <input_file_ref idref="fl-18"/>
      </object_component>
      <object_component id="oc-e2">
         <name>.debug_abbrev</name>
         <load_address>0x12b4</load_address>
         <run_address>0x12b4</run_address>
         <size>0x117</size>
         <input_file_ref idref="fl-19"/>
      </object_component>
      <object_component id="oc-e7">
         <name>.debug_abbrev</name>
         <load_address>0x13cb</load_address>
         <run_address>0x13cb</run_address>
         <size>0xb2</size>
         <input_file_ref idref="fl-1a"/>
      </object_component>
      <object_component id="oc-ec">
         <name>.debug_abbrev</name>
         <load_address>0x147d</load_address>
         <run_address>0x147d</run_address>
         <size>0xfe</size>
         <input_file_ref idref="fl-1b"/>
      </object_component>
      <object_component id="oc-181">
         <name>.debug_abbrev</name>
         <load_address>0x157b</load_address>
         <run_address>0x157b</run_address>
         <size>0xf</size>
      </object_component>
      <object_component id="oc-3b">
         <name>.debug_aranges</name>
         <load_address>0x0</load_address>
         <run_address>0x0</run_address>
         <size>0x90</size>
         <input_file_ref idref="fl-2"/>
      </object_component>
      <object_component id="oc-63">
         <name>.debug_aranges</name>
         <load_address>0x90</load_address>
         <run_address>0x90</run_address>
         <size>0x70</size>
         <input_file_ref idref="fl-b"/>
      </object_component>
      <object_component id="oc-68">
         <name>.debug_aranges</name>
         <load_address>0x100</load_address>
         <run_address>0x100</run_address>
         <size>0x50</size>
         <input_file_ref idref="fl-c"/>
      </object_component>
      <object_component id="oc-6e">
         <name>.debug_aranges</name>
         <load_address>0x150</load_address>
         <run_address>0x150</run_address>
         <size>0x40</size>
         <input_file_ref idref="fl-d"/>
      </object_component>
      <object_component id="oc-74">
         <name>.debug_aranges</name>
         <load_address>0x190</load_address>
         <run_address>0x190</run_address>
         <size>0x28</size>
         <input_file_ref idref="fl-e"/>
      </object_component>
      <object_component id="oc-79">
         <name>.debug_aranges</name>
         <load_address>0x1b8</load_address>
         <run_address>0x1b8</run_address>
         <size>0x28</size>
         <input_file_ref idref="fl-f"/>
      </object_component>
      <object_component id="oc-7e">
         <name>.debug_aranges</name>
         <load_address>0x1e0</load_address>
         <run_address>0x1e0</run_address>
         <size>0x20</size>
         <input_file_ref idref="fl-10"/>
      </object_component>
      <object_component id="oc-83">
         <name>.debug_aranges</name>
         <load_address>0x200</load_address>
         <run_address>0x200</run_address>
         <size>0x38</size>
         <input_file_ref idref="fl-11"/>
      </object_component>
      <object_component id="oc-89">
         <name>.debug_aranges</name>
         <load_address>0x238</load_address>
         <run_address>0x238</run_address>
         <size>0x58</size>
         <input_file_ref idref="fl-12"/>
      </object_component>
      <object_component id="oc-8e">
         <name>.debug_aranges</name>
         <load_address>0x290</load_address>
         <run_address>0x290</run_address>
         <size>0x48</size>
         <input_file_ref idref="fl-13"/>
      </object_component>
      <object_component id="oc-93">
         <name>.debug_aranges</name>
         <load_address>0x2d8</load_address>
         <run_address>0x2d8</run_address>
         <size>0x68</size>
         <input_file_ref idref="fl-14"/>
      </object_component>
      <object_component id="oc-98">
         <name>.debug_aranges</name>
         <load_address>0x340</load_address>
         <run_address>0x340</run_address>
         <size>0xd0</size>
         <input_file_ref idref="fl-15"/>
      </object_component>
      <object_component id="oc-9d">
         <name>.debug_aranges</name>
         <load_address>0x410</load_address>
         <run_address>0x410</run_address>
         <size>0x28</size>
         <input_file_ref idref="fl-16"/>
      </object_component>
      <object_component id="oc-d5">
         <name>.debug_aranges</name>
         <load_address>0x438</load_address>
         <run_address>0x438</run_address>
         <size>0x1b0</size>
         <input_file_ref idref="fl-17"/>
      </object_component>
      <object_component id="oc-dc">
         <name>.debug_aranges</name>
         <load_address>0x5e8</load_address>
         <run_address>0x5e8</run_address>
         <size>0x20</size>
         <input_file_ref idref="fl-18"/>
      </object_component>
      <object_component id="oc-e3">
         <name>.debug_aranges</name>
         <load_address>0x608</load_address>
         <run_address>0x608</run_address>
         <size>0x28</size>
         <input_file_ref idref="fl-19"/>
      </object_component>
      <object_component id="oc-e8">
         <name>.debug_aranges</name>
         <load_address>0x630</load_address>
         <run_address>0x630</run_address>
         <size>0x30</size>
         <input_file_ref idref="fl-1a"/>
      </object_component>
      <object_component id="oc-ed">
         <name>.debug_aranges</name>
         <load_address>0x660</load_address>
         <run_address>0x660</run_address>
         <size>0x20</size>
         <input_file_ref idref="fl-1b"/>
      </object_component>
   </object_component_list>
   <logical_group_list>
      <logical_group id="lg-3" display="no" color="cyan">
         <name>PieVectTableFile</name>
         <run_address>0xd00</run_address>
         <size>0x100</size>
         <contents>
            <object_component_ref idref="oc-5d"/>
         </contents>
      </logical_group>
      <logical_group id="lg-5" display="no" color="cyan">
         <name>EmuKeyVar</name>
         <run_address>0xd00</run_address>
         <size>0x1</size>
         <contents>
            <object_component_ref idref="oc-3d"/>
         </contents>
      </logical_group>
      <logical_group id="lg-6" display="no" color="cyan">
         <name>EmuBModeVar</name>
         <run_address>0xd01</run_address>
         <size>0x1</size>
         <contents>
            <object_component_ref idref="oc-3f"/>
         </contents>
      </logical_group>
      <logical_group id="lg-7" display="no" color="cyan">
         <name>FlashCallbackVar</name>
         <run_address>0xd02</run_address>
         <size>0x2</size>
         <contents>
            <object_component_ref idref="oc-41"/>
         </contents>
      </logical_group>
      <logical_group id="lg-8" display="no" color="cyan">
         <name>FlashScalingVar</name>
         <run_address>0xd04</run_address>
         <size>0x2</size>
         <contents>
            <object_component_ref idref="oc-40"/>
         </contents>
      </logical_group>
      <logical_group id="lg-4" display="no" color="cyan">
         <name>GROUP_2</name>
         <run_address>0xd00</run_address>
         <size>0x6</size>
         <contents>
            <logical_group_ref idref="lg-5"/>
            <logical_group_ref idref="lg-6"/>
            <logical_group_ref idref="lg-7"/>
            <logical_group_ref idref="lg-8"/>
         </contents>
      </logical_group>
      <overlay id="lg-2" display="no" color="cyan">
         <name>UNION_1</name>
         <run_address>0xd00</run_address>
         <size>0x100</size>
         <contents>
            <logical_group_ref idref="lg-3"/>
            <logical_group_ref idref="lg-4"/>
         </contents>
      </overlay>
      <logical_group id="lg-9" display="no" color="cyan">
         <name>DevEmuRegsFile</name>
         <run_address>0x880</run_address>
         <size>0x4</size>
         <contents>
            <object_component_ref idref="oc-43"/>
         </contents>
      </logical_group>
      <logical_group id="lg-a" display="no" color="cyan">
         <name>SysPwrCtrlRegsFile</name>
         <run_address>0x985</run_address>
         <size>0x3</size>
         <contents>
            <object_component_ref idref="oc-42"/>
         </contents>
      </logical_group>
      <logical_group id="lg-b" display="no" color="cyan">
         <name>FlashRegsFile</name>
         <run_address>0xa80</run_address>
         <size>0x8</size>
         <contents>
            <object_component_ref idref="oc-44"/>
         </contents>
      </logical_group>
      <logical_group id="lg-c" display="no" color="cyan">
         <name>CsmRegsFile</name>
         <run_address>0xae0</run_address>
         <size>0x10</size>
         <contents>
            <object_component_ref idref="oc-4d"/>
         </contents>
      </logical_group>
      <logical_group id="lg-d" display="no" color="cyan">
         <name>AdcResultFile</name>
         <run_address>0xb00</run_address>
         <size>0x20</size>
         <contents>
            <object_component_ref idref="oc-55"/>
         </contents>
      </logical_group>
      <logical_group id="lg-e" display="no" color="cyan">
         <name>CpuTimer0RegsFile</name>
         <run_address>0xc00</run_address>
         <size>0x8</size>
         <contents>
            <object_component_ref idref="oc-45"/>
         </contents>
      </logical_group>
      <logical_group id="lg-f" display="no" color="cyan">
         <name>CpuTimer1RegsFile</name>
         <run_address>0xc08</run_address>
         <size>0x8</size>
         <contents>
            <object_component_ref idref="oc-46"/>
         </contents>
      </logical_group>
      <logical_group id="lg-10" display="no" color="cyan">
         <name>CpuTimer2RegsFile</name>
         <run_address>0xc10</run_address>
         <size>0x8</size>
         <contents>
            <object_component_ref idref="oc-47"/>
         </contents>
      </logical_group>
      <logical_group id="lg-11" display="no" color="cyan">
         <name>PieCtrlRegsFile</name>
         <run_address>0xce0</run_address>
         <size>0x1a</size>
         <contents>
            <object_component_ref idref="oc-51"/>
         </contents>
      </logical_group>
      <logical_group id="lg-12" display="no" color="cyan">
         <name>ECap1RegsFile</name>
         <run_address>0x6a00</run_address>
         <size>0x20</size>
[...]
      <symbol id="sm-17a">
         <name>_cpu</name>
         <value>0x770</value>
         <object_component_ref idref="oc-6a"/>
      </symbol>
      <symbol id="sm-17b">
         <name>_CPU_enableInt</name>
         <value>0x830c</value>
         <object_component_ref idref="oc-10d"/>
      </symbol>
      <symbol id="sm-189">
         <name>_setDBGIER</name>
         <value>0x8145</value>
         <object_component_ref idref="oc-6f"/>
      </symbol>
      <symbol id="sm-18a">
         <name>_DSP28x_DisableInt</name>
         <value>0x8148</value>
         <object_component_ref idref="oc-6f"/>
      </symbol>
      <symbol id="sm-18b">
         <name>_DSP28x_RestoreInt</name>
         <value>0x814c</value>
         <object_component_ref idref="oc-6f"/>
      </symbol>
      <symbol id="sm-18c">
         <name>_DSP28x_usDelay</name>
         <value>0x8374</value>
         <object_component_ref idref="oc-70"/>
      </symbol>
      <symbol id="sm-19c">
         <name>code_start</name>
         <value>0x0</value>
         <object_component_ref idref="oc-33"/>
      </symbol>
      <symbol id="sm-1ab">
         <name>_FLASH_init</name>
         <value>0x8184</value>
         <object_component_ref idref="oc-f7"/>
      </symbol>
      <symbol id="sm-1c8">
         <name>_GPIO_setQualification</name>
         <value>0x3c1</value>
         <object_component_ref idref="oc-108"/>
      </symbol>
      <symbol id="sm-1c9">
         <name>_GPIO_setMode</name>
         <value>0x2db</value>
         <object_component_ref idref="oc-107"/>
      </symbol>
      <symbol id="sm-1ca">
         <name>_GPIO_init</name>
         <value>0x818c</value>
         <object_component_ref idref="oc-f8"/>
      </symbol>
      <symbol id="sm-1cb">
         <name>_GPIO_setPullUp</name>
         <value>0x398</value>
         <object_component_ref idref="oc-106"/>
      </symbol>
      <symbol id="sm-1ef">
         <name>_PIE_enable</name>
         <value>0x8350</value>
         <object_component_ref idref="oc-10a"/>
      </symbol>
      <symbol id="sm-1f0">
         <name>_PIE_disableAllInts</name>
         <value>0x80b0</value>
         <object_component_ref idref="oc-103"/>
      </symbol>
      <symbol id="sm-1f1">
         <name>_PIE_disable</name>
         <value>0x834d</value>
         <object_component_ref idref="oc-102"/>
      </symbol>
      <symbol id="sm-1f2">
         <name>_PIE_illegalIsr</name>
         <value>0x8294</value>
         <object_component_ref idref="oc-85"/>
      </symbol>
      <symbol id="sm-1f3">
         <name>_PIE_registerPieIntHandler</name>
         <value>0x80d2</value>
         <object_component_ref idref="oc-10b"/>
      </symbol>
      <symbol id="sm-1f4">
         <name>_PIE_init</name>
         <value>0x811d</value>
         <object_component_ref idref="oc-f9"/>
      </symbol>
      <symbol id="sm-1f5">
         <name>_PIE_setDebugIntVectorTable</name>
         <value>0x80c1</value>
         <object_component_ref idref="oc-109"/>
      </symbol>
      <symbol id="sm-1f6">
         <name>_PIE_enableInt</name>
         <value>0x8113</value>
         <object_component_ref idref="oc-10c"/>
      </symbol>
      <symbol id="sm-1f7">
         <name>_PIE_tableDebugInit</name>
         <value>0x600</value>
         <object_component_ref idref="oc-13f"/>
      </symbol>
      <symbol id="sm-212">
         <name>_PLL_getClkStatus</name>
         <value>0x8353</value>
         <object_component_ref idref="oc-13b"/>
      </symbol>
      <symbol id="sm-213">
         <name>_PLL_setDivider</name>
         <value>0x81e0</value>
         <object_component_ref idref="oc-13c"/>
      </symbol>
      <symbol id="sm-214">
         <name>_PLL_init</name>
         <value>0x8194</value>
         <object_component_ref idref="oc-fa"/>
      </symbol>
      <symbol id="sm-215">
         <name>_PLL_getLockStatus</name>
         <value>0x8356</value>
         <object_component_ref idref="oc-13e"/>
      </symbol>
      <symbol id="sm-216">
         <name>_PLL_setup</name>
         <value>0x8054</value>
         <object_component_ref idref="oc-101"/>
      </symbol>
      <symbol id="sm-217">
         <name>_PLL_setMultiplier</name>
         <value>0x81fc</value>
         <object_component_ref idref="oc-13d"/>
      </symbol>
      <symbol id="sm-238">
         <name>_PWM_setPeriod</name>
         <value>0x8370</value>
         <object_component_ref idref="oc-11c"/>
      </symbol>
      <symbol id="sm-239">
         <name>_PWM_setHighSpeedClkDiv</name>
         <value>0x831c</value>
         <object_component_ref idref="oc-120"/>
      </symbol>
      <symbol id="sm-23a">
         <name>_PWM_init</name>
         <value>0x819c</value>
         <object_component_ref idref="oc-fb"/>
      </symbol>
      <symbol id="sm-23b">
         <name>_PWM_setActionQual_Zero_PwmA</name>
         <value>0x81e7</value>
         <object_component_ref idref="oc-122"/>
      </symbol>
      <symbol id="sm-23c">
         <name>_PWM_setPhase</name>
         <value>0x8372</value>
         <object_component_ref idref="oc-11e"/>
      </symbol>
      <symbol id="sm-23d">
         <name>_PWM_disableCounterLoad</name>
         <value>0x8359</value>
         <object_component_ref idref="oc-11d"/>
      </symbol>
      <symbol id="sm-23e">
         <name>_PWM_setActionQual_CntUp_CmpA_PwmA</name>
         <value>0x8161</value>
         <object_component_ref idref="oc-123"/>
      </symbol>
      <symbol id="sm-23f">
         <name>_PWM_setClkDiv</name>
         <value>0x8314</value>
         <object_component_ref idref="oc-121"/>
      </symbol>
      <symbol id="sm-240">
         <name>_PWM_setCounterMode</name>
         <value>0x8318</value>
         <object_component_ref idref="oc-11b"/>
      </symbol>
      <symbol id="sm-241">
         <name>_PWM_setCount</name>
         <value>0x836e</value>
         <object_component_ref idref="oc-11f"/>
      </symbol>
      <symbol id="sm-27d">
         <name>_SCI_enableRxFifoInt</name>
         <value>0x8330</value>
         <object_component_ref idref="oc-136"/>
      </symbol>
      <symbol id="sm-27e">
         <name>_SCI_enableFifoEnh</name>
         <value>0x832c</value>
         <object_component_ref idref="oc-12f"/>
      </symbol>
      <symbol id="sm-27f">
         <name>_SCI_setNumStopBits</name>
         <value>0x8340</value>
         <object_component_ref idref="oc-127"/>
      </symbol>
      <symbol id="sm-280">
         <name>_SCI_putDataBlocking</name>
         <value>0x816a</value>
         <object_component_ref idref="oc-138"/>
      </symbol>
      <symbol id="sm-281">
         <name>_SCI_clearRxFifoInt</name>
         <value>0x8320</value>
         <object_component_ref idref="oc-f1"/>
      </symbol>
      <symbol id="sm-282">
         <name>_SCI_clearRxFifoOvf</name>
         <value>0x8324</value>
         <object_component_ref idref="oc-f0"/>
      </symbol>
      <symbol id="sm-283">
         <name>_SCI_init</name>
         <value>0x81a4</value>
         <object_component_ref idref="oc-fc"/>
      </symbol>
      <symbol id="sm-284">
         <name>_SCI_resetChannels</name>
         <value>0x8127</value>
         <object_component_ref idref="oc-132"/>
      </symbol>
      <symbol id="sm-285">
         <name>_SCI_enableTxInt</name>
         <value>0x836b</value>
         <object_component_ref idref="oc-12b"/>
      </symbol>
      <symbol id="sm-286">
         <name>_SCI_disableParity</name>
         <value>0x835c</value>
         <object_component_ref idref="oc-126"/>
      </symbol>
      <symbol id="sm-287">
         <name>_SCI_setRxFifoIntLevel</name>
         <value>0x81ee</value>
         <object_component_ref idref="oc-135"/>
      </symbol>
      <symbol id="sm-288">
         <name>_SCI_resetTxFifo</name>
         <value>0x813b</value>
         <object_component_ref idref="oc-130"/>
      </symbol>
      <symbol id="sm-289">
         <name>_SCI_resetRxFifo</name>
         <value>0x8131</value>
         <object_component_ref idref="oc-134"/>
      </symbol>
      <symbol id="sm-28a">
         <name>_SCI_getTxFifoStatus</name>
         <value>0x8338</value>
         <object_component_ref idref="oc-137"/>
      </symbol>
      <symbol id="sm-28b">
         <name>_SCI_clearTxFifoInt</name>
         <value>0x8328</value>
         <object_component_ref idref="oc-131"/>
      </symbol>
      <symbol id="sm-28c">
         <name>_SCI_enable</name>
         <value>0x835f</value>
         <object_component_ref idref="oc-12e"/>
      </symbol>
      <symbol id="sm-28d">
         <name>_SCI_setTxFifoIntLevel</name>
         <value>0x81f5</value>
         <object_component_ref idref="oc-133"/>
      </symbol>
      <symbol id="sm-28e">
         <name>_SCI_enableRxInt</name>
         <value>0x8365</value>
         <object_component_ref idref="oc-12c"/>
      </symbol>
      <symbol id="sm-28f">
         <name>_SCI_setBaudRate</name>
         <value>0x8202</value>
         <object_component_ref idref="oc-12d"/>
      </symbol>
      <symbol id="sm-290">
         <name>_SCI_enableRx</name>
         <value>0x8362</value>
         <object_component_ref idref="oc-12a"/>
      </symbol>
      <symbol id="sm-291">
         <name>_SCI_enableTx</name>
         <value>0x8368</value>
         <object_component_ref idref="oc-129"/>
      </symbol>
      <symbol id="sm-292">
         <name>_SCI_setCharLength</name>
         <value>0x833c</value>
         <object_component_ref idref="oc-128"/>
      </symbol>
      <symbol id="sm-293">
         <name>_SCI_getRxFifoStatus</name>
         <value>0x8334</value>
         <object_component_ref idref="oc-ee"/>
      </symbol>
      <symbol id="sm-2a4">
         <name>_WDOG_init</name>
         <value>0x81b4</value>
         <object_component_ref idref="oc-fd"/>
      </symbol>
      <symbol id="sm-2a5">
         <name>_WDOG_disable</name>
         <value>0x81ac</value>
         <object_component_ref idref="oc-fe"/>
      </symbol>
      <symbol id="sm-348">
         <name>_ILLEGAL_ISR</name>
         <value>0x827b</value>
         <object_component_ref idref="oc-a5"/>
      </symbol>
      <symbol id="sm-349">
         <name>_ADCINT4_ISR</name>
         <value>0x8217</value>
         <object_component_ref idref="oc-c9"/>
      </symbol>
      <symbol id="sm-34a">
         <name>_DATALOG_ISR</name>
         <value>0x8235</value>
         <object_component_ref idref="oc-a1"/>
      </symbol>
      <symbol id="sm-34b">
         <name>_SPITXINTA_ISR</name>
         <value>0x82ad</value>
         <object_component_ref idref="oc-c3"/>
      </symbol>
      <symbol id="sm-34c">
         <name>_SPIRXINTA_ISR</name>
         <value>0x82a8</value>
         <object_component_ref idref="oc-c2"/>
      </symbol>
      <symbol id="sm-34d">
         <name>_INT13_ISR</name>
         <value>0x8280</value>
         <object_component_ref idref="oc-9f"/>
      </symbol>
      <symbol id="sm-34e">
         <name>_ADCINT5_ISR</name>
         <value>0x821c</value>
         <object_component_ref idref="oc-ca"/>
      </symbol>
      <symbol id="sm-34f">
         <name>_EPWM4_INT_ISR</name>
         <value>0x8267</value>
         <object_component_ref idref="oc-c0"/>
      </symbol>
      <symbol id="sm-350">
         <name>_USER5_ISR</name>
         <value>0x82da</value>
         <object_component_ref idref="oc-aa"/>
      </symbol>
      <symbol id="sm-351">
         <name>_EMPTY_ISR</name>
         <value>0x823f</value>
         <object_component_ref idref="oc-cf"/>
      </symbol>
      <symbol id="sm-352">
         <name>_EPWM4_TZINT_ISR</name>
         <value>0x826c</value>
         <object_component_ref idref="oc-bc"/>
      </symbol>
      <symbol id="sm-353">
         <name>_EMUINT_ISR</name>
         <value>0x8244</value>
         <object_component_ref idref="oc-a3"/>
      </symbol>
      <symbol id="sm-354">
         <name>_ECAP1_INT_ISR</name>
         <value>0x823a</value>
         <object_component_ref idref="oc-c1"/>
      </symbol>
      <symbol id="sm-355">
         <name>_EPWM1_TZINT_ISR</name>
         <value>0x824e</value>
         <object_component_ref idref="oc-b9"/>
      </symbol>
      <symbol id="sm-356">
         <name>_ADCINT6_ISR</name>
         <value>0x8221</value>
         <object_component_ref idref="oc-cb"/>
      </symbol>
      <symbol id="sm-357">
         <name>_ADCINT8_ISR</name>
         <value>0x822b</value>
         <object_component_ref idref="oc-cd"/>
      </symbol>
      <symbol id="sm-358">
         <name>_USER11_ISR</name>
         <value>0x82bc</value>
         <object_component_ref idref="oc-b0"/>
      </symbol>
      <symbol id="sm-359">
         <name>_EPWM3_TZINT_ISR</name>
         <value>0x8262</value>
         <object_component_ref idref="oc-bb"/>
      </symbol>
      <symbol id="sm-35a">
         <name>_USER4_ISR</name>
         <value>0x82d5</value>
         <object_component_ref idref="oc-a9"/>
      </symbol>
      <symbol id="sm-35b">
         <name>_EPWM2_TZINT_ISR</name>
         <value>0x8258</value>
         <object_component_ref idref="oc-ba"/>
      </symbol>
      <symbol id="sm-35c">
         <name>_EPWM2_INT_ISR</name>
         <value>0x8253</value>
         <object_component_ref idref="oc-be"/>
      </symbol>
      <symbol id="sm-35d">
         <name>_TINT0_ISR</name>
         <value>0x82b2</value>
         <object_component_ref idref="oc-b7"/>
      </symbol>
      <symbol id="sm-35e">
         <name>_WAKEINT_ISR</name>
         <value>0x82f3</value>
         <object_component_ref idref="oc-b8"/>
      </symbol>
      <symbol id="sm-35f">
         <name>_ADCINT7_ISR</name>
         <value>0x8226</value>
         <object_component_ref idref="oc-cc"/>
      </symbol>
      <symbol id="sm-360">
         <name>_ADCINT9_ISR</name>
         <value>0x8230</value>
         <object_component_ref idref="oc-b6"/>
      </symbol>
      <symbol id="sm-361">
         <name>_USER10_ISR</name>
         <value>0x82b7</value>
         <object_component_ref idref="oc-af"/>
      </symbol>
      <symbol id="sm-362">
         <name>_USER7_ISR</name>
         <value>0x82e4</value>
         <object_component_ref idref="oc-ac"/>
      </symbol>
      <symbol id="sm-363">
         <name>_XINT1_ISR</name>
         <value>0x82f8</value>
         <object_component_ref idref="oc-b4"/>
      </symbol>
      <symbol id="sm-364">
         <name>_INT14_ISR</name>
         <value>0x8285</value>
         <object_component_ref idref="oc-a0"/>
      </symbol>
      <symbol id="sm-365">
         <name>_USER6_ISR</name>
         <value>0x82df</value>
         <object_component_ref idref="oc-ab"/>
      </symbol>
      <symbol id="sm-366">
         <name>_ADCINT1_ISR</name>
         <value>0x8208</value>
         <object_component_ref idref="oc-b2"/>
      </symbol>
      <symbol id="sm-367">
         <name>_USER12_ISR</name>
         <value>0x82c1</value>
         <object_component_ref idref="oc-b1"/>
      </symbol>
      <symbol id="sm-368">
         <name>_USER1_ISR</name>
         <value>0x82c6</value>
         <object_component_ref idref="oc-a6"/>
      </symbol>
      <symbol id="sm-369">
         <name>_XINT3_ISR</name>
         <value>0x8302</value>
         <object_component_ref idref="oc-ce"/>
      </symbol>
      <symbol id="sm-36a">
         <name>_NMI_ISR</name>
         <value>0x828a</value>
         <object_component_ref idref="oc-a4"/>
      </symbol>
      <symbol id="sm-36b">
         <name>_ADCINT2_ISR</name>
         <value>0x820d</value>
         <object_component_ref idref="oc-b3"/>
      </symbol>
      <symbol id="sm-36c">
         <name>_PIE_RESERVED</name>
         <value>0x828f</value>
         <object_component_ref idref="oc-d0"/>
      </symbol>
      <symbol id="sm-36d">
         <name>_I2CINT1A_ISR</name>
         <value>0x8271</value>
         <object_component_ref idref="oc-c4"/>
      </symbol>
      <symbol id="sm-36e">
         <name>_XINT2_ISR</name>
         <value>0x82fd</value>
         <object_component_ref idref="oc-b5"/>
      </symbol>
      <symbol id="sm-36f">
         <name>_I2CINT2A_ISR</name>
         <value>0x8276</value>
         <object_component_ref idref="oc-c5"/>
      </symbol>
      <symbol id="sm-370">
         <name>_RTOSINT_ISR</name>
         <value>0x8299</value>
         <object_component_ref idref="oc-a2"/>
      </symbol>
      <symbol id="sm-371">
         <name>_EPWM3_INT_ISR</name>
         <value>0x825d</value>
         <object_component_ref idref="oc-bf"/>
      </symbol>
      <symbol id="sm-372">
         <name>_ADCINT3_ISR</name>
         <value>0x8212</value>
         <object_component_ref idref="oc-c8"/>
      </symbol>
      <symbol id="sm-373">
         <name>_USER9_ISR</name>
         <value>0x82ee</value>
         <object_component_ref idref="oc-ae"/>
      </symbol>
      <symbol id="sm-374">
         <name>_USER3_ISR</name>
         <value>0x82d0</value>
         <object_component_ref idref="oc-a8"/>
      </symbol>
      <symbol id="sm-375">
         <name>_USER8_ISR</name>
         <value>0x82e9</value>
         <object_component_ref idref="oc-ad"/>
      </symbol>
      <symbol id="sm-376">
         <name>_EPWM1_INT_ISR</name>
         <value>0x8249</value>
         <object_component_ref idref="oc-bd"/>
      </symbol>
      <symbol id="sm-377">
         <name>_USER2_ISR</name>
         <value>0x82cb</value>
         <object_component_ref idref="oc-a7"/>
      </symbol>
      <symbol id="sm-378">
         <name>_SCITXINTA_ISR</name>
         <value>0x82a3</value>
         <object_component_ref idref="oc-c7"/>
      </symbol>
      <symbol id="sm-379">
         <name>_SCIRXINTA_ISR</name>
         <value>0x829e</value>
         <object_component_ref idref="oc-c6"/>
      </symbol>
      <symbol id="sm-37a">
         <name>_rsvd_ISR</name>
         <value>0x8307</value>
         <object_component_ref idref="oc-d1"/>
      </symbol>
      <symbol id="sm-393">
         <name>_c_int00</name>
         <value>0x323</value>
         <object_component_ref idref="oc-d6"/>
      </symbol>
      <symbol id="sm-394">
         <name>__stack</name>
         <value>0x400</value>
         <object_component_ref idref="oc-d7"/>
      </symbol>
      <symbol id="sm-3a8">
         <name>C$$EXIT</name>
         <value>0x803b</value>
         <object_component_ref idref="oc-f3"/>
      </symbol>
      <symbol id="sm-3a9">
         <name>_exit</name>
         <value>0x803d</value>
         <object_component_ref idref="oc-f3"/>
      </symbol>
      <symbol id="sm-3aa">
         <name>___TI_cleanup_ptr</name>
         <value>0x768</value>
         <object_component_ref idref="oc-df"/>
      </symbol>
      <symbol id="sm-3ab">
         <name>_abort</name>
         <value>0x803b</value>
         <object_component_ref idref="oc-f3"/>
      </symbol>
      <symbol id="sm-3ac">
         <name>___TI_dtors_ptr</name>
         <value>0x76a</value>
         <object_component_ref idref="oc-df"/>
      </symbol>
      <symbol id="sm-3c1">
         <name>__unlock</name>
         <value>0x76e</value>
         <object_component_ref idref="oc-142"/>
      </symbol>
      <symbol id="sm-3c2">
         <name>__lock</name>
         <value>0x76c</value>
         <object_component_ref idref="oc-139"/>
      </symbol>
      <symbol id="sm-3c3">
         <name>__register_lock</name>
         <value>0x8177</value>
         <object_component_ref idref="oc-140"/>
      </symbol>
      <symbol id="sm-3c4">
         <name>__nop</name>
         <value>0x817b</value>
         <object_component_ref idref="oc-140"/>
      </symbol>
      <symbol id="sm-3c5">
         <name>__register_unlock</name>
         <value>0x8173</value>
         <object_component_ref idref="oc-140"/>
      </symbol>
      <symbol id="sm-3d5">
         <name>__args_main</name>
         <value>0x8022</value>
         <object_component_ref idref="oc-f2"/>
      </symbol>
   </symbol_table>
   <title>Link successful</title>
</link_info>
