******************************************************************************
             TMS320C2000 Linker PC v6.4.6                      
******************************************************************************
>> Linked Tue Jan 12 20:27:10 2016

OUTPUT FILE NAME:   <Example_F2802xSci_FFDLB_int.out>
ENTRY POINT SYMBOL: "code_start"  address: 00000000


MEMORY CONFIGURATION

         name            origin    length      used     unused   attr    fill
----------------------  --------  ---------  --------  --------  ----  --------
PAGE 0:
  BEGIN                 00000000   00000002  00000002  00000000  RWIX
  RAMM0                 00000050   000003b0  000003af  00000001  RWIX
  RAML0                 00008000   00000800  00000378  00000488  RWIX
  IQTABLES              003fe000   00000b50  00000000  00000b50  RWIX
  IQTABLES2             003feb50   0000008c  00000000  0000008c  RWIX
  IQTABLES3             003febdc   000000aa  00000000  000000aa  RWIX
  BOOTROM               003ff27c   00000d44  00000000  00000d44  RWIX
  RESET                 003fffc0   00000002  00000000  00000002  RWIX

PAGE 1:
  BOOT_RSVD             00000002   0000004e  00000000  0000004e  RWIX
  RAMM1                 00000400   00000400  00000371  0000008f  RWIX
  DEV_EMU               00000880   00000105  00000004  00000101  RWIX
  SYS_PWR_CTL           00000985   00000003  00000003  00000000  RWIX
  FLASH_REGS            00000a80   00000060  00000008  00000058  RWIX
  CSM                   00000ae0   00000010  00000010  00000000  RWIX
  ADC_RESULT            00000b00   00000020  00000020  00000000  RWIX
  CPU_TIMER0            00000c00   00000008  00000008  00000000  RWIX
  CPU_TIMER1            00000c08   00000008  00000008  00000000  RWIX
  CPU_TIMER2            00000c10   00000008  00000008  00000000  RWIX
  PIE_CTRL              00000ce0   00000020  0000001a  00000006  RWIX
  PIE_VECT              00000d00   00000100  00000100  00000000  RWIX
  COMP1                 00006400   00000020  00000011  0000000f  RWIX
  COMP2                 00006420   00000020  00000011  0000000f  RWIX
  EPWM1                 00006800   00000040  00000040  00000000  RWIX
  EPWM2                 00006840   00000040  00000040  00000000  RWIX
  EPWM3                 00006880   00000040  00000040  00000000  RWIX
  EPWM4                 000068c0   00000040  00000040  00000000  RWIX
  ECAP1                 00006a00   00000020  00000020  00000000  RWIX
  GPIOCTRL              00006f80   00000040  00000040  00000000  RWIX
  GPIODAT               00006fc0   00000020  00000020  00000000  RWIX
  GPIOINT               00006fe0   00000020  0000000a  00000016  RWIX
  SYSTEM                00007010   00000020  0000001f  00000001  RWIX
  SPIA                  00007040   00000010  00000010  00000000  RWIX
  SCIA                  00007050   00000010  00000010  00000000  RWIX
  NMIINTRUPT            00007060   00000010  00000010  00000000  RWIX
  XINTRUPT              00007070   00000010  00000010  00000000  RWIX
  ADC                   00007100   00000080  00000051  0000002f  RWIX
  I2CA                  00007900   00000040  00000022  0000001e  RWIX
  PARTID                003d7fff   00000001  00000001  00000000  RWIX
  CSM_PWL               003f7ff8   00000008  00000008  00000000  RWIX


SECTION ALLOCATION MAP

 output                                  attributes/
section   page    origin      length       input sections
--------  ----  ----------  ----------   ----------------
codestart 
*          0    00000000    00000002     
                  00000000    00000002     driverlib.lib : f2802xx_codestartbranch.obj (codestart)

.cinit     0    00000050    00000016     
                  00000050    0000000a     rts2800_ml.lib : exit.obj (.cinit)
                  0000005a    00000005                    : _lock.obj (.cinit:__lock)
                  0000005f    00000005                    : _lock.obj (.cinit:__unlock)
                  00000064    00000002     --HOLE-- [fill = 0]

.text.1    0    00000066    00000399     
                  00000066    00000275     FYDP_C2000.obj (.text)
                  000002db    00000048     driverlib.lib : gpio.obj (.text:_GPIO_setMode)
                  00000323    00000044     rts2800_ml.lib : boot.obj (.text)
                  00000367    00000031     FYDP_C2000.obj (.text:retain)
                  00000398    00000029     driverlib.lib : gpio.obj (.text:_GPIO_setPullUp)
                  000003c1    00000027                   : gpio.obj (.text:_GPIO_setQualification)
                  000003e8    00000017                   : adc.obj (.text:_ADC_enableInt)

.text.2    0    00008000    00000374     
                  00008000    00000022     driverlib.lib : adc.obj (.text:_ADC_setIntMode)
                  00008022    00000019     rts2800_ml.lib : args_main.obj (.text)
                  0000803b    00000019                    : exit.obj (.text)
                  00008054    00000015     driverlib.lib : pll.obj (.text:_PLL_setup)
                  00008069    00000012                   : adc.obj (.text:_ADC_setSocChanNumber)
                  0000807b    00000012                   : adc.obj (.text:_ADC_setSocSampleWindow)
                  0000808d    00000012                   : adc.obj (.text:_ADC_setSocTrigSrc)
                  0000809f    00000011                   : adc.obj (.text:_ADC_setVoltRefSrc)
                  000080b0    00000011                   : pie.obj (.text:_PIE_disableAllInts)
                  000080c1    00000011                   : pie.obj (.text:_PIE_setDebugIntVectorTable)
                  000080d2    0000000f                   : pie.obj (.text:_PIE_registerPieIntHandler)
                  000080e1    0000000a                   : adc.obj (.text:_ADC_enable)
                  000080eb    0000000a                   : adc.obj (.text:_ADC_enableBandGap)
                  000080f5    0000000a                   : adc.obj (.text:_ADC_enableRefBuffers)
                  000080ff    0000000a                   : adc.obj (.text:_ADC_init)
                  00008109    0000000a                   : adc.obj (.text:_ADC_powerUp)
                  00008113    0000000a                   : pie.obj (.text:_PIE_enableInt)
                  0000811d    0000000a                   : pie.obj (.text:_PIE_init)
                  00008127    0000000a                   : sci.obj (.text:_SCI_resetChannels)
                  00008131    0000000a                   : sci.obj (.text:_SCI_resetRxFifo)
                  0000813b    0000000a                   : sci.obj (.text:_SCI_resetTxFifo)
                  00008145    0000000a                   : f2802xx_asmfuncs.obj (.text)
                  0000814f    00000009                   : clk.obj (.text:_CLK_enablePwmClock)
                  00008158    00000009                   : clk.obj (.text:_CLK_enableSciaClock)
                  00008161    00000009                   : pwm.obj (.text:_PWM_setActionQual_CntUp_CmpA_PwmA)
                  0000816a    00000009                   : sci.obj (.text:_SCI_putDataBlocking)
                  00008173    00000009     rts2800_ml.lib : _lock.obj (.text)
                  0000817c    00000008     driverlib.lib : clk.obj (.text:_CLK_init)
                  00008184    00000008                   : flash.obj (.text:_FLASH_init)
                  0000818c    00000008                   : gpio.obj (.text:_GPIO_init)
                  00008194    00000008                   : pll.obj (.text:_PLL_init)
                  0000819c    00000008                   : pwm.obj (.text:_PWM_init)
                  000081a4    00000008                   : sci.obj (.text:_SCI_init)
                  000081ac    00000008                   : wdog.obj (.text:_WDOG_disable)
                  000081b4    00000008                   : wdog.obj (.text:_WDOG_init)
                  000081bc    00000008                   : f2802xx_codestartbranch.obj (.text)
                  000081c4    00000007                   : clk.obj (.text:_CLK_disableTbClockSync)
                  000081cb    00000007                   : clk.obj (.text:_CLK_enableAdcClock)
                  000081d2    00000007                   : clk.obj (.text:_CLK_enableTbClockSync)
                  000081d9    00000007                   : clk.obj (.text:_CLK_setOscSrc)
                  000081e0    00000007                   : pll.obj (.text:_PLL_setDivider)
                  000081e7    00000007                   : pwm.obj (.text:_PWM_setActionQual_Zero_PwmA)
                  000081ee    00000007                   : sci.obj (.text:_SCI_setRxFifoIntLevel)
                  000081f5    00000007                   : sci.obj (.text:_SCI_setTxFifoIntLevel)
                  000081fc    00000006                   : pll.obj (.text:_PLL_setMultiplier)
                  00008202    00000006                   : sci.obj (.text:_SCI_setBaudRate)
                  00008208    00000005                   : f2802xx_defaultisr.obj (.text:_ADCINT1_ISR)
                  0000820d    00000005                   : f2802xx_defaultisr.obj (.text:_ADCINT2_ISR)
                  00008212    00000005                   : f2802xx_defaultisr.obj (.text:_ADCINT3_ISR)
                  00008217    00000005                   : f2802xx_defaultisr.obj (.text:_ADCINT4_ISR)
                  0000821c    00000005                   : f2802xx_defaultisr.obj (.text:_ADCINT5_ISR)
                  00008221    00000005                   : f2802xx_defaultisr.obj (.text:_ADCINT6_ISR)
                  00008226    00000005                   : f2802xx_defaultisr.obj (.text:_ADCINT7_ISR)
                  0000822b    00000005                   : f2802xx_defaultisr.obj (.text:_ADCINT8_ISR)
                  00008230    00000005                   : f2802xx_defaultisr.obj (.text:_ADCINT9_ISR)
                  00008235    00000005                   : f2802xx_defaultisr.obj (.text:_DATALOG_ISR)
                  0000823a    00000005                   : f2802xx_defaultisr.obj (.text:_ECAP1_INT_ISR)
                  0000823f    00000005                   : f2802xx_defaultisr.obj (.text:_EMPTY_ISR)
                  00008244    00000005                   : f2802xx_defaultisr.obj (.text:_EMUINT_ISR)
                  00008249    00000005                   : f2802xx_defaultisr.obj (.text:_EPWM1_INT_ISR)
                  0000824e    00000005                   : f2802xx_defaultisr.obj (.text:_EPWM1_TZINT_ISR)
                  00008253    00000005                   : f2802xx_defaultisr.obj (.text:_EPWM2_INT_ISR)
                  00008258    00000005                   : f2802xx_defaultisr.obj (.text:_EPWM2_TZINT_ISR)
                  0000825d    00000005                   : f2802xx_defaultisr.obj (.text:_EPWM3_INT_ISR)
                  00008262    00000005                   : f2802xx_defaultisr.obj (.text:_EPWM3_TZINT_ISR)
                  00008267    00000005                   : f2802xx_defaultisr.obj (.text:_EPWM4_INT_ISR)
                  0000826c    00000005                   : f2802xx_defaultisr.obj (.text:_EPWM4_TZINT_ISR)
                  00008271    00000005                   : f2802xx_defaultisr.obj (.text:_I2CINT1A_ISR)
                  00008276    00000005                   : f2802xx_defaultisr.obj (.text:_I2CINT2A_ISR)
                  0000827b    00000005                   : f2802xx_defaultisr.obj (.text:_ILLEGAL_ISR)
                  00008280    00000005                   : f2802xx_defaultisr.obj (.text:_INT13_ISR)
                  00008285    00000005                   : f2802xx_defaultisr.obj (.text:_INT14_ISR)
                  0000828a    00000005                   : f2802xx_defaultisr.obj (.text:_NMI_ISR)
                  0000828f    00000005                   : f2802xx_defaultisr.obj (.text:_PIE_RESERVED)
                  00008294    00000005                   : pie.obj (.text:_PIE_illegalIsr)
                  00008299    00000005                   : f2802xx_defaultisr.obj (.text:_RTOSINT_ISR)
                  0000829e    00000005                   : f2802xx_defaultisr.obj (.text:_SCIRXINTA_ISR)
                  000082a3    00000005                   : f2802xx_defaultisr.obj (.text:_SCITXINTA_ISR)
                  000082a8    00000005                   : f2802xx_defaultisr.obj (.text:_SPIRXINTA_ISR)
                  000082ad    00000005                   : f2802xx_defaultisr.obj (.text:_SPITXINTA_ISR)
                  000082b2    00000005                   : f2802xx_defaultisr.obj (.text:_TINT0_ISR)
                  000082b7    00000005                   : f2802xx_defaultisr.obj (.text:_USER10_ISR)
                  000082bc    00000005                   : f2802xx_defaultisr.obj (.text:_USER11_ISR)
                  000082c1    00000005                   : f2802xx_defaultisr.obj (.text:_USER12_ISR)
                  000082c6    00000005                   : f2802xx_defaultisr.obj (.text:_USER1_ISR)
                  000082cb    00000005                   : f2802xx_defaultisr.obj (.text:_USER2_ISR)
                  000082d0    00000005                   : f2802xx_defaultisr.obj (.text:_USER3_ISR)
                  000082d5    00000005                   : f2802xx_defaultisr.obj (.text:_USER4_ISR)
                  000082da    00000005                   : f2802xx_defaultisr.obj (.text:_USER5_ISR)
                  000082df    00000005                   : f2802xx_defaultisr.obj (.text:_USER6_ISR)
                  000082e4    00000005                   : f2802xx_defaultisr.obj (.text:_USER7_ISR)
                  000082e9    00000005                   : f2802xx_defaultisr.obj (.text:_USER8_ISR)
                  000082ee    00000005                   : f2802xx_defaultisr.obj (.text:_USER9_ISR)
                  000082f3    00000005                   : f2802xx_defaultisr.obj (.text:_WAKEINT_ISR)
                  000082f8    00000005                   : f2802xx_defaultisr.obj (.text:_XINT1_ISR)
                  000082fd    00000005                   : f2802xx_defaultisr.obj (.text:_XINT2_ISR)
                  00008302    00000005                   : f2802xx_defaultisr.obj (.text:_XINT3_ISR)
                  00008307    00000005                   : f2802xx_defaultisr.obj (.text:_rsvd_ISR)
                  0000830c    00000004                   : cpu.obj (.text:_CPU_enableInt)
                  00008310    00000004                   : cpu.obj (.text:_CPU_init)
                  00008314    00000004                   : pwm.obj (.text:_PWM_setClkDiv)
                  00008318    00000004                   : pwm.obj (.text:_PWM_setCounterMode)
                  0000831c    00000004                   : pwm.obj (.text:_PWM_setHighSpeedClkDiv)
                  00008320    00000004                   : sci.obj (.text:_SCI_clearRxFifoInt)
                  00008324    00000004                   : sci.obj (.text:_SCI_clearRxFifoOvf)
                  00008328    00000004                   : sci.obj (.text:_SCI_clearTxFifoInt)
                  0000832c    00000004                   : sci.obj (.text:_SCI_enableFifoEnh)
                  00008330    00000004                   : sci.obj (.text:_SCI_enableRxFifoInt)
                  00008334    00000004                   : sci.obj (.text:_SCI_getRxFifoStatus)
                  00008338    00000004                   : sci.obj (.text:_SCI_getTxFifoStatus)
                  0000833c    00000004                   : sci.obj (.text:_SCI_setCharLength)
                  00008340    00000004                   : sci.obj (.text:_SCI_setNumStopBits)
                  00008344    00000003                   : cpu.obj (.text:_CPU_clearIntFlags)
                  00008347    00000003                   : cpu.obj (.text:_CPU_disableGlobalInts)
                  0000834a    00000003                   : cpu.obj (.text:_CPU_enableGlobalInts)
                  0000834d    00000003                   : pie.obj (.text:_PIE_disable)
                  00008350    00000003                   : pie.obj (.text:_PIE_enable)
                  00008353    00000003                   : pll.obj (.text:_PLL_getClkStatus)
                  00008356    00000003                   : pll.obj (.text:_PLL_getLockStatus)
                  00008359    00000003                   : pwm.obj (.text:_PWM_disableCounterLoad)
                  0000835c    00000003                   : sci.obj (.text:_SCI_disableParity)
                  0000835f    00000003                   : sci.obj (.text:_SCI_enable)
                  00008362    00000003                   : sci.obj (.text:_SCI_enableRx)
                  00008365    00000003                   : sci.obj (.text:_SCI_enableRxInt)
                  00008368    00000003                   : sci.obj (.text:_SCI_enableTx)
                  0000836b    00000003                   : sci.obj (.text:_SCI_enableTxInt)
                  0000836e    00000002                   : pwm.obj (.text:_PWM_setCount)
                  00008370    00000002                   : pwm.obj (.text:_PWM_setPeriod)
                  00008372    00000002                   : pwm.obj (.text:_PWM_setPhase)

ramfuncs   0    00008374    00000004     
                  00008374    00000004     driverlib.lib : f2802xx_asmfuncs.obj (ramfuncs)

.stack     1    00000400    00000200     UNINITIALIZED
                  00000400    00000200     --HOLE--

.econst    1    00000600    0000015a     
                  00000600    00000100     driverlib.lib : pie.obj (.econst:_PIE_tableDebugInit)
                  00000700    0000005a     FYDP_C2000.obj (.econst:.string)

.ebss      1    0000075a    00000017     UNINITIALIZED
                  0000075a    0000000e     FYDP_C2000.obj (.ebss)
                  00000768    00000004     rts2800_ml.lib : exit.obj (.ebss)
                  0000076c    00000002                    : _lock.obj (.ebss:__lock)
                  0000076e    00000002                    : _lock.obj (.ebss:__unlock)
                  00000770    00000001     driverlib.lib : cpu.obj (.ebss)

DevEmuRegsFile 
*          1    00000880    00000004     UNINITIALIZED
                  00000880    00000004     driverlib.lib : F2802xX_GlobalVariableDefs.obj (DevEmuRegsFile)

SysPwrCtrlRegsFile 
*          1    00000985    00000003     UNINITIALIZED
                  00000985    00000003     driverlib.lib : F2802xX_GlobalVariableDefs.obj (SysPwrCtrlRegsFile)

FlashRegsFile 
*          1    00000a80    00000008     UNINITIALIZED
                  00000a80    00000008     driverlib.lib : F2802xX_GlobalVariableDefs.obj (FlashRegsFile)

CsmRegsFile 
*          1    00000ae0    00000010     UNINITIALIZED
                  00000ae0    00000010     driverlib.lib : F2802xX_GlobalVariableDefs.obj (CsmRegsFile)

AdcResultFile 
*          1    00000b00    00000020     UNINITIALIZED
                  00000b00    00000020     driverlib.lib : F2802xX_GlobalVariableDefs.obj (AdcResultFile)

CpuTimer0RegsFile 
*          1    00000c00    00000008     UNINITIALIZED
                  00000c00    00000008     driverlib.lib : F2802xX_GlobalVariableDefs.obj (CpuTimer0RegsFile)

CpuTimer1RegsFile 
*          1    00000c08    00000008     UNINITIALIZED
                  00000c08    00000008     driverlib.lib : F2802xX_GlobalVariableDefs.obj (CpuTimer1RegsFile)

CpuTimer2RegsFile 
*          1    00000c10    00000008     UNINITIALIZED
                  00000c10    00000008     driverlib.lib : F2802xX_GlobalVariableDefs.obj (CpuTimer2RegsFile)

PieCtrlRegsFile 
*          1    00000ce0    0000001a     UNINITIALIZED
                  00000ce0    0000001a     driverlib.lib : F2802xX_GlobalVariableDefs.obj (PieCtrlRegsFile)

PieVectTableFile 
*          1    00000d00    00000100     UNINITIALIZED
                  00000d00    00000100     driverlib.lib : F2802xX_GlobalVariableDefs.obj (PieVectTableFile)

EmuKeyVar 
*          1    00000d00    00000001     UNINITIALIZED
                  00000d00    00000001     driverlib.lib : F2802xX_GlobalVariableDefs.obj (EmuKeyVar)

EmuBModeVar 
*          1    00000d01    00000001     UNINITIALIZED
                  00000d01    00000001     driverlib.lib : F2802xX_GlobalVariableDefs.obj (EmuBModeVar)

FlashCallbackVar 
*          1    00000d02    00000002     UNINITIALIZED
                  00000d02    00000002     driverlib.lib : F2802xX_GlobalVariableDefs.obj (FlashCallbackVar)

FlashScalingVar 
*          1    00000d04    00000002     UNINITIALIZED
                  00000d04    00000002     driverlib.lib : F2802xX_GlobalVariableDefs.obj (FlashScalingVar)

Comp1RegsFile 
*          1    00006400    00000011     UNINITIALIZED
                  00006400    00000011     driverlib.lib : F2802xX_GlobalVariableDefs.obj (Comp1RegsFile)

Comp2RegsFile 
*          1    00006420    00000011     UNINITIALIZED
                  00006420    00000011     driverlib.lib : F2802xX_GlobalVariableDefs.obj (Comp2RegsFile)

EPwm1RegsFile 
*          1    00006800    00000040     UNINITIALIZED
                  00006800    00000040     driverlib.lib : F2802xX_GlobalVariableDefs.obj (EPwm1RegsFile)

EPwm2RegsFile 
*          1    00006840    00000040     UNINITIALIZED
                  00006840    00000040     driverlib.lib : F2802xX_GlobalVariableDefs.obj (EPwm2RegsFile)

EPwm3RegsFile 
*          1    00006880    00000040     UNINITIALIZED
                  00006880    00000040     driverlib.lib : F2802xX_GlobalVariableDefs.obj (EPwm3RegsFile)

EPwm4RegsFile 
*          1    000068c0    00000040     UNINITIALIZED
                  000068c0    00000040     driverlib.lib : F2802xX_GlobalVariableDefs.obj (EPwm4RegsFile)

ECap1RegsFile 
*          1    00006a00    00000020     UNINITIALIZED
                  00006a00    00000020     driverlib.lib : F2802xX_GlobalVariableDefs.obj (ECap1RegsFile)

GpioCtrlRegsFile 
*          1    00006f80    00000040     UNINITIALIZED
                  00006f80    00000040     driverlib.lib : F2802xX_GlobalVariableDefs.obj (GpioCtrlRegsFile)

GpioDataRegsFile 
*          1    00006fc0    00000020     UNINITIALIZED
                  00006fc0    00000020     driverlib.lib : F2802xX_GlobalVariableDefs.obj (GpioDataRegsFile)

GpioIntRegsFile 
*          1    00006fe0    0000000a     UNINITIALIZED
                  00006fe0    0000000a     driverlib.lib : F2802xX_GlobalVariableDefs.obj (GpioIntRegsFile)

SysCtrlRegsFile 
*          1    00007010    0000001f     UNINITIALIZED
                  00007010    0000001f     driverlib.lib : F2802xX_GlobalVariableDefs.obj (SysCtrlRegsFile)

SpiaRegsFile 
*          1    00007040    00000010     UNINITIALIZED
                  00007040    00000010     driverlib.lib : F2802xX_GlobalVariableDefs.obj (SpiaRegsFile)

SciaRegsFile 
*          1    00007050    00000010     UNINITIALIZED
                  00007050    00000010     driverlib.lib : F2802xX_GlobalVariableDefs.obj (SciaRegsFile)

NmiIntruptRegsFile 
*          1    00007060    00000010     UNINITIALIZED
                  00007060    00000010     driverlib.lib : F2802xX_GlobalVariableDefs.obj (NmiIntruptRegsFile)

XIntruptRegsFile 
*          1    00007070    00000010     UNINITIALIZED
                  00007070    00000010     driverlib.lib : F2802xX_GlobalVariableDefs.obj (XIntruptRegsFile)

AdcRegsFile 
*          1    00007100    00000051     UNINITIALIZED
                  00007100    00000051     driverlib.lib : F2802xX_GlobalVariableDefs.obj (AdcRegsFile)

I2caRegsFile 
*          1    00007900    00000022     UNINITIALIZED
                  00007900    00000022     driverlib.lib : F2802xX_GlobalVariableDefs.obj (I2caRegsFile)

PartIdRegsFile 
*          1    003d7fff    00000001     UNINITIALIZED
                  003d7fff    00000001     driverlib.lib : F2802xX_GlobalVariableDefs.obj (PartIdRegsFile)

CsmPwlFile 
*          1    003f7ff8    00000008     UNINITIALIZED
                  003f7ff8    00000008     driverlib.lib : F2802xX_GlobalVariableDefs.obj (CsmPwlFile)

.pinit     0    00000050    00000000     UNINITIALIZED

.reset     0    003fffc0    00000002     DSECT
                  003fffc0    00000002     rts2800_ml.lib : boot.obj (.reset)


GLOBAL DATA SYMBOLS: SORTED BY DATA PAGE

address     data page           name
--------    ----------------    ----
00000400      10 (00000400)     __stack

00000600      18 (00000600)     _PIE_tableDebugInit

0000075a      1d (00000740)     _myClk
0000075c      1d (00000740)     _myPwm1
0000075e      1d (00000740)     _myGpio
00000760      1d (00000740)     _myPie
00000762      1d (00000740)     _mySci
00000764      1d (00000740)     _myFlash
00000766      1d (00000740)     _myAdc
00000768      1d (00000740)     ___TI_cleanup_ptr
0000076a      1d (00000740)     ___TI_dtors_ptr
0000076c      1d (00000740)     __lock
0000076e      1d (00000740)     __unlock
00000770      1d (00000740)     _cpu

00000880      22 (00000880)     _DevEmuRegs

00000985      26 (00000980)     _SysPwrCtrlRegs

00000a80      2a (00000a80)     _FlashRegs

00000ae0      2b (00000ac0)     _CsmRegs

00000b00      2c (00000b00)     _AdcResult

00000c00      30 (00000c00)     _CpuTimer0Regs
00000c08      30 (00000c00)     _CpuTimer1Regs
00000c10      30 (00000c00)     _CpuTimer2Regs

00000ce0      33 (00000cc0)     _PieCtrlRegs

00000d00      34 (00000d00)     _EmuKey
00000d00      34 (00000d00)     _PieVectTable
00000d01      34 (00000d00)     _EmuBMode
00000d02      34 (00000d00)     _Flash_CallbackPtr
00000d04      34 (00000d00)     _Flash_CPUScaleFactor

00006400     190 (00006400)     _Comp1Regs
00006420     190 (00006400)     _Comp2Regs

00006800     1a0 (00006800)     _EPwm1Regs

00006840     1a1 (00006840)     _EPwm2Regs

00006880     1a2 (00006880)     _EPwm3Regs

000068c0     1a3 (000068c0)     _EPwm4Regs

00006a00     1a8 (00006a00)     _ECap1Regs

00006f80     1be (00006f80)     _GpioCtrlRegs

00006fc0     1bf (00006fc0)     _GpioDataRegs
00006fe0     1bf (00006fc0)     _GpioIntRegs

00007010     1c0 (00007000)     _SysCtrlRegs

00007040     1c1 (00007040)     _SpiaRegs
00007050     1c1 (00007040)     _SciaRegs
00007060     1c1 (00007040)     _NmiIntruptRegs
00007070     1c1 (00007040)     _XIntruptRegs

00007100     1c4 (00007100)     _AdcRegs

00007900     1e4 (00007900)     _I2caRegs

003d7fff    f5ff (003d7fc0)     _PartIdRegs

003f7ff8    fdff (003f7fc0)     _CsmPwl


GLOBAL SYMBOLS: SORTED ALPHABETICALLY BY Name 

page  address   name                              
----  -------   ----                              
abs   ffffffff  .text                             
0     0000803b  C$$EXIT                           
0     00008208  _ADCINT1_ISR                      
0     0000820d  _ADCINT2_ISR                      
0     00008212  _ADCINT3_ISR                      
0     00008217  _ADCINT4_ISR                      
0     0000821c  _ADCINT5_ISR                      
0     00008221  _ADCINT6_ISR                      
0     00008226  _ADCINT7_ISR                      
0     0000822b  _ADCINT8_ISR                      
0     00008230  _ADCINT9_ISR                      
0     000080e1  _ADC_enable                       
0     000080eb  _ADC_enableBandGap                
0     000003e8  _ADC_enableInt                    
0     000080f5  _ADC_enableRefBuffers             
0     000080ff  _ADC_init                         
0     00008109  _ADC_powerUp                      
0     00008000  _ADC_setIntMode                   
0     00008069  _ADC_setSocChanNumber             
0     0000807b  _ADC_setSocSampleWindow           
0     0000808d  _ADC_setSocTrigSrc                
0     0000809f  _ADC_setVoltRefSrc                
1     00007100  _AdcRegs                          
1     00000b00  _AdcResult                        
0     000081c4  _CLK_disableTbClockSync           
0     000081cb  _CLK_enableAdcClock               
0     0000814f  _CLK_enablePwmClock               
0     00008158  _CLK_enableSciaClock              
0     000081d2  _CLK_enableTbClockSync            
0     0000817c  _CLK_init                         
0     000081d9  _CLK_setOscSrc                    
0     00008344  _CPU_clearIntFlags                
0     00008347  _CPU_disableGlobalInts            
0     0000834a  _CPU_enableGlobalInts             
0     0000830c  _CPU_enableInt                    
0     00008310  _CPU_init                         
1     00006400  _Comp1Regs                        
1     00006420  _Comp2Regs                        
1     00000c00  _CpuTimer0Regs                    
1     00000c08  _CpuTimer1Regs                    
1     00000c10  _CpuTimer2Regs                    
1     003f7ff8  _CsmPwl                           
1     00000ae0  _CsmRegs                          
0     00008235  _DATALOG_ISR                      
0     00008148  _DSP28x_DisableInt                
0     0000814c  _DSP28x_RestoreInt                
0     00008374  _DSP28x_usDelay                   
1     00000880  _DevEmuRegs                       
0     0000823a  _ECAP1_INT_ISR                    
1     00006a00  _ECap1Regs                        
0     0000823f  _EMPTY_ISR                        
0     00008244  _EMUINT_ISR                       
0     00008249  _EPWM1_INT_ISR                    
0     0000824e  _EPWM1_TZINT_ISR                  
0     00008253  _EPWM2_INT_ISR                    
0     00008258  _EPWM2_TZINT_ISR                  
0     0000825d  _EPWM3_INT_ISR                    
0     00008262  _EPWM3_TZINT_ISR                  
0     00008267  _EPWM4_INT_ISR                    
0     0000826c  _EPWM4_TZINT_ISR                  
1     00006800  _EPwm1Regs                        
1     00006840  _EPwm2Regs                        
1     00006880  _EPwm3Regs                        
1     000068c0  _EPwm4Regs                        
1     00000d01  _EmuBMode                         
1     00000d00  _EmuKey                           
0     00008184  _FLASH_init                       
1     00000a80  _FlashRegs                        
1     00000d04  _Flash_CPUScaleFactor             
1     00000d02  _Flash_CallbackPtr                
0     0000818c  _GPIO_init                        
0     000002db  _GPIO_setMode                     
0     00000398  _GPIO_setPullUp                   
0     000003c1  _GPIO_setQualification            
1     00006f80  _GpioCtrlRegs                     
1     00006fc0  _GpioDataRegs                     
1     00006fe0  _GpioIntRegs                      
0     00008271  _I2CINT1A_ISR                     
0     00008276  _I2CINT2A_ISR                     
1     00007900  _I2caRegs                         
0     0000827b  _ILLEGAL_ISR                      
0     00008280  _INT13_ISR                        
0     00008285  _INT14_ISR                        
0     0000828a  _NMI_ISR                          
1     00007060  _NmiIntruptRegs                   
0     0000828f  _PIE_RESERVED                     
0     0000834d  _PIE_disable                      
0     000080b0  _PIE_disableAllInts               
0     00008350  _PIE_enable                       
0     00008113  _PIE_enableInt                    
0     00008294  _PIE_illegalIsr                   
0     0000811d  _PIE_init                         
0     000080d2  _PIE_registerPieIntHandler        
0     000080c1  _PIE_setDebugIntVectorTable       
1     00000600  _PIE_tableDebugInit               
0     00008353  _PLL_getClkStatus                 
0     00008356  _PLL_getLockStatus                
0     00008194  _PLL_init                         
0     000081e0  _PLL_setDivider                   
0     000081fc  _PLL_setMultiplier                
0     00008054  _PLL_setup                        
0     00008359  _PWM_disableCounterLoad           
0     0000819c  _PWM_init                         
0     00008161  _PWM_setActionQual_CntUp_CmpA_PwmA
0     000081e7  _PWM_setActionQual_Zero_PwmA      
0     00008314  _PWM_setClkDiv                    
0     0000836e  _PWM_setCount                     
0     00008318  _PWM_setCounterMode               
0     0000831c  _PWM_setHighSpeedClkDiv           
0     00008370  _PWM_setPeriod                    
0     00008372  _PWM_setPhase                     
1     003d7fff  _PartIdRegs                       
1     00000ce0  _PieCtrlRegs                      
1     00000d00  _PieVectTable                     
0     00008299  _RTOSINT_ISR                      
0     0000829e  _SCIRXINTA_ISR                    
0     000082a3  _SCITXINTA_ISR                    
0     00008320  _SCI_clearRxFifoInt               
0     00008324  _SCI_clearRxFifoOvf               
0     00008328  _SCI_clearTxFifoInt               
0     0000835c  _SCI_disableParity                
0     0000835f  _SCI_enable                       
0     0000832c  _SCI_enableFifoEnh                
0     00008362  _SCI_enableRx                     
0     00008330  _SCI_enableRxFifoInt              
0     00008365  _SCI_enableRxInt                  
0     00008368  _SCI_enableTx                     
0     0000836b  _SCI_enableTxInt                  
0     00008334  _SCI_getRxFifoStatus              
0     00008338  _SCI_getTxFifoStatus              
0     000081a4  _SCI_init                         
0     0000816a  _SCI_putDataBlocking              
0     00008127  _SCI_resetChannels                
0     00008131  _SCI_resetRxFifo                  
0     0000813b  _SCI_resetTxFifo                  
0     00008202  _SCI_setBaudRate                  
0     0000833c  _SCI_setCharLength                
0     00008340  _SCI_setNumStopBits               
0     000081ee  _SCI_setRxFifoIntLevel            
0     000081f5  _SCI_setTxFifoIntLevel            
0     000082a8  _SPIRXINTA_ISR                    
0     000082ad  _SPITXINTA_ISR                    
1     00007050  _SciaRegs                         
1     00007040  _SpiaRegs                         
1     00007010  _SysCtrlRegs                      
1     00000985  _SysPwrCtrlRegs                   
0     000082b2  _TINT0_ISR                        
0     000082b7  _USER10_ISR                       
0     000082bc  _USER11_ISR                       
0     000082c1  _USER12_ISR                       
0     000082c6  _USER1_ISR                        
0     000082cb  _USER2_ISR                        
0     000082d0  _USER3_ISR                        
0     000082d5  _USER4_ISR                        
0     000082da  _USER5_ISR                        
0     000082df  _USER6_ISR                        
0     000082e4  _USER7_ISR                        
0     000082e9  _USER8_ISR                        
0     000082ee  _USER9_ISR                        
0     000082f3  _WAKEINT_ISR                      
0     000081ac  _WDOG_disable                     
0     000081b4  _WDOG_init                        
0     000082f8  _XINT1_ISR                        
0     000082fd  _XINT2_ISR                        
0     00008302  _XINT3_ISR                        
1     00007070  _XIntruptRegs                     
1     00000600  __STACK_END                       
abs   00000200  __STACK_SIZE                      
1     00000768  ___TI_cleanup_ptr                 
1     0000076a  ___TI_dtors_ptr                   
abs   ffffffff  ___binit__                        
abs   ffffffff  ___c_args__                       
0     00000050  ___cinit__                        
abs   ffffffff  ___etext__                        
abs   ffffffff  ___pinit__                        
abs   ffffffff  ___text__                         
0     00008022  __args_main                       
1     0000076c  __lock                            
0     0000817b  __nop                             
0     00008177  __register_lock                   
0     00008173  __register_unlock                 
1     00000400  __stack                           
1     0000076e  __unlock                          
0     0000803b  _abort                            
0     000001c6  _adc_init                         
0     00000323  _c_int00                          
1     00000770  _cpu                              
0     0000803d  _exit                             
0     000000c3  _main                             
1     00000766  _myAdc                            
1     0000075a  _myClk                            
1     00000764  _myFlash                          
1     0000075e  _myGpio                           
1     00000760  _myPie                            
1     0000075c  _myPwm1                           
1     00000762  _mySci                            
0     00000204  _pwm_init                         
0     00008307  _rsvd_ISR                         
0     00000367  _sciaRxFifoIsr                    
0     00000287  _scia_fifo_init                   
0     00000251  _scia_init                        
0     000002c8  _scia_msg                         
0     000002b7  _scia_xmit                        
0     00008145  _setDBGIER                        
abs   ffffffff  binit                             
0     00000050  cinit                             
0     00000000  code_start                        
abs   ffffffff  etext                             
abs   ffffffff  pinit                             


GLOBAL SYMBOLS: SORTED BY Symbol Address 

page  address   name                              
----  -------   ----                              
0     00000000  code_start                        
0     00000050  ___cinit__                        
0     00000050  cinit                             
0     000000c3  _main                             
0     000001c6  _adc_init                         
0     00000204  _pwm_init                         
0     00000251  _scia_init                        
0     00000287  _scia_fifo_init                   
0     000002b7  _scia_xmit                        
0     000002c8  _scia_msg                         
0     000002db  _GPIO_setMode                     
0     00000323  _c_int00                          
0     00000367  _sciaRxFifoIsr                    
0     00000398  _GPIO_setPullUp                   
0     000003c1  _GPIO_setQualification            
0     000003e8  _ADC_enableInt                    
0     00008000  _ADC_setIntMode                   
0     00008022  __args_main                       
0     0000803b  C$$EXIT                           
0     0000803b  _abort                            
0     0000803d  _exit                             
0     00008054  _PLL_setup                        
0     00008069  _ADC_setSocChanNumber             
0     0000807b  _ADC_setSocSampleWindow           
0     0000808d  _ADC_setSocTrigSrc                
0     0000809f  _ADC_setVoltRefSrc                
0     000080b0  _PIE_disableAllInts               
0     000080c1  _PIE_setDebugIntVectorTable       
0     000080d2  _PIE_registerPieIntHandler        
0     000080e1  _ADC_enable                       
0     000080eb  _ADC_enableBandGap                
0     000080f5  _ADC_enableRefBuffers             
0     000080ff  _ADC_init                         
0     00008109  _ADC_powerUp                      
0     00008113  _PIE_enableInt                    
0     0000811d  _PIE_init                         
0     00008127  _SCI_resetChannels                
0     00008131  _SCI_resetRxFifo                  
0     0000813b  _SCI_resetTxFifo                  
0     00008145  _setDBGIER                        
0     00008148  _DSP28x_DisableInt                
0     0000814c  _DSP28x_RestoreInt                
0     0000814f  _CLK_enablePwmClock               
0     00008158  _CLK_enableSciaClock              
0     00008161  _PWM_setActionQual_CntUp_CmpA_PwmA
0     0000816a  _SCI_putDataBlocking              
0     00008173  __register_unlock                 
0     00008177  __register_lock                   
0     0000817b  __nop                             
0     0000817c  _CLK_init                         
0     00008184  _FLASH_init                       
0     0000818c  _GPIO_init                        
0     00008194  _PLL_init                         
0     0000819c  _PWM_init                         
0     000081a4  _SCI_init                         
0     000081ac  _WDOG_disable                     
0     000081b4  _WDOG_init                        
0     000081c4  _CLK_disableTbClockSync           
0     000081cb  _CLK_enableAdcClock               
0     000081d2  _CLK_enableTbClockSync            
0     000081d9  _CLK_setOscSrc                    
0     000081e0  _PLL_setDivider                   
0     000081e7  _PWM_setActionQual_Zero_PwmA      
0     000081ee  _SCI_setRxFifoIntLevel            
0     000081f5  _SCI_setTxFifoIntLevel            
0     000081fc  _PLL_setMultiplier                
0     00008202  _SCI_setBaudRate                  
0     00008208  _ADCINT1_ISR                      
0     0000820d  _ADCINT2_ISR                      
0     00008212  _ADCINT3_ISR                      
0     00008217  _ADCINT4_ISR                      
0     0000821c  _ADCINT5_ISR                      
0     00008221  _ADCINT6_ISR                      
0     00008226  _ADCINT7_ISR                      
0     0000822b  _ADCINT8_ISR                      
0     00008230  _ADCINT9_ISR                      
0     00008235  _DATALOG_ISR                      
0     0000823a  _ECAP1_INT_ISR                    
0     0000823f  _EMPTY_ISR                        
0     00008244  _EMUINT_ISR                       
0     00008249  _EPWM1_INT_ISR                    
0     0000824e  _EPWM1_TZINT_ISR                  
0     00008253  _EPWM2_INT_ISR                    
0     00008258  _EPWM2_TZINT_ISR                  
0     0000825d  _EPWM3_INT_ISR                    
0     00008262  _EPWM3_TZINT_ISR                  
0     00008267  _EPWM4_INT_ISR                    
0     0000826c  _EPWM4_TZINT_ISR                  
0     00008271  _I2CINT1A_ISR                     
0     00008276  _I2CINT2A_ISR                     
0     0000827b  _ILLEGAL_ISR                      
0     00008280  _INT13_ISR                        
0     00008285  _INT14_ISR                        
0     0000828a  _NMI_ISR                          
0     0000828f  _PIE_RESERVED                     
0     00008294  _PIE_illegalIsr                   
0     00008299  _RTOSINT_ISR                      
0     0000829e  _SCIRXINTA_ISR                    
0     000082a3  _SCITXINTA_ISR                    
0     000082a8  _SPIRXINTA_ISR                    
0     000082ad  _SPITXINTA_ISR                    
0     000082b2  _TINT0_ISR                        
0     000082b7  _USER10_ISR                       
0     000082bc  _USER11_ISR                       
0     000082c1  _USER12_ISR                       
0     000082c6  _USER1_ISR                        
0     000082cb  _USER2_ISR                        
0     000082d0  _USER3_ISR                        
0     000082d5  _USER4_ISR                        
0     000082da  _USER5_ISR                        
0     000082df  _USER6_ISR                        
0     000082e4  _USER7_ISR                        
0     000082e9  _USER8_ISR                        
0     000082ee  _USER9_ISR                        
0     000082f3  _WAKEINT_ISR                      
0     000082f8  _XINT1_ISR                        
0     000082fd  _XINT2_ISR                        
0     00008302  _XINT3_ISR                        
0     00008307  _rsvd_ISR                         
0     0000830c  _CPU_enableInt                    
0     00008310  _CPU_init                         
0     00008314  _PWM_setClkDiv                    
0     00008318  _PWM_setCounterMode               
0     0000831c  _PWM_setHighSpeedClkDiv           
0     00008320  _SCI_clearRxFifoInt               
0     00008324  _SCI_clearRxFifoOvf               
0     00008328  _SCI_clearTxFifoInt               
0     0000832c  _SCI_enableFifoEnh                
0     00008330  _SCI_enableRxFifoInt              
0     00008334  _SCI_getRxFifoStatus              
0     00008338  _SCI_getTxFifoStatus              
0     0000833c  _SCI_setCharLength                
0     00008340  _SCI_setNumStopBits               
0     00008344  _CPU_clearIntFlags                
0     00008347  _CPU_disableGlobalInts            
0     0000834a  _CPU_enableGlobalInts             
0     0000834d  _PIE_disable                      
0     00008350  _PIE_enable                       
0     00008353  _PLL_getClkStatus                 
0     00008356  _PLL_getLockStatus                
0     00008359  _PWM_disableCounterLoad           
0     0000835c  _SCI_disableParity                
0     0000835f  _SCI_enable                       
0     00008362  _SCI_enableRx                     
0     00008365  _SCI_enableRxInt                  
0     00008368  _SCI_enableTx                     
0     0000836b  _SCI_enableTxInt                  
0     0000836e  _PWM_setCount                     
0     00008370  _PWM_setPeriod                    
0     00008372  _PWM_setPhase                     
0     00008374  _DSP28x_usDelay                   
1     00000400  __stack                           
1     00000600  _PIE_tableDebugInit               
1     00000600  __STACK_END                       
1     0000075a  _myClk                            
1     0000075c  _myPwm1                           
1     0000075e  _myGpio                           
1     00000760  _myPie                            
1     00000762  _mySci                            
1     00000764  _myFlash                          
1     00000766  _myAdc                            
1     00000768  ___TI_cleanup_ptr                 
1     0000076a  ___TI_dtors_ptr                   
1     0000076c  __lock                            
1     0000076e  __unlock                          
1     00000770  _cpu                              
1     00000880  _DevEmuRegs                       
1     00000985  _SysPwrCtrlRegs                   
1     00000a80  _FlashRegs                        
1     00000ae0  _CsmRegs                          
1     00000b00  _AdcResult                        
1     00000c00  _CpuTimer0Regs                    
1     00000c08  _CpuTimer1Regs                    
1     00000c10  _CpuTimer2Regs                    
1     00000ce0  _PieCtrlRegs                      
1     00000d00  _EmuKey                           
1     00000d00  _PieVectTable                     
1     00000d01  _EmuBMode                         
1     00000d02  _Flash_CallbackPtr                
1     00000d04  _Flash_CPUScaleFactor             
1     00006400  _Comp1Regs                        
1     00006420  _Comp2Regs                        
1     00006800  _EPwm1Regs                        
1     00006840  _EPwm2Regs                        
1     00006880  _EPwm3Regs                        
1     000068c0  _EPwm4Regs                        
1     00006a00  _ECap1Regs                        
1     00006f80  _GpioCtrlRegs                     
1     00006fc0  _GpioDataRegs                     
1     00006fe0  _GpioIntRegs                      
1     00007010  _SysCtrlRegs                      
1     00007040  _SpiaRegs                         
1     00007050  _SciaRegs                         
1     00007060  _NmiIntruptRegs                   
1     00007070  _XIntruptRegs                     
1     00007100  _AdcRegs                          
1     00007900  _I2caRegs                         
1     003d7fff  _PartIdRegs                       
1     003f7ff8  _CsmPwl                           
abs   00000200  __STACK_SIZE                      
abs   ffffffff  .text                             
abs   ffffffff  ___binit__                        
abs   ffffffff  ___c_args__                       
abs   ffffffff  ___etext__                        
abs   ffffffff  ___pinit__                        
abs   ffffffff  ___text__                         
abs   ffffffff  binit                             
abs   ffffffff  etext                             
abs   ffffffff  pinit                             

[209 symbols]
